<html>
<body>
<pre>
<h1>µVision Build Log</h1>
<h2>Project:</h2>
Z:\Dropbox\EE445M_SR\Lab6_test\Lab2.uvproj
Project File Date:  04/01/2013

<h2>Output:</h2>
Rebuild target 'OLED'
assembling Startup.s...
compiling Output.c...
compiling rit128x96x4.c...
compiling OS_Critical.c...
compiling shell.c...
compiling UART.c...
assembling osasm.s...
compiling OS_Buttons.c...
compiling OS_DataStructures.c...
compiling OS_Threads.c...
compiling OS_Time.c...
compiling OS.c...
compiling ADC.c...
compiling sqrt.c...
compiling edisk.c...
compiling eFile.c...
compiling Retarget.c...
compiling Lab2Main.c...
compiling MAC.c...
linking...
OLED.axf: Error: L6218E: Undefined symbol PID_stm32 (referred from lab2main.o).
OLED.axf: Error: L6218E: Undefined symbol cr4_fft_64_stm32 (referred from lab2main.o).
Target not created
Rebuild target 'OLED'
assembling Startup.s...
compiling Output.c...
compiling rit128x96x4.c...
compiling OS_Critical.c...
compiling shell.c...
compiling UART.c...
assembling osasm.s...
compiling OS_Buttons.c...
compiling OS_DataStructures.c...
compiling OS_Threads.c...
compiling OS_Time.c...
compiling OS.c...
compiling ADC.c...
compiling sqrt.c...
compiling edisk.c...
compiling eFile.c...
compiling Retarget.c...
compiling Lab2Main.c...
compiling MAC.c...
assembling cr4_fft_64_stm32.s...
assembling PID_stm32.s...
linking...
Program Size: Code=25792 RO-data=1408 RW-data=780 ZI-data=26252  
"OLED.axf" - 0 Error(s), 0 Warning(s).
