<html>
<body>
<pre>
<h1>µVision Build Log</h1>
<h2>Project:</h2>
Z:\Dropbox\EE445M\Lab5_prep\Lab2.uvproj
Project File Date:  03/20/2013

<h2>Output:</h2>
Rebuild target 'OLED'
assembling Startup.s...
compiling Output.c...
compiling rit128x96x4.c...
compiling OS_Critical.c...
compiling shell.c...
compiling UART.c...
assembling osasm.s...
assembling PID_stm32.s...
assembling cr4_fft_64_stm32.s...
compiling OS_Buttons.c...
compiling OS_DataStructures.c...
compiling OS_Threads.c...
OS_Threads.c(159): warning:  #177-D: variable "head" was declared but never referenced
compiling OS_Time.c...
compiling OS.c...
compiling Lab4Main.c...
compiling Lab2Main.c...
compiling ADC.c...
linking...
Program Size: Code=13026 RO-data=1478 RW-data=228 ZI-data=24348  
"OLED.axf" - 0 Error(s), 1 Warning(s).
Load "Z:\\Dropbox\\EE445M\\Lab5_prep\\OLED.AXF" 
Connecting: Mode=JTAG, Speed=1000000Hz
Erase Done.
Programming Done.
Verify OK.
Rebuild target 'OLED'
assembling Startup.s...
compiling Output.c...
compiling rit128x96x4.c...
compiling OS_Critical.c...
compiling shell.c...
compiling UART.c...
assembling osasm.s...
assembling PID_stm32.s...
assembling cr4_fft_64_stm32.s...
compiling OS_Buttons.c...
compiling OS_DataStructures.c...
compiling OS_Threads.c...
OS_Threads.c(159): warning:  #177-D: variable "head" was declared but never referenced
compiling OS_Time.c...
compiling OS.c...
compiling Lab4Main.c...
compiling Lab2Main.c...
compiling ADC.c...
compiling sqrt.c...
linking...
Program Size: Code=12556 RO-data=1476 RW-data=224 ZI-data=24344  
"OLED.axf" - 0 Error(s), 1 Warning(s).
Load "Z:\\Dropbox\\EE445M\\Lab5_prep\\OLED.AXF" 
Connecting: Mode=JTAG, Speed=1000000Hz
Erase Done.
Programming Done.
Verify OK.
Rebuild target 'OLED'
assembling Startup.s...
compiling Output.c...
compiling rit128x96x4.c...
compiling OS_Critical.c...
compiling shell.c...
compiling UART.c...
assembling osasm.s...
assembling PID_stm32.s...
assembling cr4_fft_64_stm32.s...
compiling OS_Buttons.c...
compiling OS_DataStructures.c...
compiling OS_Threads.c...
OS_Threads.c(159): warning:  #177-D: variable "head" was declared but never referenced
compiling OS_Time.c...
compiling OS.c...
compiling Lab4Main.c...
compiling Lab2Main.c...
compiling ADC.c...
compiling sqrt.c...
compiling edisk.c...
edisk.h(11): error:  #5: cannot open source input file "integer.h": No such file or directory
compiling Lab5.c...
Lab5.c(12): error:  #5: cannot open source input file "serial.h": No such file or directory
Target not created
compiling Lab5.c...
Lab5.c(12): error:  #5: cannot open source input file "serial.h": No such file or directory
Lab5.c - 1 Error(s), 0 Warning(s).
Rebuild target 'OLED'
assembling Startup.s...
compiling Output.c...
compiling rit128x96x4.c...
compiling OS_Critical.c...
compiling shell.c...
compiling UART.c...
assembling osasm.s...
assembling PID_stm32.s...
assembling cr4_fft_64_stm32.s...
compiling OS_Buttons.c...
compiling OS_DataStructures.c...
compiling OS_Threads.c...
OS_Threads.c(159): warning:  #177-D: variable "head" was declared but never referenced
compiling OS_Time.c...
compiling OS.c...
compiling Lab4Main.c...
compiling Lab2Main.c...
compiling ADC.c...
compiling sqrt.c...
compiling edisk.c...
compiling Lab5.c...
Lab5.c(12): error:  #5: cannot open source input file "serial.h": No such file or directory
compiling eFile.c...
eFile.c(1): warning:  #1-D: last line of file ends without a newline
Target not created
Rebuild target 'OLED'
assembling Startup.s...
compiling Output.c...
compiling rit128x96x4.c...
compiling OS_Critical.c...
compiling shell.c...
compiling UART.c...
assembling osasm.s...
assembling PID_stm32.s...
assembling cr4_fft_64_stm32.s...
compiling OS_Buttons.c...
compiling OS_DataStructures.c...
compiling OS_Threads.c...
OS_Threads.c(159): warning:  #177-D: variable "head" was declared but never referenced
compiling OS_Time.c...
compiling OS.c...
compiling Lab4Main.c...
compiling Lab2Main.c...
compiling ADC.c...
compiling sqrt.c...
compiling edisk.c...
compiling Lab5.c...
Lab5.c(12): error:  #5: cannot open source input file "serial.h": No such file or directory
compiling eFile.c...
eFile.c(42): warning:  #940-D: missing return statement at end of non-void function "eFile_WOpen"
eFile.c(50): warning:  #940-D: missing return statement at end of non-void function "eFile_Write"
eFile.c(58): warning:  #940-D: missing return statement at end of non-void function "eFile_Close"
eFile.c(67): warning:  #940-D: missing return statement at end of non-void function "eFile_WClose"
eFile.c(75): warning:  #940-D: missing return statement at end of non-void function "eFile_ROpen"
eFile.c(84): warning:  #940-D: missing return statement at end of non-void function "eFile_ReadNext"
eFile.c(92): warning:  #940-D: missing return statement at end of non-void function "eFile_RClose"
eFile.c(101): warning:  #940-D: missing return statement at end of non-void function "eFile_Directory"
eFile.c(109): warning:  #940-D: missing return statement at end of non-void function "eFile_Delete"
eFile.c(118): warning:  #940-D: missing return statement at end of non-void function "eFile_RedirectToFile"
eFile.c(126): warning:  #940-D: missing return statement at end of non-void function "eFile_EndRedirectToFile"
Target not created
Rebuild target 'OLED'
assembling Startup.s...
compiling Output.c...
compiling rit128x96x4.c...
compiling OS_Critical.c...
compiling shell.c...
compiling UART.c...
assembling osasm.s...
assembling PID_stm32.s...
assembling cr4_fft_64_stm32.s...
compiling OS_Buttons.c...
compiling OS_DataStructures.c...
compiling OS_Threads.c...
OS_Threads.c(159): warning:  #177-D: variable "head" was declared but never referenced
compiling OS_Time.c...
compiling OS.c...
compiling Lab4Main.c...
compiling Lab2Main.c...
compiling ADC.c...
compiling sqrt.c...
compiling edisk.c...
compiling Lab5.c...
Lab5.c(12): error:  #5: cannot open source input file "serial.h": No such file or directory
compiling eFile.c...
Target not created
Rebuild target 'OLED'
assembling Startup.s...
compiling Output.c...
compiling rit128x96x4.c...
compiling OS_Critical.c...
compiling shell.c...
compiling UART.c...
assembling osasm.s...
assembling PID_stm32.s...
assembling cr4_fft_64_stm32.s...
compiling OS_Buttons.c...
compiling OS_DataStructures.c...
compiling OS_Threads.c...
OS_Threads.c(159): warning:  #177-D: variable "head" was declared but never referenced
compiling OS_Time.c...
compiling OS.c...
compiling Lab4Main.c...
compiling Lab2Main.c...
compiling ADC.c...
compiling sqrt.c...
compiling edisk.c...
compiling Lab5.c...
Lab5.c(12): error:  #5: cannot open source input file "serial.h": No such file or directory
compiling eFile.c...
eFile.c(11): warning:  #223-D: function "eDisk_Init" declared implicitly
eFile.c(23): warning:  #223-D: function "eDisk_WriteBlock" declared implicitly
Target not created
compiling eFile.c...
eFile.h(12): error:  #40: expected an identifier
eFile.h(12): error:  #65: expected a ";"
eFile.c(28): warning:  #167-D: argument of type "const char *" is incompatible with parameter of type "const BYTE *"
eFile.c(39): error:  #20: identifier "SECTOR" is undefined
eFile.c(39): warning:  #167-D: argument of type "char *" is incompatible with parameter of type "const BYTE *"
eFile.c - 3 Error(s), 2 Warning(s).
Build target 'OLED'
compiling shell.c...
compiling Lab5.c...
Lab5.c(12): error:  #5: cannot open source input file "serial.h": No such file or directory
compiling eFile.c...
eFile.c(28): warning:  #167-D: argument of type "const char *" is incompatible with parameter of type "const BYTE *"
eFile.c(39): error:  #20: identifier "SECTOR" is undefined
eFile.c(39): warning:  #167-D: argument of type "char *" is incompatible with parameter of type "const BYTE *"
Target not created
compiling eFile.c...
eFile.h(111): warning:  #1-D: last line of file ends without a newline
eFile.c(20): error:  #137: expression must be a modifiable lvalue
eFile.c(22): error:  #136: struct "eFile_File" has no field "LastBlock"
eFile.c(25): error:  #167: argument of type "eFile_File" is incompatible with parameter of type "const void *restrict"
eFile.c(27): warning:  #940-D: missing return statement at end of non-void function "eFile_Init"
eFile.c(50): warning:  #167-D: argument of type "char *" is incompatible with parameter of type "const BYTE *"
eFile.c - 3 Error(s), 3 Warning(s).
compiling eFile.c...
eFile.h(111): warning:  #1-D: last line of file ends without a newline
eFile.c(25): error:  #167: argument of type "eFile_File" is incompatible with parameter of type "const void *restrict"
eFile.c(51): warning:  #167-D: argument of type "char *" is incompatible with parameter of type "const BYTE *"
eFile.c - 1 Error(s), 2 Warning(s).
compiling eFile.c...
eFile.h(111): warning:  #1-D: last line of file ends without a newline
eFile.c(51): warning:  #167-D: argument of type "char *" is incompatible with parameter of type "const BYTE *"
eFile.c - 0 Error(s), 2 Warning(s).
compiling eFile.c...
eFile.c(56): warning:  #940-D: missing return statement at end of non-void function "eFile_Create"
eFile.c - 0 Error(s), 1 Warning(s).
