ARM Linker, 4.1 [Build 791] [Evaluation]

==============================================================================

Section Cross References

    startup.o(RESET) refers to startup.o(STACK) for StackMem
    startup.o(RESET) refers to osasm.o(.text) for PendSV_Handler
    startup.o(RESET) refers to os_buttons.o(.text) for GPIOPortE_Handler
    startup.o(RESET) refers to adc.o(.text) for ADC1_Handler
    startup.o(RESET) refers to os_time.o(.text) for Timer2A_Handler
    startup.o(RESET) refers to entry.o(.ARM.Collect$$$$00000000) for __main
    output.o(.text) refers to rit128x96x4.o(.text) for RIT128x96x4StringDraw
    output.o(.text) refers to output.o(.bss) for CharBuffer
    output.o(.text) refers to output.o(.data) for Color
    rit128x96x4.o(.text) refers to ssi.o(i.SSIBusy) for SSIBusy
    rit128x96x4.o(.text) refers to gpio.o(i.GPIOPinWrite) for GPIOPinWrite
    rit128x96x4.o(.text) refers to ssi.o(i.SSIDataPut) for SSIDataPut
    rit128x96x4.o(.text) refers to ssi.o(i.SSIDisable) for SSIDisable
    rit128x96x4.o(.text) refers to sysctl.o(i.SysCtlClockGet) for SysCtlClockGet
    rit128x96x4.o(.text) refers to ssi.o(i.SSIConfigSetExpClk) for SSIConfigSetExpClk
    rit128x96x4.o(.text) refers to gpio.o(i.GPIOPinTypeSSI) for GPIOPinTypeSSI
    rit128x96x4.o(.text) refers to gpio.o(i.GPIOPadConfigSet) for GPIOPadConfigSet
    rit128x96x4.o(.text) refers to ssi.o(i.SSIEnable) for SSIEnable
    rit128x96x4.o(.text) refers to sysctl.o(i.SysCtlPeripheralEnable) for SysCtlPeripheralEnable
    rit128x96x4.o(.text) refers to gpio.o(i.GPIOPinTypeGPIOOutput) for GPIOPinTypeGPIOOutput
    rit128x96x4.o(.text) refers to os.o(.text) for OS_InitSemaphore
    rit128x96x4.o(.text) refers to memseta.o(.text) for __aeabi_memclr4
    rit128x96x4.o(.text) refers to osasm.o(.text) for OS_bWait
    rit128x96x4.o(.text) refers to strlen.o(.text) for strlen
    rit128x96x4.o(.text) refers to rit128x96x4.o(.data) for _OLED_color
    rit128x96x4.o(.text) refers to rit128x96x4.o(.constdata) for pucCommand1
    rit128x96x4.o(.text) refers to rit128x96x4.o(.bss) for OLED_Semaphore
    rit128x96x4.o(.text) refers to memcpya.o(.text) for __aeabi_memcpy
    rit128x96x4.o(.text) refers to strcpy.o(.text) for strcpy
    rit128x96x4.o(.text) refers to ssi.o(i.SSIDataGetNonBlocking) for SSIDataGetNonBlocking
    shell.o(.text) refers to strcmp.o(.text) for strcmp
    shell.o(.text) refers to strcpy.o(.text) for strcpy
    shell.o(.text) refers to uart.o(.text) for UART_Init
    shell.o(.text) refers to memseta.o(.text) for __aeabi_memclr4
    shell.o(.text) refers to printf1.o(i.__0sprintf$1) for __2sprintf
    shell.o(.text) refers to os_time.o(.text) for OS_MsTime
    shell.o(.text) refers to os_critical.o(.emb_text) for OS_CPU_SR_Save
    shell.o(.text) refers to os_threads.o(.text) for OS_Suspend
    shell.o(.text) refers to shell.o(.bss) for _SH_Env
    shell.o(.text) refers to os.o(.data) for _eventIndex
    shell.o(.text) refers to os.o(.bss) for _eventLog
    osasm.o(.text) refers to os.o(.text) for OS_BlockThread
    osasm.o(.text) refers to os_threads.o(.text) for OS_FindNextThread
    osasm.o(.text) refers to os.o(.data) for _RunPt
    lab2main.o(.text) refers to printf1.o(i.__0sprintf$1) for __2sprintf
    lab2main.o(.text) refers to rit128x96x4.o(.text) for _OLED_Message
    lab2main.o(.text) refers to os_threads.o(.text) for OS_Sleep
    lab2main.o(.text) refers to os.o(.text) for OS_Delay
    lab2main.o(.text) refers to os_datastructures.o(.text) for OS_MailBox_Recv
    lab2main.o(.text) refers to adc.o(.text) for ADC_Collect
    lab2main.o(.text) refers to cr4_fft_64_stm32.o(.text) for cr4_fft_64_stm32
    lab2main.o(.text) refers to pid_stm32.o(.text) for PID_stm32
    lab2main.o(.text) refers to os_time.o(.text) for OS_Time
    lab2main.o(.text) refers to lab2main.o(.data) for NumSamples
    lab2main.o(.text) refers to lab2main.o(.bss) for x
    lab2main.o(.text) refers to sysctl.o(i.SysCtlClockSet) for SysCtlClockSet
    lab2main.o(.text) refers to shell.o(.text) for SH_Init
    lab2main.o(.text) refers to os_buttons.o(.text) for OS_AddButtonTask
    lab2main.o(.text) refers to osasm.o(.text) for OS_bWait
    adc.o(.text) refers to startup.o(.text) for DisableInterrupts
    adc.o(.text) refers to adc.o(.bss) for ADCHasData
    adc.o(.text) refers to adc.o(.data) for ADCMailBox
    pid_stm32.o(.text) refers to lab2main.o(.data) for IntTerm
    os_buttons.o(.text) refers to os_threads.o(.text) for OS_Sleep
    os_buttons.o(.text) refers to os.o(.text) for OS_Delay
    os_buttons.o(.text) refers to os_buttons.o(.data) for haveInit
    os_datastructures.o(.text) refers to os.o(.text) for OS_InitSemaphore
    os_datastructures.o(.text) refers to osasm.o(.text) for OS_Signal
    os_datastructures.o(.text) refers to os_time.o(.text) for OS_Time
    os_datastructures.o(.text) refers to os.o(.bss) for _OS_Fifo
    os_datastructures.o(.text) refers to os_datastructures.o(.data) for putCount
    os_datastructures.o(.text) refers to os.o(.data) for _eventIndex
    os_threads.o(.text) refers to osasm.o(.text) for OS_bWait
    os_threads.o(.text) refers to os.o(.text) for OS_Delay
    os_threads.o(.text) refers to os.o(.data) for _OS_numThreads
    os_threads.o(.text) refers to os.o(.bss) for _threads
    os_threads.o(.text) refers to os_threads.o(.data) for num
    os_time.o(.text) refers to os_critical.o(.emb_text) for OS_CPU_SR_Save
    os_time.o(.text) refers to os.o(.data) for _OS_System_Time
    os_time.o(.text) refers to os_time.o(.data) for _OS_Root
    os_time.o(.text) refers to os.o(.bss) for _tasks
    os_time.o(.text) refers to os_time.o(.bss) for LastTime
    os.o(.text) refers to os_threads.o(.text) for OS_Suspend
    os.o(.text) refers to startup.o(.text) for DisableInterrupts
    os.o(.text) refers to sysctl.o(i.SysCtlClockSet) for SysCtlClockSet
    os.o(.text) refers to os_time.o(.text) for Timer2A_Init
    os.o(.text) refers to osasm.o(.text) for StartOS
    os.o(.text) refers to os.o(.data) for _RunPt
    os.o(.text) refers to os.o(.bss) for _modifyTCB
    gpio.o(i.GPIOPinConfigure) refers to gpio.o(.constdata) for .constdata
    gpio.o(i.GPIOPinTypeADC) refers to gpio.o(i.GPIODirModeSet) for GPIODirModeSet
    gpio.o(i.GPIOPinTypeADC) refers to gpio.o(i.GPIOPadConfigSet) for GPIOPadConfigSet
    gpio.o(i.GPIOPinTypeCAN) refers to gpio.o(i.GPIODirModeSet) for GPIODirModeSet
    gpio.o(i.GPIOPinTypeCAN) refers to gpio.o(i.GPIOPadConfigSet) for GPIOPadConfigSet
    gpio.o(i.GPIOPinTypeComparator) refers to gpio.o(i.GPIODirModeSet) for GPIODirModeSet
    gpio.o(i.GPIOPinTypeComparator) refers to gpio.o(i.GPIOPadConfigSet) for GPIOPadConfigSet
    gpio.o(i.GPIOPinTypeEPI) refers to gpio.o(i.GPIODirModeSet) for GPIODirModeSet
    gpio.o(i.GPIOPinTypeEPI) refers to gpio.o(i.GPIOPadConfigSet) for GPIOPadConfigSet
    gpio.o(i.GPIOPinTypeEthernetLED) refers to gpio.o(i.GPIODirModeSet) for GPIODirModeSet
    gpio.o(i.GPIOPinTypeEthernetLED) refers to gpio.o(i.GPIOPadConfigSet) for GPIOPadConfigSet
    gpio.o(i.GPIOPinTypeGPIOInput) refers to gpio.o(i.GPIODirModeSet) for GPIODirModeSet
    gpio.o(i.GPIOPinTypeGPIOInput) refers to gpio.o(i.GPIOPadConfigSet) for GPIOPadConfigSet
    gpio.o(i.GPIOPinTypeGPIOOutput) refers to gpio.o(i.GPIODirModeSet) for GPIODirModeSet
    gpio.o(i.GPIOPinTypeGPIOOutput) refers to gpio.o(i.GPIOPadConfigSet) for GPIOPadConfigSet
    gpio.o(i.GPIOPinTypeGPIOOutputOD) refers to gpio.o(i.GPIODirModeSet) for GPIODirModeSet
    gpio.o(i.GPIOPinTypeGPIOOutputOD) refers to gpio.o(i.GPIOPadConfigSet) for GPIOPadConfigSet
    gpio.o(i.GPIOPinTypeI2C) refers to gpio.o(i.GPIODirModeSet) for GPIODirModeSet
    gpio.o(i.GPIOPinTypeI2C) refers to gpio.o(i.GPIOPadConfigSet) for GPIOPadConfigSet
    gpio.o(i.GPIOPinTypeI2S) refers to gpio.o(i.GPIODirModeSet) for GPIODirModeSet
    gpio.o(i.GPIOPinTypeI2S) refers to gpio.o(i.GPIOPadConfigSet) for GPIOPadConfigSet
    gpio.o(i.GPIOPinTypePWM) refers to gpio.o(i.GPIODirModeSet) for GPIODirModeSet
    gpio.o(i.GPIOPinTypePWM) refers to gpio.o(i.GPIOPadConfigSet) for GPIOPadConfigSet
    gpio.o(i.GPIOPinTypeQEI) refers to gpio.o(i.GPIODirModeSet) for GPIODirModeSet
    gpio.o(i.GPIOPinTypeQEI) refers to gpio.o(i.GPIOPadConfigSet) for GPIOPadConfigSet
    gpio.o(i.GPIOPinTypeSSI) refers to gpio.o(i.GPIODirModeSet) for GPIODirModeSet
    gpio.o(i.GPIOPinTypeSSI) refers to gpio.o(i.GPIOPadConfigSet) for GPIOPadConfigSet
    gpio.o(i.GPIOPinTypeTimer) refers to gpio.o(i.GPIODirModeSet) for GPIODirModeSet
    gpio.o(i.GPIOPinTypeTimer) refers to gpio.o(i.GPIOPadConfigSet) for GPIOPadConfigSet
    gpio.o(i.GPIOPinTypeUART) refers to gpio.o(i.GPIODirModeSet) for GPIODirModeSet
    gpio.o(i.GPIOPinTypeUART) refers to gpio.o(i.GPIOPadConfigSet) for GPIOPadConfigSet
    gpio.o(i.GPIOPinTypeUSBAnalog) refers to gpio.o(i.GPIODirModeSet) for GPIODirModeSet
    gpio.o(i.GPIOPinTypeUSBAnalog) refers to gpio.o(i.GPIOPadConfigSet) for GPIOPadConfigSet
    gpio.o(i.GPIOPinTypeUSBDigital) refers to gpio.o(i.GPIODirModeSet) for GPIODirModeSet
    gpio.o(i.GPIOPinTypeUSBDigital) refers to gpio.o(i.GPIOPadConfigSet) for GPIOPadConfigSet
    gpio.o(i.GPIOPortIntRegister) refers to gpio.o(i.GPIOGetIntNumber) for GPIOGetIntNumber
    gpio.o(i.GPIOPortIntRegister) refers to interrupt.o(i.IntRegister) for IntRegister
    gpio.o(i.GPIOPortIntRegister) refers to interrupt.o(i.IntEnable) for IntEnable
    gpio.o(i.GPIOPortIntUnregister) refers to gpio.o(i.GPIOGetIntNumber) for GPIOGetIntNumber
    gpio.o(i.GPIOPortIntUnregister) refers to interrupt.o(i.IntDisable) for IntDisable
    gpio.o(i.GPIOPortIntUnregister) refers to interrupt.o(i.IntUnregister) for IntUnregister
    ssi.o(i.SSIIntRegister) refers to interrupt.o(i.IntRegister) for IntRegister
    ssi.o(i.SSIIntRegister) refers to interrupt.o(i.IntEnable) for IntEnable
    ssi.o(i.SSIIntUnregister) refers to interrupt.o(i.IntDisable) for IntDisable
    ssi.o(i.SSIIntUnregister) refers to interrupt.o(i.IntUnregister) for IntUnregister
    sysctl.o(i.SysCtlClockGet) refers to sysctl.o(.constdata) for .constdata
    sysctl.o(i.SysCtlClockSet) refers to sysctl.o(.emb_text) for SysCtlDelay
    sysctl.o(i.SysCtlDeepSleep) refers to cpu.o(.emb_text) for CPUwfi
    sysctl.o(i.SysCtlI2SMClkSet) refers to sysctl.o(.constdata) for .constdata
    sysctl.o(i.SysCtlIntRegister) refers to interrupt.o(i.IntRegister) for IntRegister
    sysctl.o(i.SysCtlIntRegister) refers to interrupt.o(i.IntEnable) for IntEnable
    sysctl.o(i.SysCtlIntUnregister) refers to interrupt.o(i.IntDisable) for IntDisable
    sysctl.o(i.SysCtlIntUnregister) refers to interrupt.o(i.IntUnregister) for IntUnregister
    sysctl.o(i.SysCtlPeripheralDeepSleepDisable) refers to sysctl.o(.constdata) for .constdata
    sysctl.o(i.SysCtlPeripheralDeepSleepEnable) refers to sysctl.o(.constdata) for .constdata
    sysctl.o(i.SysCtlPeripheralDisable) refers to sysctl.o(.constdata) for .constdata
    sysctl.o(i.SysCtlPeripheralEnable) refers to sysctl.o(.constdata) for .constdata
    sysctl.o(i.SysCtlPeripheralPresent) refers to sysctl.o(.constdata) for .constdata
    sysctl.o(i.SysCtlPeripheralReset) refers to sysctl.o(.constdata) for .constdata
    sysctl.o(i.SysCtlPeripheralSleepDisable) refers to sysctl.o(.constdata) for .constdata
    sysctl.o(i.SysCtlPeripheralSleepEnable) refers to sysctl.o(.constdata) for .constdata
    sysctl.o(i.SysCtlSleep) refers to cpu.o(.emb_text) for CPUwfi
    interrupt.o(i.IntMasterDisable) refers to cpu.o(.emb_text) for CPUcpsid
    interrupt.o(i.IntMasterEnable) refers to cpu.o(.emb_text) for CPUcpsie
    interrupt.o(i.IntPriorityGet) refers to interrupt.o(.constdata) for .constdata
    interrupt.o(i.IntPriorityGroupingGet) refers to interrupt.o(.constdata) for .constdata
    interrupt.o(i.IntPriorityGroupingSet) refers to interrupt.o(.constdata) for .constdata
    interrupt.o(i.IntPrioritySet) refers to interrupt.o(.constdata) for .constdata
    interrupt.o(i.IntRegister) refers to interrupt.o(vtable) for vtable
    interrupt.o(i.IntUnregister) refers to interrupt.o(i.IntDefaultHandler) for IntDefaultHandler
    interrupt.o(i.IntUnregister) refers to interrupt.o(vtable) for vtable
    entry.o(.ARM.Collect$$$$00000000) refers (Special) to entry7b.o(.ARM.Collect$$$$00000008) for _main_clock
    entry.o(.ARM.Collect$$$$00000000) refers (Special) to entry8.o(.ARM.Collect$$$$00000009) for _main_init
    entry.o(.ARM.Collect$$$$00000000) refers (Special) to entry5.o(.ARM.Collect$$$$00000004) for _main_scatterload
    entry.o(.ARM.Collect$$$$00000000) refers (Special) to entry2.o(.ARM.Collect$$$$00000001) for _main_stk
    printfb.o(i.__0fprintf$bare) refers to printfb.o(i._printf_core) for _printf_core
    printfb.o(i.__0fprintf$bare) refers to output.o(.text) for fputc
    printfb.o(i.__0printf$bare) refers to printfb.o(i._printf_core) for _printf_core
    printfb.o(i.__0printf$bare) refers to output.o(.text) for fputc
    printfb.o(i.__0printf$bare) refers to stdout.o(.data) for __stdout
    printfb.o(i.__0snprintf$bare) refers to printfb.o(i._printf_core) for _printf_core
    printfb.o(i.__0snprintf$bare) refers to printfb.o(i._snputc) for _snputc
    printfb.o(i.__0sprintf$bare) refers to printfb.o(i._printf_core) for _printf_core
    printfb.o(i.__0sprintf$bare) refers to printfb.o(i._sputc) for _sputc
    printfb.o(i.__0vfprintf$bare) refers to printfb.o(i._printf_core) for _printf_core
    printfb.o(i.__0vfprintf$bare) refers to output.o(.text) for fputc
    printfb.o(i.__0vprintf$bare) refers to printfb.o(i._printf_core) for _printf_core
    printfb.o(i.__0vprintf$bare) refers to output.o(.text) for fputc
    printfb.o(i.__0vprintf$bare) refers to stdout.o(.data) for __stdout
    printfb.o(i.__0vsnprintf$bare) refers to printfb.o(i._printf_core) for _printf_core
    printfb.o(i.__0vsnprintf$bare) refers to printfb.o(i._snputc) for _snputc
    printfb.o(i.__0vsprintf$bare) refers to printfb.o(i._printf_core) for _printf_core
    printfb.o(i.__0vsprintf$bare) refers to printfb.o(i._sputc) for _sputc
    printf0.o(i.__0fprintf$0) refers to printf0.o(i._printf_core) for _printf_core
    printf0.o(i.__0fprintf$0) refers to output.o(.text) for fputc
    printf0.o(i.__0printf$0) refers to printf0.o(i._printf_core) for _printf_core
    printf0.o(i.__0printf$0) refers to output.o(.text) for fputc
    printf0.o(i.__0printf$0) refers to stdout.o(.data) for __stdout
    printf0.o(i.__0snprintf$0) refers to printf0.o(i._printf_core) for _printf_core
    printf0.o(i.__0snprintf$0) refers to printf0.o(i._snputc) for _snputc
    printf0.o(i.__0sprintf$0) refers to printf0.o(i._printf_core) for _printf_core
    printf0.o(i.__0sprintf$0) refers to printf0.o(i._sputc) for _sputc
    printf0.o(i.__0vfprintf$0) refers to printf0.o(i._printf_core) for _printf_core
    printf0.o(i.__0vfprintf$0) refers to output.o(.text) for fputc
    printf0.o(i.__0vprintf$0) refers to printf0.o(i._printf_core) for _printf_core
    printf0.o(i.__0vprintf$0) refers to output.o(.text) for fputc
    printf0.o(i.__0vprintf$0) refers to stdout.o(.data) for __stdout
    printf0.o(i.__0vsnprintf$0) refers to printf0.o(i._printf_core) for _printf_core
    printf0.o(i.__0vsnprintf$0) refers to printf0.o(i._snputc) for _snputc
    printf0.o(i.__0vsprintf$0) refers to printf0.o(i._printf_core) for _printf_core
    printf0.o(i.__0vsprintf$0) refers to printf0.o(i._sputc) for _sputc
    printf1.o(i.__0fprintf$1) refers to printf1.o(i._printf_core) for _printf_core
    printf1.o(i.__0fprintf$1) refers to output.o(.text) for fputc
    printf1.o(i.__0printf$1) refers to printf1.o(i._printf_core) for _printf_core
    printf1.o(i.__0printf$1) refers to output.o(.text) for fputc
    printf1.o(i.__0printf$1) refers to stdout.o(.data) for __stdout
    printf1.o(i.__0snprintf$1) refers to printf1.o(i._printf_core) for _printf_core
    printf1.o(i.__0snprintf$1) refers to printf1.o(i._snputc) for _snputc
    printf1.o(i.__0sprintf$1) refers to printf1.o(i._printf_core) for _printf_core
    printf1.o(i.__0sprintf$1) refers to printf1.o(i._sputc) for _sputc
    printf1.o(i.__0vfprintf$1) refers to printf1.o(i._printf_core) for _printf_core
    printf1.o(i.__0vfprintf$1) refers to output.o(.text) for fputc
    printf1.o(i.__0vprintf$1) refers to printf1.o(i._printf_core) for _printf_core
    printf1.o(i.__0vprintf$1) refers to output.o(.text) for fputc
    printf1.o(i.__0vprintf$1) refers to stdout.o(.data) for __stdout
    printf1.o(i.__0vsnprintf$1) refers to printf1.o(i._printf_core) for _printf_core
    printf1.o(i.__0vsnprintf$1) refers to printf1.o(i._snputc) for _snputc
    printf1.o(i.__0vsprintf$1) refers to printf1.o(i._printf_core) for _printf_core
    printf1.o(i.__0vsprintf$1) refers to printf1.o(i._sputc) for _sputc
    printf1.o(i._printf_core) refers to uidiv.o(.text) for __aeabi_uidivmod
    printf2.o(i.__0fprintf$2) refers to printf2.o(i._printf_core) for _printf_core
    printf2.o(i.__0fprintf$2) refers to output.o(.text) for fputc
    printf2.o(i.__0printf$2) refers to printf2.o(i._printf_core) for _printf_core
    printf2.o(i.__0printf$2) refers to output.o(.text) for fputc
    printf2.o(i.__0printf$2) refers to stdout.o(.data) for __stdout
    printf2.o(i.__0snprintf$2) refers to printf2.o(i._printf_core) for _printf_core
    printf2.o(i.__0snprintf$2) refers to printf2.o(i._snputc) for _snputc
    printf2.o(i.__0sprintf$2) refers to printf2.o(i._printf_core) for _printf_core
    printf2.o(i.__0sprintf$2) refers to printf2.o(i._sputc) for _sputc
    printf2.o(i.__0vfprintf$2) refers to printf2.o(i._printf_core) for _printf_core
    printf2.o(i.__0vfprintf$2) refers to output.o(.text) for fputc
    printf2.o(i.__0vprintf$2) refers to printf2.o(i._printf_core) for _printf_core
    printf2.o(i.__0vprintf$2) refers to output.o(.text) for fputc
    printf2.o(i.__0vprintf$2) refers to stdout.o(.data) for __stdout
    printf2.o(i.__0vsnprintf$2) refers to printf2.o(i._printf_core) for _printf_core
    printf2.o(i.__0vsnprintf$2) refers to printf2.o(i._snputc) for _snputc
    printf2.o(i.__0vsprintf$2) refers to printf2.o(i._printf_core) for _printf_core
    printf2.o(i.__0vsprintf$2) refers to printf2.o(i._sputc) for _sputc
    printf3.o(i.__0fprintf$3) refers to printf3.o(i._printf_core) for _printf_core
    printf3.o(i.__0fprintf$3) refers to output.o(.text) for fputc
    printf3.o(i.__0printf$3) refers to printf3.o(i._printf_core) for _printf_core
    printf3.o(i.__0printf$3) refers to output.o(.text) for fputc
    printf3.o(i.__0printf$3) refers to stdout.o(.data) for __stdout
    printf3.o(i.__0snprintf$3) refers to printf3.o(i._printf_core) for _printf_core
    printf3.o(i.__0snprintf$3) refers to printf3.o(i._snputc) for _snputc
    printf3.o(i.__0sprintf$3) refers to printf3.o(i._printf_core) for _printf_core
    printf3.o(i.__0sprintf$3) refers to printf3.o(i._sputc) for _sputc
    printf3.o(i.__0vfprintf$3) refers to printf3.o(i._printf_core) for _printf_core
    printf3.o(i.__0vfprintf$3) refers to output.o(.text) for fputc
    printf3.o(i.__0vprintf$3) refers to printf3.o(i._printf_core) for _printf_core
    printf3.o(i.__0vprintf$3) refers to output.o(.text) for fputc
    printf3.o(i.__0vprintf$3) refers to stdout.o(.data) for __stdout
    printf3.o(i.__0vsnprintf$3) refers to printf3.o(i._printf_core) for _printf_core
    printf3.o(i.__0vsnprintf$3) refers to printf3.o(i._snputc) for _snputc
    printf3.o(i.__0vsprintf$3) refers to printf3.o(i._printf_core) for _printf_core
    printf3.o(i.__0vsprintf$3) refers to printf3.o(i._sputc) for _sputc
    printf3.o(i._printf_core) refers to uidiv.o(.text) for __aeabi_uidivmod
    printf4.o(i.__0fprintf$4) refers to printf4.o(i._printf_core) for _printf_core
    printf4.o(i.__0fprintf$4) refers to output.o(.text) for fputc
    printf4.o(i.__0printf$4) refers to printf4.o(i._printf_core) for _printf_core
    printf4.o(i.__0printf$4) refers to output.o(.text) for fputc
    printf4.o(i.__0printf$4) refers to stdout.o(.data) for __stdout
    printf4.o(i.__0snprintf$4) refers to printf4.o(i._printf_core) for _printf_core
    printf4.o(i.__0snprintf$4) refers to printf4.o(i._snputc) for _snputc
    printf4.o(i.__0sprintf$4) refers to printf4.o(i._printf_core) for _printf_core
    printf4.o(i.__0sprintf$4) refers to printf4.o(i._sputc) for _sputc
    printf4.o(i.__0vfprintf$4) refers to printf4.o(i._printf_core) for _printf_core
    printf4.o(i.__0vfprintf$4) refers to output.o(.text) for fputc
    printf4.o(i.__0vprintf$4) refers to printf4.o(i._printf_core) for _printf_core
    printf4.o(i.__0vprintf$4) refers to output.o(.text) for fputc
    printf4.o(i.__0vprintf$4) refers to stdout.o(.data) for __stdout
    printf4.o(i.__0vsnprintf$4) refers to printf4.o(i._printf_core) for _printf_core
    printf4.o(i.__0vsnprintf$4) refers to printf4.o(i._snputc) for _snputc
    printf4.o(i.__0vsprintf$4) refers to printf4.o(i._printf_core) for _printf_core
    printf4.o(i.__0vsprintf$4) refers to printf4.o(i._sputc) for _sputc
    printf4.o(i._printf_core) refers to uldiv.o(.text) for __aeabi_uldivmod
    printf5.o(i.__0fprintf$5) refers to printf5.o(i._printf_core) for _printf_core
    printf5.o(i.__0fprintf$5) refers to output.o(.text) for fputc
    printf5.o(i.__0printf$5) refers to printf5.o(i._printf_core) for _printf_core
    printf5.o(i.__0printf$5) refers to output.o(.text) for fputc
    printf5.o(i.__0printf$5) refers to stdout.o(.data) for __stdout
    printf5.o(i.__0snprintf$5) refers to printf5.o(i._printf_core) for _printf_core
    printf5.o(i.__0snprintf$5) refers to printf5.o(i._snputc) for _snputc
    printf5.o(i.__0sprintf$5) refers to printf5.o(i._printf_core) for _printf_core
    printf5.o(i.__0sprintf$5) refers to printf5.o(i._sputc) for _sputc
    printf5.o(i.__0vfprintf$5) refers to printf5.o(i._printf_core) for _printf_core
    printf5.o(i.__0vfprintf$5) refers to output.o(.text) for fputc
    printf5.o(i.__0vprintf$5) refers to printf5.o(i._printf_core) for _printf_core
    printf5.o(i.__0vprintf$5) refers to output.o(.text) for fputc
    printf5.o(i.__0vprintf$5) refers to stdout.o(.data) for __stdout
    printf5.o(i.__0vsnprintf$5) refers to printf5.o(i._printf_core) for _printf_core
    printf5.o(i.__0vsnprintf$5) refers to printf5.o(i._snputc) for _snputc
    printf5.o(i.__0vsprintf$5) refers to printf5.o(i._printf_core) for _printf_core
    printf5.o(i.__0vsprintf$5) refers to printf5.o(i._sputc) for _sputc
    printf5.o(i._printf_core) refers to uldiv.o(.text) for __aeabi_uldivmod
    printf6.o(i.__0fprintf$6) refers to printf6.o(i._printf_core) for _printf_core
    printf6.o(i.__0fprintf$6) refers to output.o(.text) for fputc
    printf6.o(i.__0printf$6) refers to printf6.o(i._printf_core) for _printf_core
    printf6.o(i.__0printf$6) refers to output.o(.text) for fputc
    printf6.o(i.__0printf$6) refers to stdout.o(.data) for __stdout
    printf6.o(i.__0snprintf$6) refers to printf6.o(i._printf_core) for _printf_core
    printf6.o(i.__0snprintf$6) refers to printf6.o(i._snputc) for _snputc
    printf6.o(i.__0sprintf$6) refers to printf6.o(i._printf_core) for _printf_core
    printf6.o(i.__0sprintf$6) refers to printf6.o(i._sputc) for _sputc
    printf6.o(i.__0vfprintf$6) refers to printf6.o(i._printf_core) for _printf_core
    printf6.o(i.__0vfprintf$6) refers to output.o(.text) for fputc
    printf6.o(i.__0vprintf$6) refers to printf6.o(i._printf_core) for _printf_core
    printf6.o(i.__0vprintf$6) refers to output.o(.text) for fputc
    printf6.o(i.__0vprintf$6) refers to stdout.o(.data) for __stdout
    printf6.o(i.__0vsnprintf$6) refers to printf6.o(i._printf_core) for _printf_core
    printf6.o(i.__0vsnprintf$6) refers to printf6.o(i._snputc) for _snputc
    printf6.o(i.__0vsprintf$6) refers to printf6.o(i._printf_core) for _printf_core
    printf6.o(i.__0vsprintf$6) refers to printf6.o(i._sputc) for _sputc
    printf6.o(i._printf_core) refers to printf6.o(i._printf_pre_padding) for _printf_pre_padding
    printf6.o(i._printf_core) refers to uidiv.o(.text) for __aeabi_uidivmod
    printf6.o(i._printf_core) refers to printf6.o(i._printf_post_padding) for _printf_post_padding
    printf7.o(i.__0fprintf$7) refers to printf7.o(i._printf_core) for _printf_core
    printf7.o(i.__0fprintf$7) refers to output.o(.text) for fputc
    printf7.o(i.__0printf$7) refers to printf7.o(i._printf_core) for _printf_core
    printf7.o(i.__0printf$7) refers to output.o(.text) for fputc
    printf7.o(i.__0printf$7) refers to stdout.o(.data) for __stdout
    printf7.o(i.__0snprintf$7) refers to printf7.o(i._printf_core) for _printf_core
    printf7.o(i.__0snprintf$7) refers to printf7.o(i._snputc) for _snputc
    printf7.o(i.__0sprintf$7) refers to printf7.o(i._printf_core) for _printf_core
    printf7.o(i.__0sprintf$7) refers to printf7.o(i._sputc) for _sputc
    printf7.o(i.__0vfprintf$7) refers to printf7.o(i._printf_core) for _printf_core
    printf7.o(i.__0vfprintf$7) refers to output.o(.text) for fputc
    printf7.o(i.__0vprintf$7) refers to printf7.o(i._printf_core) for _printf_core
    printf7.o(i.__0vprintf$7) refers to output.o(.text) for fputc
    printf7.o(i.__0vprintf$7) refers to stdout.o(.data) for __stdout
    printf7.o(i.__0vsnprintf$7) refers to printf7.o(i._printf_core) for _printf_core
    printf7.o(i.__0vsnprintf$7) refers to printf7.o(i._snputc) for _snputc
    printf7.o(i.__0vsprintf$7) refers to printf7.o(i._printf_core) for _printf_core
    printf7.o(i.__0vsprintf$7) refers to printf7.o(i._sputc) for _sputc
    printf7.o(i._printf_core) refers to printf7.o(i._printf_pre_padding) for _printf_pre_padding
    printf7.o(i._printf_core) refers to uldiv.o(.text) for __aeabi_uldivmod
    printf7.o(i._printf_core) refers to printf7.o(i._printf_post_padding) for _printf_post_padding
    printf8.o(i.__0fprintf$8) refers to printf8.o(i._printf_core) for _printf_core
    printf8.o(i.__0fprintf$8) refers to output.o(.text) for fputc
    printf8.o(i.__0printf$8) refers to printf8.o(i._printf_core) for _printf_core
    printf8.o(i.__0printf$8) refers to output.o(.text) for fputc
    printf8.o(i.__0printf$8) refers to stdout.o(.data) for __stdout
    printf8.o(i.__0snprintf$8) refers to printf8.o(i._printf_core) for _printf_core
    printf8.o(i.__0snprintf$8) refers to printf8.o(i._snputc) for _snputc
    printf8.o(i.__0sprintf$8) refers to printf8.o(i._printf_core) for _printf_core
    printf8.o(i.__0sprintf$8) refers to printf8.o(i._sputc) for _sputc
    printf8.o(i.__0vfprintf$8) refers to printf8.o(i._printf_core) for _printf_core
    printf8.o(i.__0vfprintf$8) refers to output.o(.text) for fputc
    printf8.o(i.__0vprintf$8) refers to printf8.o(i._printf_core) for _printf_core
    printf8.o(i.__0vprintf$8) refers to output.o(.text) for fputc
    printf8.o(i.__0vprintf$8) refers to stdout.o(.data) for __stdout
    printf8.o(i.__0vsnprintf$8) refers to printf8.o(i._printf_core) for _printf_core
    printf8.o(i.__0vsnprintf$8) refers to printf8.o(i._snputc) for _snputc
    printf8.o(i.__0vsprintf$8) refers to printf8.o(i._printf_core) for _printf_core
    printf8.o(i.__0vsprintf$8) refers to printf8.o(i._sputc) for _sputc
    printf8.o(i._printf_core) refers to printf8.o(i._printf_pre_padding) for _printf_pre_padding
    printf8.o(i._printf_core) refers to uldiv.o(.text) for __aeabi_uldivmod
    printf8.o(i._printf_core) refers to printf8.o(i._printf_post_padding) for _printf_post_padding
    printfa.o(i.__0fprintf) refers (Special) to iusefp.o(.text) for __I$use$fp
    printfa.o(i.__0fprintf) refers to printfa.o(i._printf_core) for _printf_core
    printfa.o(i.__0fprintf) refers to output.o(.text) for fputc
    printfa.o(i.__0printf) refers (Special) to iusefp.o(.text) for __I$use$fp
    printfa.o(i.__0printf) refers to printfa.o(i._printf_core) for _printf_core
    printfa.o(i.__0printf) refers to output.o(.text) for fputc
    printfa.o(i.__0printf) refers to stdout.o(.data) for __stdout
    printfa.o(i.__0snprintf) refers (Special) to iusefp.o(.text) for __I$use$fp
    printfa.o(i.__0snprintf) refers to printfa.o(i._printf_core) for _printf_core
    printfa.o(i.__0snprintf) refers to printfa.o(i._snputc) for _snputc
    printfa.o(i.__0sprintf) refers (Special) to iusefp.o(.text) for __I$use$fp
    printfa.o(i.__0sprintf) refers to printfa.o(i._printf_core) for _printf_core
    printfa.o(i.__0sprintf) refers to printfa.o(i._sputc) for _sputc
    printfa.o(i.__0vfprintf) refers (Special) to iusefp.o(.text) for __I$use$fp
    printfa.o(i.__0vfprintf) refers to printfa.o(i._printf_core) for _printf_core
    printfa.o(i.__0vfprintf) refers to output.o(.text) for fputc
    printfa.o(i.__0vprintf) refers (Special) to iusefp.o(.text) for __I$use$fp
    printfa.o(i.__0vprintf) refers to printfa.o(i._printf_core) for _printf_core
    printfa.o(i.__0vprintf) refers to output.o(.text) for fputc
    printfa.o(i.__0vprintf) refers to stdout.o(.data) for __stdout
    printfa.o(i.__0vsnprintf) refers (Special) to iusefp.o(.text) for __I$use$fp
    printfa.o(i.__0vsnprintf) refers to printfa.o(i._printf_core) for _printf_core
    printfa.o(i.__0vsnprintf) refers to printfa.o(i._snputc) for _snputc
    printfa.o(i.__0vsprintf) refers (Special) to iusefp.o(.text) for __I$use$fp
    printfa.o(i.__0vsprintf) refers to printfa.o(i._printf_core) for _printf_core
    printfa.o(i.__0vsprintf) refers to printfa.o(i._sputc) for _sputc
    printfa.o(i._fp_digits) refers (Special) to iusefp.o(.text) for __I$use$fp
    printfa.o(i._fp_digits) refers to dmul.o(.text) for __aeabi_dmul
    printfa.o(i._fp_digits) refers to ddiv.o(.text) for __aeabi_ddiv
    printfa.o(i._fp_digits) refers to cdrcmple.o(.text) for __aeabi_cdrcmple
    printfa.o(i._fp_digits) refers to dadd.o(.text) for __aeabi_dadd
    printfa.o(i._fp_digits) refers to dfixul.o(.text) for __aeabi_d2ulz
    printfa.o(i._fp_digits) refers to uldiv.o(.text) for __aeabi_uldivmod
    printfa.o(i._printf_core) refers (Special) to iusefp.o(.text) for __I$use$fp
    printfa.o(i._printf_core) refers to printfa.o(i._printf_pre_padding) for _printf_pre_padding
    printfa.o(i._printf_core) refers to uldiv.o(.text) for __aeabi_uldivmod
    printfa.o(i._printf_core) refers to printfa.o(i._printf_post_padding) for _printf_post_padding
    printfa.o(i._printf_core) refers to printfa.o(i._fp_digits) for _fp_digits
    printfa.o(i._printf_core) refers to uidiv.o(.text) for __aeabi_uidivmod
    printfa.o(i._printf_post_padding) refers (Special) to iusefp.o(.text) for __I$use$fp
    printfa.o(i._printf_pre_padding) refers (Special) to iusefp.o(.text) for __I$use$fp
    printfa.o(i._snputc) refers (Special) to iusefp.o(.text) for __I$use$fp
    printfa.o(i._sputc) refers (Special) to iusefp.o(.text) for __I$use$fp
    entry2.o(.ARM.Collect$$$$00000001) refers to entry2.o(.ARM.Collect$$$$00002712) for __lit__00000000
    entry2.o(.ARM.Collect$$$$00002712) refers to startup.o(STACK) for __initial_sp
    entry2.o(__vectab_stack_and_reset_area) refers to startup.o(STACK) for __initial_sp
    entry2.o(__vectab_stack_and_reset_area) refers to entry.o(.ARM.Collect$$$$00000000) for __main
    entry5.o(.ARM.Collect$$$$00000004) refers to init.o(.text) for __scatterload
    entry8.o(.ARM.Collect$$$$00000009) refers to lab2main.o(.text) for main
    uldiv.o(.text) refers to llushr.o(.text) for __aeabi_llsr
    uldiv.o(.text) refers to llshl.o(.text) for __aeabi_llsl
    dadd.o(.text) refers to llshl.o(.text) for __aeabi_llsl
    dadd.o(.text) refers to llsshr.o(.text) for __aeabi_lasr
    dadd.o(.text) refers to depilogue.o(.text) for _double_epilogue
    dmul.o(.text) refers to depilogue.o(.text) for _double_epilogue
    ddiv.o(.text) refers to depilogue.o(.text) for _double_round
    dfixul.o(.text) refers to llushr.o(.text) for __aeabi_llsr
    dfixul.o(.text) refers to llshl.o(.text) for __aeabi_llsl
    init.o(.text) refers to entry5.o(.ARM.Collect$$$$00000004) for __main_after_scatterload
    depilogue.o(.text) refers to llshl.o(.text) for __aeabi_llsl
    depilogue.o(.text) refers to llushr.o(.text) for __aeabi_llsr


==============================================================================

Removing Unused input sections from the image.

    Removing startup.o(HEAP), (0 bytes).
    Removing output.o(.text), (1140 bytes).
    Removing output.o(.bss), (504 bytes).
    Removing output.o(.data), (7 bytes).
    Removing shell.o(.data), (1 bytes).
    Removing lab2main.o(.constdata), (4 bytes).
    Removing gpio.o(i.GPIODirModeGet), (34 bytes).
    Removing gpio.o(i.GPIOGetIntNumber), (156 bytes).
    Removing gpio.o(i.GPIOIntTypeGet), (48 bytes).
    Removing gpio.o(i.GPIOIntTypeSet), (58 bytes).
    Removing gpio.o(i.GPIOPadConfigGet), (140 bytes).
    Removing gpio.o(i.GPIOPinConfigure), (72 bytes).
    Removing gpio.o(i.GPIOPinIntClear), (6 bytes).
    Removing gpio.o(i.GPIOPinIntDisable), (14 bytes).
    Removing gpio.o(i.GPIOPinIntEnable), (12 bytes).
    Removing gpio.o(i.GPIOPinIntStatus), (14 bytes).
    Removing gpio.o(i.GPIOPinRead), (6 bytes).
    Removing gpio.o(i.GPIOPinTypeADC), (28 bytes).
    Removing gpio.o(i.GPIOPinTypeCAN), (28 bytes).
    Removing gpio.o(i.GPIOPinTypeComparator), (28 bytes).
    Removing gpio.o(i.GPIOPinTypeEPI), (28 bytes).
    Removing gpio.o(i.GPIOPinTypeEthernetLED), (28 bytes).
    Removing gpio.o(i.GPIOPinTypeGPIOInput), (28 bytes).
    Removing gpio.o(i.GPIOPinTypeGPIOOutputOD), (28 bytes).
    Removing gpio.o(i.GPIOPinTypeI2C), (28 bytes).
    Removing gpio.o(i.GPIOPinTypeI2S), (28 bytes).
    Removing gpio.o(i.GPIOPinTypePWM), (28 bytes).
    Removing gpio.o(i.GPIOPinTypeQEI), (28 bytes).
    Removing gpio.o(i.GPIOPinTypeTimer), (28 bytes).
    Removing gpio.o(i.GPIOPinTypeUART), (28 bytes).
    Removing gpio.o(i.GPIOPinTypeUSBAnalog), (28 bytes).
    Removing gpio.o(i.GPIOPinTypeUSBDigital), (28 bytes).
    Removing gpio.o(i.GPIOPortIntRegister), (26 bytes).
    Removing gpio.o(i.GPIOPortIntUnregister), (22 bytes).
    Removing gpio.o(.constdata), (72 bytes).
    Removing ssi.o(i.SSIDMADisable), (10 bytes).
    Removing ssi.o(i.SSIDMAEnable), (8 bytes).
    Removing ssi.o(i.SSIDataGet), (14 bytes).
    Removing ssi.o(i.SSIDataPutNonBlocking), (16 bytes).
    Removing ssi.o(i.SSIIntClear), (4 bytes).
    Removing ssi.o(i.SSIIntDisable), (10 bytes).
    Removing ssi.o(i.SSIIntEnable), (8 bytes).
    Removing ssi.o(i.SSIIntRegister), (32 bytes).
    Removing ssi.o(i.SSIIntStatus), (10 bytes).
    Removing ssi.o(i.SSIIntUnregister), (32 bytes).
    Removing sysctl.o(i.SysCtlADCSpeedGet), (16 bytes).
    Removing sysctl.o(i.SysCtlADCSpeedSet), (32 bytes).
    Removing sysctl.o(i.SysCtlBrownOutConfigSet), (16 bytes).
    Removing sysctl.o(i.SysCtlClkVerificationClear), (20 bytes).
    Removing sysctl.o(i.SysCtlDeepSleep), (32 bytes).
    Removing sysctl.o(i.SysCtlFlashSizeGet), (20 bytes).
    Removing sysctl.o(i.SysCtlGPIOAHBDisable), (20 bytes).
    Removing sysctl.o(i.SysCtlGPIOAHBEnable), (16 bytes).
    Removing sysctl.o(i.SysCtlI2SMClkSet), (216 bytes).
    Removing sysctl.o(i.SysCtlIOSCVerificationSet), (24 bytes).
    Removing sysctl.o(i.SysCtlIntClear), (12 bytes).
    Removing sysctl.o(i.SysCtlIntDisable), (16 bytes).
    Removing sysctl.o(i.SysCtlIntEnable), (16 bytes).
    Removing sysctl.o(i.SysCtlIntRegister), (20 bytes).
    Removing sysctl.o(i.SysCtlIntStatus), (16 bytes).
    Removing sysctl.o(i.SysCtlIntUnregister), (18 bytes).
    Removing sysctl.o(i.SysCtlLDOConfigSet), (12 bytes).
    Removing sysctl.o(i.SysCtlLDOGet), (12 bytes).
    Removing sysctl.o(i.SysCtlLDOSet), (12 bytes).
    Removing sysctl.o(i.SysCtlMOSCVerificationSet), (24 bytes).
    Removing sysctl.o(i.SysCtlPLLVerificationSet), (24 bytes).
    Removing sysctl.o(i.SysCtlPWMClockGet), (24 bytes).
    Removing sysctl.o(i.SysCtlPWMClockSet), (20 bytes).
    Removing sysctl.o(i.SysCtlPeripheralClockGating), (24 bytes).
    Removing sysctl.o(i.SysCtlPeripheralDeepSleepDisable), (32 bytes).
    Removing sysctl.o(i.SysCtlPeripheralDeepSleepEnable), (32 bytes).
    Removing sysctl.o(i.SysCtlPeripheralDisable), (32 bytes).
    Removing sysctl.o(i.SysCtlPeripheralPresent), (64 bytes).
    Removing sysctl.o(i.SysCtlPeripheralReset), (56 bytes).
    Removing sysctl.o(i.SysCtlPeripheralSleepDisable), (32 bytes).
    Removing sysctl.o(i.SysCtlPeripheralSleepEnable), (32 bytes).
    Removing sysctl.o(i.SysCtlPinPresent), (16 bytes).
    Removing sysctl.o(i.SysCtlReset), (16 bytes).
    Removing sysctl.o(i.SysCtlResetCauseClear), (16 bytes).
    Removing sysctl.o(i.SysCtlResetCauseGet), (12 bytes).
    Removing sysctl.o(i.SysCtlSRAMSizeGet), (20 bytes).
    Removing sysctl.o(i.SysCtlSleep), (4 bytes).
    Removing sysctl.o(i.SysCtlUSBPLLDisable), (16 bytes).
    Removing sysctl.o(i.SysCtlUSBPLLEnable), (16 bytes).
    Removing cpu.o(.emb_text), (26 bytes).
    Removing interrupt.o(i.IntDefaultHandler), (2 bytes).
    Removing interrupt.o(i.IntDisable), (104 bytes).
    Removing interrupt.o(i.IntEnable), (104 bytes).
    Removing interrupt.o(i.IntMasterDisable), (10 bytes).
    Removing interrupt.o(i.IntMasterEnable), (10 bytes).
    Removing interrupt.o(i.IntPendClear), (72 bytes).
    Removing interrupt.o(i.IntPendSet), (90 bytes).
    Removing interrupt.o(i.IntPriorityGet), (28 bytes).
    Removing interrupt.o(i.IntPriorityGroupingGet), (40 bytes).
    Removing interrupt.o(i.IntPriorityGroupingSet), (28 bytes).
    Removing interrupt.o(i.IntPrioritySet), (40 bytes).
    Removing interrupt.o(i.IntRegister), (56 bytes).
    Removing interrupt.o(i.IntUnregister), (20 bytes).
    Removing interrupt.o(.constdata), (104 bytes).
    Removing interrupt.o(vtable), (284 bytes).
    Removing dadd.o(.text), (332 bytes).
    Removing dmul.o(.text), (224 bytes).
    Removing ddiv.o(.text), (222 bytes).
    Removing dfixul.o(.text), (48 bytes).
    Removing cdrcmple.o(.text), (40 bytes).
    Removing depilogue.o(.text), (190 bytes).

106 unused section(s) (total 6032 bytes) removed from the image.

==============================================================================

Image Symbol Table

    Local Symbols

    Symbol Name                              Value     Ov Type        Size  Object(Section)

    RESET                                    0x00000000   Section      280  startup.o(RESET)
    ../../microlib/division.c                0x00000000   Number         0  uldiv.o ABSOLUTE
    ../../microlib/division.c                0x00000000   Number         0  uidiv.o ABSOLUTE
    ../../microlib/fpadd.c                   0x00000000   Number         0  dadd.o ABSOLUTE
    ../../microlib/fpdiv.c                   0x00000000   Number         0  ddiv.o ABSOLUTE
    ../../microlib/fpepilogue.c              0x00000000   Number         0  depilogue.o ABSOLUTE
    ../../microlib/fpfix.c                   0x00000000   Number         0  dfixul.o ABSOLUTE
    ../../microlib/fpmul.c                   0x00000000   Number         0  dmul.o ABSOLUTE
    ../../microlib/init/entry.s              0x00000000   Number         0  entry7a.o ABSOLUTE
    ../../microlib/init/entry.s              0x00000000   Number         0  entry8.o ABSOLUTE
    ../../microlib/init/entry.s              0x00000000   Number         0  entry5.o ABSOLUTE
    ../../microlib/init/entry.s              0x00000000   Number         0  entry.o ABSOLUTE
    ../../microlib/init/entry.s              0x00000000   Number         0  entry7b.o ABSOLUTE
    ../../microlib/init/entry.s              0x00000000   Number         0  entry2.o ABSOLUTE
    ../../microlib/longlong.c                0x00000000   Number         0  llshl.o ABSOLUTE
    ../../microlib/longlong.c                0x00000000   Number         0  llushr.o ABSOLUTE
    ../../microlib/longlong.c                0x00000000   Number         0  llsshr.o ABSOLUTE
    ../../microlib/printf/printf.c           0x00000000   Number         0  printf8.o ABSOLUTE
    ../../microlib/printf/printf.c           0x00000000   Number         0  printf7.o ABSOLUTE
    ../../microlib/printf/printf.c           0x00000000   Number         0  printf6.o ABSOLUTE
    ../../microlib/printf/printf.c           0x00000000   Number         0  printf5.o ABSOLUTE
    ../../microlib/printf/printf.c           0x00000000   Number         0  printf0.o ABSOLUTE
    ../../microlib/printf/printf.c           0x00000000   Number         0  printf2.o ABSOLUTE
    ../../microlib/printf/printf.c           0x00000000   Number         0  printfb.o ABSOLUTE
    ../../microlib/printf/printf.c           0x00000000   Number         0  printf3.o ABSOLUTE
    ../../microlib/printf/printf.c           0x00000000   Number         0  printfa.o ABSOLUTE
    ../../microlib/printf/printf.c           0x00000000   Number         0  printf4.o ABSOLUTE
    ../../microlib/printf/printf.c           0x00000000   Number         0  printf1.o ABSOLUTE
    ../../microlib/printf/stubs.s            0x00000000   Number         0  stubs.o ABSOLUTE
    ../../microlib/stdio/streams.c           0x00000000   Number         0  stdout.o ABSOLUTE
    ../../microlib/string/memcpy.c           0x00000000   Number         0  memcpya.o ABSOLUTE
    ../../microlib/string/memcpy.c           0x00000000   Number         0  memcpyb.o ABSOLUTE
    ../../microlib/string/memset.c           0x00000000   Number         0  memseta.o ABSOLUTE
    ../../microlib/string/strcmp.c           0x00000000   Number         0  strcmp.o ABSOLUTE
    ../../microlib/string/strcpy.c           0x00000000   Number         0  strcpy.o ABSOLUTE
    ../../microlib/string/strlen.c           0x00000000   Number         0  strlen.o ABSOLUTE
    ../../microlib/stubs.s                   0x00000000   Number         0  iusefp.o ABSOLUTE
    ..\Lab2_Final\ADC.c                      0x00000000   Number         0  adc.o ABSOLUTE
    Lab2Main.c                               0x00000000   Number         0  lab2main.o ABSOLUTE
    OS.c                                     0x00000000   Number         0  os.o ABSOLUTE
    OS_Buttons.c                             0x00000000   Number         0  os_buttons.o ABSOLUTE
    OS_Critical.c                            0x00000000   Number         0  os_critical.o ABSOLUTE
    OS_Critical.c                            0x00000000   Number         0  os_critical.o ABSOLUTE
    OS_DataStructures.c                      0x00000000   Number         0  os_datastructures.o ABSOLUTE
    OS_Threads.c                             0x00000000   Number         0  os_threads.o ABSOLUTE
    OS_Time.c                                0x00000000   Number         0  os_time.o ABSOLUTE
    Output.c                                 0x00000000   Number         0  output.o ABSOLUTE
    PID_stm32.s                              0x00000000   Number         0  pid_stm32.o ABSOLUTE
    Startup.s                                0x00000000   Number         0  startup.o ABSOLUTE
    UART.c                                   0x00000000   Number         0  uart.o ABSOLUTE
    cdrcmple.s                               0x00000000   Number         0  cdrcmple.o ABSOLUTE
    cpu.c                                    0x00000000   Number         0  cpu.o ABSOLUTE
    cpu.c                                    0x00000000   Number         0  cpu.o ABSOLUTE
    cr4_fft_64_stm32.s                       0x00000000   Number         0  cr4_fft_64_stm32.o ABSOLUTE
    dc.s                                     0x00000000   Number         0  dc.o ABSOLUTE
    gpio.c                                   0x00000000   Number         0  gpio.o ABSOLUTE
    handlers.s                               0x00000000   Number         0  handlers.o ABSOLUTE
    init.s                                   0x00000000   Number         0  init.o ABSOLUTE
    interrupt.c                              0x00000000   Number         0  interrupt.o ABSOLUTE
    osasm.s                                  0x00000000   Number         0  osasm.o ABSOLUTE
    rit128x96x4.c                            0x00000000   Number         0  rit128x96x4.o ABSOLUTE
    shell.c                                  0x00000000   Number         0  shell.o ABSOLUTE
    ssi.c                                    0x00000000   Number         0  ssi.o ABSOLUTE
    sysctl.c                                 0x00000000   Number         0  sysctl.o ABSOLUTE
    sysctl.c                                 0x00000000   Number         0  sysctl.o ABSOLUTE
    .ARM.Collect$$$$00000000                 0x00000118   Section        0  entry.o(.ARM.Collect$$$$00000000)
    .ARM.Collect$$$$00000001                 0x00000118   Section        4  entry2.o(.ARM.Collect$$$$00000001)
    .ARM.Collect$$$$00000004                 0x0000011c   Section        4  entry5.o(.ARM.Collect$$$$00000004)
    .ARM.Collect$$$$00000008                 0x00000120   Section        0  entry7b.o(.ARM.Collect$$$$00000008)
    .ARM.Collect$$$$00000009                 0x00000120   Section        8  entry8.o(.ARM.Collect$$$$00000009)
    .ARM.Collect$$$$00002712                 0x00000128   Section        4  entry2.o(.ARM.Collect$$$$00002712)
    __lit__00000000                          0x00000128   Data           4  entry2.o(.ARM.Collect$$$$00002712)
    .emb_text                                0x0000012c   Section       14  os_critical.o(.emb_text)
    .emb_text                                0x0000013c   Section        6  sysctl.o(.emb_text)
    .text                                    0x00000144   Section       28  startup.o(.text)
    .text                                    0x00000160   Section        0  rit128x96x4.o(.text)
    RITWriteCommand                          0x00000167   Thumb Code   130  rit128x96x4.o(.text)
    RITWriteData                             0x000001e9   Thumb Code   130  rit128x96x4.o(.text)
    _OLED_Find                               0x000004f9   Thumb Code    24  rit128x96x4.o(.text)
    .text                                    0x000007f0   Section        0  shell.o(.text)
    _SH_findVar                              0x000007f1   Thumb Code   110  shell.o(.text)
    _SH_getVar                               0x0000085f   Thumb Code    32  shell.o(.text)
    _SH_setVar                               0x0000087f   Thumb Code    50  shell.o(.text)
    _SH_Execute                              0x000009ff   Thumb Code   126  shell.o(.text)
    .text                                    0x00000ca4   Section        0  uart.o(.text)
    .text                                    0x00000ecc   Section      228  osasm.o(.text)
    .text                                    0x00000fb0   Section        0  lab2main.o(.text)
    .text                                    0x0000172c   Section        0  adc.o(.text)
    _ADC_SetTimer0APeriod                    0x0000172d   Thumb Code     8  adc.o(.text)
    .text                                    0x00001974   Section       72  pid_stm32.o(.text)
    .text                                    0x000019bc   Section      718  cr4_fft_64_stm32.o(.text)
    .text                                    0x00001c8c   Section        0  os_buttons.o(.text)
    DebouncePortFTask                        0x00001e01   Thumb Code    46  os_buttons.o(.text)
    DebouncePortETask                        0x00001e5f   Thumb Code    46  os_buttons.o(.text)
    .text                                    0x00001f18   Section        0  os_datastructures.o(.text)
    .text                                    0x000020cc   Section        0  os_threads.o(.text)
    _OS_SetInitialStack                      0x000020cd   Thumb Code   132  os_threads.o(.text)
    .text                                    0x00002414   Section        0  os_time.o(.text)
    _OS_Inc_Time                             0x00002415   Thumb Code    14  os_time.o(.text)
    _OS_Update_Root                          0x00002423   Thumb Code    40  os_time.o(.text)
    .text                                    0x00002860   Section        0  os.o(.text)
    _OS_Default_Thread                       0x000028ff   Thumb Code     8  os.o(.text)
    .text                                    0x00002a08   Section        0  memcpya.o(.text)
    .text                                    0x00002a2c   Section        0  memseta.o(.text)
    .text                                    0x00002a52   Section        0  strlen.o(.text)
    .text                                    0x00002a62   Section        0  strcmp.o(.text)
    .text                                    0x00002a7e   Section        0  strcpy.o(.text)
    .text                                    0x00002a90   Section        0  uidiv.o(.text)
    .text                                    0x00002abc   Section       36  init.o(.text)
    i.GPIODirModeSet                         0x00002ae0   Section        0  gpio.o(i.GPIODirModeSet)
    i.GPIOPadConfigSet                       0x00002b08   Section        0  gpio.o(i.GPIOPadConfigSet)
    i.GPIOPinTypeGPIOOutput                  0x00002bb8   Section        0  gpio.o(i.GPIOPinTypeGPIOOutput)
    i.GPIOPinTypeSSI                         0x00002bd4   Section        0  gpio.o(i.GPIOPinTypeSSI)
    i.GPIOPinWrite                           0x00002bf0   Section        0  gpio.o(i.GPIOPinWrite)
    i.SSIBusy                                0x00002bf6   Section        0  ssi.o(i.SSIBusy)
    i.SSIConfigSetExpClk                     0x00002bfe   Section        0  ssi.o(i.SSIConfigSetExpClk)
    i.SSIDataGetNonBlocking                  0x00002c4a   Section        0  ssi.o(i.SSIDataGetNonBlocking)
    i.SSIDataPut                             0x00002c5c   Section        0  ssi.o(i.SSIDataPut)
    i.SSIDisable                             0x00002c68   Section        0  ssi.o(i.SSIDisable)
    i.SSIEnable                              0x00002c72   Section        0  ssi.o(i.SSIEnable)
    i.SysCtlClockGet                         0x00002c7c   Section        0  sysctl.o(i.SysCtlClockGet)
    i.SysCtlClockSet                         0x00002e60   Section        0  sysctl.o(i.SysCtlClockSet)
    i.SysCtlPeripheralEnable                 0x00002f98   Section        0  sysctl.o(i.SysCtlPeripheralEnable)
    i.__0sprintf$1                           0x00002fb8   Section        0  printf1.o(i.__0sprintf$1)
    i.__scatterload_copy                     0x00002fe0   Section       14  handlers.o(i.__scatterload_copy)
    i.__scatterload_null                     0x00002fee   Section        2  handlers.o(i.__scatterload_null)
    i.__scatterload_zeroinit                 0x00002ff0   Section       14  handlers.o(i.__scatterload_zeroinit)
    i._printf_core                           0x00003000   Section        0  printf1.o(i._printf_core)
    _printf_core                             0x00003001   Thumb Code   332  printf1.o(i._printf_core)
    i._sputc                                 0x00003150   Section        0  printf1.o(i._sputc)
    _sputc                                   0x00003151   Thumb Code    10  printf1.o(i._sputc)
    .constdata                               0x0000315a   Section      571  rit128x96x4.o(.constdata)
    g_pucRIT128x96x4VerticalInc              0x0000315a   Data           2  rit128x96x4.o(.constdata)
    g_pucRIT128x96x4HorizontalInc            0x0000315c   Data           2  rit128x96x4.o(.constdata)
    g_pucFont                                0x0000315e   Data         480  rit128x96x4.o(.constdata)
    g_pucRIT128x96x4Init                     0x0000333e   Data          79  rit128x96x4.o(.constdata)
    pucCommand1                              0x0000338d   Data           3  rit128x96x4.o(.constdata)
    pucCommand2                              0x00003390   Data           3  rit128x96x4.o(.constdata)
    pucCommand1                              0x00003393   Data           2  rit128x96x4.o(.constdata)
    .constdata                               0x00003398   Section      156  sysctl.o(.constdata)
    g_pulDCRegs                              0x00003398   Data          16  sysctl.o(.constdata)
    g_pulSRCRRegs                            0x000033a8   Data          12  sysctl.o(.constdata)
    g_pulRCGCRegs                            0x000033b4   Data          12  sysctl.o(.constdata)
    g_pulSCGCRegs                            0x000033c0   Data          12  sysctl.o(.constdata)
    g_pulDCGCRegs                            0x000033cc   Data          12  sysctl.o(.constdata)
    g_pulXtals                               0x000033d8   Data          92  sysctl.o(.constdata)
    .data                                    0x20000000   Section       28  rit128x96x4.o(.data)
    _OLED_color                              0x20000000   Data           1  rit128x96x4.o(.data)
    line                                     0x20000004   Data           8  rit128x96x4.o(.data)
    OLED_ENUM                                0x2000000c   Data           1  rit128x96x4.o(.data)
    g_ulSSIFlags                             0x20000010   Data           4  rit128x96x4.o(.data)
    g_pucBuffer                              0x20000014   Data           8  rit128x96x4.o(.data)
    .data                                    0x2000001c   Section       68  lab2main.o(.data)
    n                                        0x20000024   Data           4  lab2main.o(.data)
    LastTime                                 0x20000028   Data           4  lab2main.o(.data)
    OLED_ENUM                                0x2000002c   Data           1  lab2main.o(.data)
    voltage                                  0x20000050   Data           4  lab2main.o(.data)
    .data                                    0x20000060   Section        8  adc.o(.data)
    .data                                    0x20000068   Section       16  os_buttons.o(.data)
    _OS_SelTask                              0x20000068   Data           4  os_buttons.o(.data)
    _OS_DownTask                             0x2000006c   Data           4  os_buttons.o(.data)
    haveInit                                 0x20000070   Data           4  os_buttons.o(.data)
    haveInit                                 0x20000074   Data           4  os_buttons.o(.data)
    .data                                    0x20000078   Section        8  os_datastructures.o(.data)
    .data                                    0x20000080   Section        4  os_threads.o(.data)
    num                                      0x20000080   Data           4  os_threads.o(.data)
    .data                                    0x20000084   Section       44  os_time.o(.data)
    MinJitter                                0x20000084   Data          16  os_time.o(.data)
    _OS_int_time                             0x200000a0   Data           4  os_time.o(.data)
    _OS_cur_time                             0x200000a4   Data           4  os_time.o(.data)
    _OS_Num_Tasks                            0x200000a8   Data           4  os_time.o(.data)
    firstTime                                0x200000ac   Data           4  os_time.o(.data)
    .data                                    0x200000b0   Section       32  os.o(.data)
    OLED_ENUM                                0x200000bc   Data           1  os.o(.data)
    .bss                                     0x200000d0   Section      532  rit128x96x4.o(.bss)
    char_buff                                0x200000d0   Data         264  rit128x96x4.o(.bss)
    .bss                                     0x200002e4   Section     2304  shell.o(.bss)
    _SH_Env                                  0x200002e4   Data        2304  shell.o(.bss)
    .bss                                     0x20000be4   Section     1060  lab2main.o(.bss)
    x                                        0x20000ce4   Data          12  lab2main.o(.bss)
    y                                        0x20000cf0   Data          12  lab2main.o(.bss)
    .bss                                     0x20001008   Section       32  adc.o(.bss)
    _ADC_tasks                               0x20001018   Data          16  adc.o(.bss)
    .bss                                     0x20001028   Section     1056  os_time.o(.bss)
    MaxJitter                                0x20001028   Data          16  os_time.o(.bss)
    LastTime                                 0x20001038   Data          16  os_time.o(.bss)
    JitterHistogram                          0x20001048   Data        1024  os_time.o(.bss)
    .bss                                     0x20001448   Section    37324  os.o(.bss)
    STACK                                    0x2000a618   Section     1024  startup.o(STACK)
    StackMem                                 0x2000a618   Data           0  startup.o(STACK)

    Global Symbols

    Symbol Name                              Value     Ov Type        Size  Object(Section)

    BuildAttributes$$THM_ISAv4$P$D$K$B$S$PE$A:L22UL41UL21$X:L11$S22US41US21$IEEE1$IW$USESV6$~STKCKD$USESV7$~SHL$OTIME$ROPI$EBA8$MICROLIB$REQ8$PRES8$EABIv2 0x00000000   Number         0  anon$$obj.o ABSOLUTE
    __ARM_use_no_argv                        0x00000000   Number         0  lab2main.o ABSOLUTE
    __Vectors                                0x00000000   Data           0  startup.o(RESET)
    _printf_a                                0x00000000   Number         0  stubs.o ABSOLUTE
    _printf_c                                0x00000000   Number         0  stubs.o ABSOLUTE
    _printf_charcount                        0x00000000   Number         0  stubs.o ABSOLUTE
    _printf_d                                0x00000000   Number         0  stubs.o ABSOLUTE
    _printf_e                                0x00000000   Number         0  stubs.o ABSOLUTE
    _printf_f                                0x00000000   Number         0  stubs.o ABSOLUTE
    _printf_flags                            0x00000000   Number         0  stubs.o ABSOLUTE
    _printf_fp_dec                           0x00000000   Number         0  stubs.o ABSOLUTE
    _printf_fp_hex                           0x00000000   Number         0  stubs.o ABSOLUTE
    _printf_g                                0x00000000   Number         0  stubs.o ABSOLUTE
    _printf_i                                0x00000000   Number         0  stubs.o ABSOLUTE
    _printf_int_dec                          0x00000000   Number         0  stubs.o ABSOLUTE
    _printf_l                                0x00000000   Number         0  stubs.o ABSOLUTE
    _printf_lc                               0x00000000   Number         0  stubs.o ABSOLUTE
    _printf_ll                               0x00000000   Number         0  stubs.o ABSOLUTE
    _printf_lld                              0x00000000   Number         0  stubs.o ABSOLUTE
    _printf_lli                              0x00000000   Number         0  stubs.o ABSOLUTE
    _printf_llo                              0x00000000   Number         0  stubs.o ABSOLUTE
    _printf_llu                              0x00000000   Number         0  stubs.o ABSOLUTE
    _printf_llx                              0x00000000   Number         0  stubs.o ABSOLUTE
    _printf_longlong_dec                     0x00000000   Number         0  stubs.o ABSOLUTE
    _printf_longlong_hex                     0x00000000   Number         0  stubs.o ABSOLUTE
    _printf_longlong_oct                     0x00000000   Number         0  stubs.o ABSOLUTE
    _printf_ls                               0x00000000   Number         0  stubs.o ABSOLUTE
    _printf_mbtowc                           0x00000000   Number         0  stubs.o ABSOLUTE
    _printf_n                                0x00000000   Number         0  stubs.o ABSOLUTE
    _printf_o                                0x00000000   Number         0  stubs.o ABSOLUTE
    _printf_p                                0x00000000   Number         0  stubs.o ABSOLUTE
    _printf_percent                          0x00000000   Number         0  stubs.o ABSOLUTE
    _printf_pre_padding                      0x00000000   Number         0  stubs.o ABSOLUTE
    _printf_return_value                     0x00000000   Number         0  stubs.o ABSOLUTE
    _printf_s                                0x00000000   Number         0  stubs.o ABSOLUTE
    _printf_sizespec                         0x00000000   Number         0  stubs.o ABSOLUTE
    _printf_str                              0x00000000   Number         0  stubs.o ABSOLUTE
    _printf_truncate_signed                  0x00000000   Number         0  stubs.o ABSOLUTE
    _printf_truncate_unsigned                0x00000000   Number         0  stubs.o ABSOLUTE
    _printf_u                                0x00000000   Number         0  stubs.o ABSOLUTE
    _printf_wc                               0x00000000   Number         0  stubs.o ABSOLUTE
    _printf_wctomb                           0x00000000   Number         0  stubs.o ABSOLUTE
    _printf_widthprec                        0x00000000   Number         0  stubs.o ABSOLUTE
    _printf_x                                0x00000000   Number         0  stubs.o ABSOLUTE
    __decompress                              - Undefined Weak Reference
    _clock_init                               - Undefined Weak Reference
    Reset_Handler                            0x00000101   Thumb Code     0  startup.o(RESET)
    NMI_Handler                              0x00000105   Thumb Code     2  startup.o(RESET)
    HardFault_Handler                        0x00000107   Thumb Code     2  startup.o(RESET)
    MemManage_Handler                        0x00000109   Thumb Code     2  startup.o(RESET)
    BusFault_Handler                         0x0000010b   Thumb Code     2  startup.o(RESET)
    UsageFault_Handler                       0x0000010d   Thumb Code     2  startup.o(RESET)
    SVC_Handler                              0x0000010f   Thumb Code     2  startup.o(RESET)
    DebugMon_Handler                         0x00000111   Thumb Code     2  startup.o(RESET)
    ADC0_Handler                             0x00000117   Thumb Code     0  startup.o(RESET)
    ADC2_Handler                             0x00000117   Thumb Code     0  startup.o(RESET)
    ADC3_Handler                             0x00000117   Thumb Code     0  startup.o(RESET)
    CAN0_Handler                             0x00000117   Thumb Code     0  startup.o(RESET)
    CAN1_Handler                             0x00000117   Thumb Code     0  startup.o(RESET)
    CAN2_Handler                             0x00000117   Thumb Code     0  startup.o(RESET)
    Comp0_Handler                            0x00000117   Thumb Code     0  startup.o(RESET)
    Comp1_Handler                            0x00000117   Thumb Code     0  startup.o(RESET)
    Comp2_Handler                            0x00000117   Thumb Code     0  startup.o(RESET)
    Ethernet_Handler                         0x00000117   Thumb Code     0  startup.o(RESET)
    FlashCtl_Handler                         0x00000117   Thumb Code     0  startup.o(RESET)
    GPIOPortA_Handler                        0x00000117   Thumb Code     0  startup.o(RESET)
    GPIOPortB_Handler                        0x00000117   Thumb Code     0  startup.o(RESET)
    GPIOPortC_Handler                        0x00000117   Thumb Code     0  startup.o(RESET)
    GPIOPortD_Handler                        0x00000117   Thumb Code     0  startup.o(RESET)
    GPIOPortG_Handler                        0x00000117   Thumb Code     0  startup.o(RESET)
    GPIOPortH_Handler                        0x00000117   Thumb Code     0  startup.o(RESET)
    Hibernate_Handler                        0x00000117   Thumb Code     0  startup.o(RESET)
    I2C0_Handler                             0x00000117   Thumb Code     0  startup.o(RESET)
    I2C1_Handler                             0x00000117   Thumb Code     0  startup.o(RESET)
    PWM0_Handler                             0x00000117   Thumb Code     0  startup.o(RESET)
    PWM1_Handler                             0x00000117   Thumb Code     0  startup.o(RESET)
    PWM2_Handler                             0x00000117   Thumb Code     0  startup.o(RESET)
    PWM3_Handler                             0x00000117   Thumb Code     0  startup.o(RESET)
    PWMFault_Handler                         0x00000117   Thumb Code     0  startup.o(RESET)
    Quadrature0_Handler                      0x00000117   Thumb Code     0  startup.o(RESET)
    Quadrature1_Handler                      0x00000117   Thumb Code     0  startup.o(RESET)
    SSI0_Handler                             0x00000117   Thumb Code     0  startup.o(RESET)
    SSI1_Handler                             0x00000117   Thumb Code     0  startup.o(RESET)
    SysCtl_Handler                           0x00000117   Thumb Code     0  startup.o(RESET)
    Timer0A_Handler                          0x00000117   Thumb Code     0  startup.o(RESET)
    Timer0B_Handler                          0x00000117   Thumb Code     0  startup.o(RESET)
    Timer1A_Handler                          0x00000117   Thumb Code     0  startup.o(RESET)
    Timer1B_Handler                          0x00000117   Thumb Code     0  startup.o(RESET)
    Timer3A_Handler                          0x00000117   Thumb Code     0  startup.o(RESET)
    Timer3B_Handler                          0x00000117   Thumb Code     0  startup.o(RESET)
    UART0_Handler                            0x00000117   Thumb Code     0  startup.o(RESET)
    UART1_Handler                            0x00000117   Thumb Code     0  startup.o(RESET)
    UART2_Handler                            0x00000117   Thumb Code     0  startup.o(RESET)
    USB0_Handler                             0x00000117   Thumb Code     0  startup.o(RESET)
    WDT_Handler                              0x00000117   Thumb Code     0  startup.o(RESET)
    uDMA_Error                               0x00000117   Thumb Code     0  startup.o(RESET)
    uDMA_Handler                             0x00000117   Thumb Code     0  startup.o(RESET)
    __main                                   0x00000119   Thumb Code     0  entry.o(.ARM.Collect$$$$00000000)
    _main_stk                                0x00000119   Thumb Code     0  entry2.o(.ARM.Collect$$$$00000001)
    _main_scatterload                        0x0000011d   Thumb Code     0  entry5.o(.ARM.Collect$$$$00000004)
    __main_after_scatterload                 0x00000121   Thumb Code     0  entry5.o(.ARM.Collect$$$$00000004)
    _main_clock                              0x00000121   Thumb Code     0  entry7b.o(.ARM.Collect$$$$00000008)
    _main_init                               0x00000121   Thumb Code     0  entry8.o(.ARM.Collect$$$$00000009)
    OS_CPU_SR_Save                           0x0000012d   Thumb Code     8  os_critical.o(.emb_text)
    OS_CPU_SR_Restore                        0x00000135   Thumb Code     6  os_critical.o(.emb_text)
    SysCtlDelay                              0x0000013d   Thumb Code     6  sysctl.o(.emb_text)
    DisableInterrupts                        0x00000145   Thumb Code     0  startup.o(.text)
    EnableInterrupts                         0x00000149   Thumb Code     0  startup.o(.text)
    StartCritical                            0x0000014d   Thumb Code     0  startup.o(.text)
    EndCritical                              0x00000155   Thumb Code     0  startup.o(.text)
    WaitForInterrupt                         0x0000015b   Thumb Code     0  startup.o(.text)
    OLED_Set_Color                           0x00000161   Thumb Code     6  rit128x96x4.o(.text)
    RIT128x96x4Clear                         0x0000026b   Thumb Code    76  rit128x96x4.o(.text)
    RIT128x96x4Enable                        0x000002b7   Thumb Code    92  rit128x96x4.o(.text)
    RIT128x96x4Init                          0x00000313   Thumb Code   156  rit128x96x4.o(.text)
    OLED_Init                                0x000003af   Thumb Code    26  rit128x96x4.o(.text)
    OLED_Get_Color                           0x000003c9   Thumb Code     6  rit128x96x4.o(.text)
    RIT128x96x4StringDraw                    0x000003cf   Thumb Code   254  rit128x96x4.o(.text)
    _OLED_Message                            0x000004cd   Thumb Code    44  rit128x96x4.o(.text)
    OLED_Out                                 0x00000511   Thumb Code   440  rit128x96x4.o(.text)
    RIT128x96x4ImageDraw                     0x000006c9   Thumb Code   120  rit128x96x4.o(.text)
    RIT128x96x4Disable                       0x00000741   Thumb Code    86  rit128x96x4.o(.text)
    RIT128x96x4DisplayOn                     0x00000797   Thumb Code    40  rit128x96x4.o(.text)
    RIT128x96x4DisplayOff                    0x000007bf   Thumb Code    12  rit128x96x4.o(.text)
    SH_Init                                  0x000008b1   Thumb Code    48  shell.o(.text)
    SH_ClearLog                              0x000008e1   Thumb Code    24  shell.o(.text)
    SH_Log                                   0x000008f9   Thumb Code   262  shell.o(.text)
    SH_Shell                                 0x00000a7d   Thumb Code    80  shell.o(.text)
    SH_Jitter                                0x00000acd   Thumb Code    10  shell.o(.text)
    UART_Init                                0x00000ca5   Thumb Code    94  uart.o(.text)
    UART_InChar                              0x00000d03   Thumb Code    20  uart.o(.text)
    UART_OutChar                             0x00000d17   Thumb Code    18  uart.o(.text)
    UART_OutString                           0x00000d29   Thumb Code    24  uart.o(.text)
    UART_InUDec                              0x00000d41   Thumb Code    86  uart.o(.text)
    UART_OutUDec                             0x00000d97   Thumb Code    44  uart.o(.text)
    UART_InUHex                              0x00000dc3   Thumb Code   114  uart.o(.text)
    UART_OutUHex                             0x00000e35   Thumb Code    52  uart.o(.text)
    UART_InString                            0x00000e69   Thumb Code    78  uart.o(.text)
    OS_bWait                                 0x00000ecd   Thumb Code     0  osasm.o(.text)
    OS_bSignal                               0x00000eed   Thumb Code     0  osasm.o(.text)
    OS_Signal                                0x00000f0d   Thumb Code     0  osasm.o(.text)
    OS_Wait                                  0x00000f2d   Thumb Code     0  osasm.o(.text)
    SysTick_Handler                          0x00000f4d   Thumb Code     0  osasm.o(.text)
    PendSV_Handler                           0x00000f57   Thumb Code     0  osasm.o(.text)
    StartOS                                  0x00000f87   Thumb Code     0  osasm.o(.text)
    DisplayThread                            0x00000fb1   Thumb Code   104  lab2main.o(.text)
    Display                                  0x00001019   Thumb Code   102  lab2main.o(.text)
    Producer                                 0x0000107f   Thumb Code    50  lab2main.o(.text)
    Consumer                                 0x000010b1   Thumb Code   132  lab2main.o(.text)
    PID                                      0x00001135   Thumb Code   112  lab2main.o(.text)
    ButtonWork                               0x000011a5   Thumb Code   150  lab2main.o(.text)
    ButtonPush                               0x0000123b   Thumb Code    40  lab2main.o(.text)
    Filter                                   0x00001263   Thumb Code   198  lab2main.o(.text)
    DAS                                      0x00001329   Thumb Code   368  lab2main.o(.text)
    main                                     0x00001499   Thumb Code   256  lab2main.o(.text)
    dummyTask1                               0x00001599   Thumb Code    56  lab2main.o(.text)
    dummyTask2                               0x000015d1   Thumb Code    48  lab2main.o(.text)
    dummyTask3                               0x00001601   Thumb Code    58  lab2main.o(.text)
    dummyButtonTask                          0x0000163b   Thumb Code    16  lab2main.o(.text)
    dummyDownTask                            0x0000164b   Thumb Code    16  lab2main.o(.text)
    dummyPeriodicTask                        0x0000165b   Thumb Code    14  lab2main.o(.text)
    jerkTask                                 0x00001669   Thumb Code     4  lab2main.o(.text)
    ADC_TimerInit                            0x00001735   Thumb Code    92  adc.o(.text)
    ADC_Init                                 0x00001791   Thumb Code   246  adc.o(.text)
    ADC_Open                                 0x00001887   Thumb Code     8  adc.o(.text)
    ADC_In                                   0x0000188f   Thumb Code    48  adc.o(.text)
    ADC_Collect                              0x000018bf   Thumb Code    24  adc.o(.text)
    ADC1_Handler                             0x000018d7   Thumb Code   100  adc.o(.text)
    PID_stm32                                0x00001975   Thumb Code     0  pid_stm32.o(.text)
    cr4_fft_64_stm32                         0x000019bd   Thumb Code     0  cr4_fft_64_stm32.o(.text)
    PORTF_Init                               0x00001c8d   Thumb Code   116  os_buttons.o(.text)
    OS_AddButtonTask                         0x00001d01   Thumb Code    70  os_buttons.o(.text)
    PORTE_Init                               0x00001d47   Thumb Code   116  os_buttons.o(.text)
    OS_AddDownTask                           0x00001dbb   Thumb Code    70  os_buttons.o(.text)
    GPIOPortF_Handler                        0x00001e2f   Thumb Code    48  os_buttons.o(.text)
    GPIOPortE_Handler                        0x00001e8d   Thumb Code    48  os_buttons.o(.text)
    OS_Fifo_Init                             0x00001f19   Thumb Code    46  os_datastructures.o(.text)
    OS_Fifo_Put                              0x00001f47   Thumb Code   110  os_datastructures.o(.text)
    OS_Fifo_Get                              0x00001fb5   Thumb Code    80  os_datastructures.o(.text)
    OS_Fifo_Size                             0x00002005   Thumb Code    26  os_datastructures.o(.text)
    OS_MailBox_Init                          0x0000201f   Thumb Code    32  os_datastructures.o(.text)
    OS_MailBox_Send                          0x0000203f   Thumb Code    22  os_datastructures.o(.text)
    OS_MailBox_Recv                          0x00002055   Thumb Code    24  os_datastructures.o(.text)
    OS_LogEvent                              0x0000206d   Thumb Code    60  os_datastructures.o(.text)
    OS_AddThread                             0x00002151   Thumb Code   232  os_threads.o(.text)
    _OS_RemoveFromLL                         0x00002239   Thumb Code    38  os_threads.o(.text)
    OS_Kill                                  0x0000225f   Thumb Code   114  os_threads.o(.text)
    OS_Suspend                               0x000022d1   Thumb Code    34  os_threads.o(.text)
    OS_Sleep                                 0x000022f3   Thumb Code    26  os_threads.o(.text)
    _OS_InsertThread                         0x0000230d   Thumb Code    78  os_threads.o(.text)
    OS_FindNextThread                        0x0000235b   Thumb Code    78  os_threads.o(.text)
    OS_IncPriority                           0x000023a9   Thumb Code    80  os_threads.o(.text)
    OS_Add_Periodic_Thread                   0x0000244b   Thumb Code   232  os_time.o(.text)
    Timer2A_Init                             0x00002533   Thumb Code   100  os_time.o(.text)
    Timer2B_Init                             0x00002597   Thumb Code   142  os_time.o(.text)
    Timer2A_Handler                          0x00002625   Thumb Code   206  os_time.o(.text)
    Timer2B_Handler                          0x000026f3   Thumb Code    10  os_time.o(.text)
    OS_MsTime                                0x000026fd   Thumb Code     6  os_time.o(.text)
    OS_ClearMsTime                           0x00002703   Thumb Code    10  os_time.o(.text)
    OS_Time                                  0x0000270d   Thumb Code     8  os_time.o(.text)
    OS_TimeDifference                        0x00002715   Thumb Code    20  os_time.o(.text)
    OS_MeasureJitter                         0x00002729   Thumb Code   148  os_time.o(.text)
    OS_getMaxJitter                          0x000027bd   Thumb Code    10  os_time.o(.text)
    OS_getMinJitter                          0x000027c7   Thumb Code    10  os_time.o(.text)
    OS_start_interrupt                       0x000027d1   Thumb Code    12  os_time.o(.text)
    OS_end_interrupt                         0x000027dd   Thumb Code   120  os_time.o(.text)
    OS_max_int_time                          0x00002855   Thumb Code     6  os_time.o(.text)
    OS_InitSemaphore                         0x00002861   Thumb Code    16  os.o(.text)
    OS_Delay                                 0x00002871   Thumb Code    16  os.o(.text)
    OS_BlockThread                           0x00002881   Thumb Code    54  os.o(.text)
    OS_WakeThread                            0x000028b7   Thumb Code    48  os.o(.text)
    OS_WakeAllThreads                        0x000028e7   Thumb Code    24  os.o(.text)
    OS_Init                                  0x00002907   Thumb Code   172  os.o(.text)
    OS_Id                                    0x000029b3   Thumb Code    20  os.o(.text)
    OS_Launch                                0x000029c7   Thumb Code    26  os.o(.text)
    __aeabi_memcpy                           0x00002a09   Thumb Code    36  memcpya.o(.text)
    __aeabi_memcpy4                          0x00002a09   Thumb Code     0  memcpya.o(.text)
    __aeabi_memcpy8                          0x00002a09   Thumb Code     0  memcpya.o(.text)
    __aeabi_memset                           0x00002a2d   Thumb Code    14  memseta.o(.text)
    __aeabi_memset4                          0x00002a2d   Thumb Code     0  memseta.o(.text)
    __aeabi_memset8                          0x00002a2d   Thumb Code     0  memseta.o(.text)
    __aeabi_memclr                           0x00002a3b   Thumb Code     4  memseta.o(.text)
    __aeabi_memclr4                          0x00002a3b   Thumb Code     0  memseta.o(.text)
    __aeabi_memclr8                          0x00002a3b   Thumb Code     0  memseta.o(.text)
    _memset$wrapper                          0x00002a3f   Thumb Code    20  memseta.o(.text)
    strlen                                   0x00002a53   Thumb Code    16  strlen.o(.text)
    strcmp                                   0x00002a63   Thumb Code    28  strcmp.o(.text)
    strcpy                                   0x00002a7f   Thumb Code    18  strcpy.o(.text)
    __aeabi_uidiv                            0x00002a91   Thumb Code     0  uidiv.o(.text)
    __aeabi_uidivmod                         0x00002a91   Thumb Code    44  uidiv.o(.text)
    __scatterload                            0x00002abd   Thumb Code    28  init.o(.text)
    __scatterload_rt2                        0x00002abd   Thumb Code     0  init.o(.text)
    GPIODirModeSet                           0x00002ae1   Thumb Code    40  gpio.o(i.GPIODirModeSet)
    GPIOPadConfigSet                         0x00002b09   Thumb Code   176  gpio.o(i.GPIOPadConfigSet)
    GPIOPinTypeGPIOOutput                    0x00002bb9   Thumb Code    28  gpio.o(i.GPIOPinTypeGPIOOutput)
    GPIOPinTypeSSI                           0x00002bd5   Thumb Code    28  gpio.o(i.GPIOPinTypeSSI)
    GPIOPinWrite                             0x00002bf1   Thumb Code     6  gpio.o(i.GPIOPinWrite)
    SSIBusy                                  0x00002bf7   Thumb Code     8  ssi.o(i.SSIBusy)
    SSIConfigSetExpClk                       0x00002bff   Thumb Code    76  ssi.o(i.SSIConfigSetExpClk)
    SSIDataGetNonBlocking                    0x00002c4b   Thumb Code    18  ssi.o(i.SSIDataGetNonBlocking)
    SSIDataPut                               0x00002c5d   Thumb Code    12  ssi.o(i.SSIDataPut)
    SSIDisable                               0x00002c69   Thumb Code    10  ssi.o(i.SSIDisable)
    SSIEnable                                0x00002c73   Thumb Code    10  ssi.o(i.SSIEnable)
    SysCtlClockGet                           0x00002c7d   Thumb Code   438  sysctl.o(i.SysCtlClockGet)
    SysCtlClockSet                           0x00002e61   Thumb Code   288  sysctl.o(i.SysCtlClockSet)
    SysCtlPeripheralEnable                   0x00002f99   Thumb Code    26  sysctl.o(i.SysCtlPeripheralEnable)
    __0sprintf$1                             0x00002fb9   Thumb Code    34  printf1.o(i.__0sprintf$1)
    __1sprintf$1                             0x00002fb9   Thumb Code     0  printf1.o(i.__0sprintf$1)
    __2sprintf                               0x00002fb9   Thumb Code     0  printf1.o(i.__0sprintf$1)
    __scatterload_copy                       0x00002fe1   Thumb Code    14  handlers.o(i.__scatterload_copy)
    __scatterload_null                       0x00002fef   Thumb Code     2  handlers.o(i.__scatterload_null)
    __scatterload_zeroinit                   0x00002ff1   Thumb Code    14  handlers.o(i.__scatterload_zeroinit)
    Region$$Table$$Base                      0x00003434   Number         0  anon$$obj.o(Region$$Table)
    Region$$Table$$Limit                     0x00003454   Number         0  anon$$obj.o(Region$$Table)
    count3                                   0x2000001c   Data           4  lab2main.o(.data)
    countPeriodic                            0x20000020   Data           4  lab2main.o(.data)
    NumCreated                               0x20000030   Data           4  lab2main.o(.data)
    DataLost                                 0x20000034   Data           4  lab2main.o(.data)
    PIDWork                                  0x20000038   Data           4  lab2main.o(.data)
    NumSamples                               0x2000003c   Data           4  lab2main.o(.data)
    FilterWork                               0x20000040   Data           4  lab2main.o(.data)
    MaxJitter                                0x20000044   Data           4  lab2main.o(.data)
    MinJitter                                0x20000048   Data           4  lab2main.o(.data)
    DASoutput                                0x2000004c   Data           2  lab2main.o(.data)
    IntTerm                                  0x20000054   Data           2  lab2main.o(.data)
    PrevError                                0x20000056   Data           2  lab2main.o(.data)
    Coeff                                    0x20000058   Data           6  lab2main.o(.data)
    Actuator                                 0x2000005e   Data           2  lab2main.o(.data)
    ADCMailBox                               0x20000060   Data           8  adc.o(.data)
    putCount                                 0x20000078   Data           4  os_datastructures.o(.data)
    getCount                                 0x2000007c   Data           4  os_datastructures.o(.data)
    _OS_Root                                 0x20000094   Data           4  os_time.o(.data)
    _OS_Task_Time                            0x20000098   Data           4  os_time.o(.data)
    _us100Count                              0x2000009c   Data           4  os_time.o(.data)
    _eventIndex                              0x200000b0   Data           4  os.o(.data)
    _OS_SelTask                              0x200000b4   Data           4  os.o(.data)
    _OS_DownTask                             0x200000b8   Data           4  os.o(.data)
    _RunPt                                   0x200000c0   Data           4  os.o(.data)
    _TCBHead                                 0x200000c4   Data           4  os.o(.data)
    _OS_numThreads                           0x200000c8   Data           4  os.o(.data)
    _OS_System_Time                          0x200000cc   Data           4  os.o(.data)
    OLED_Semaphore                           0x200001d8   Data         268  rit128x96x4.o(.bss)
    JitterHistogram                          0x20000be4   Data         256  lab2main.o(.bss)
    x                                        0x20000cfc   Data         256  lab2main.o(.bss)
    y                                        0x20000dfc   Data         256  lab2main.o(.bss)
    binarySemaphore                          0x20000efc   Data         268  lab2main.o(.bss)
    ADCHasData                               0x20001008   Data          16  adc.o(.bss)
    _threads                                 0x20001448   Data       34816  os.o(.bss)
    _tasks                                   0x20009c48   Data          96  os.o(.bss)
    _modifyTCB                               0x20009ca8   Data         268  os.o(.bss)
    _eventLog                                0x20009db4   Data         800  os.o(.bss)
    _OS_Fifo                                 0x2000a0d4   Data         804  os.o(.bss)
    _OS_Mailbox                              0x2000a3f8   Data         540  os.o(.bss)
    __initial_sp                             0x2000aa18   Data           0  startup.o(STACK)



==============================================================================

Memory Map of the image

  Image Entry point : 0x00000101

  Load Region LR_1 (Base: 0x00000000, Size: 0x00003524, Max: 0xffffffff, ABSOLUTE)

    Execution Region ER_RO (Base: 0x00000000, Size: 0x00003454, Max: 0xffffffff, ABSOLUTE)

    Base Addr    Size         Type   Attr      Idx    E Section Name        Object

    0x00000000   0x00000118   Code   RO            3  * RESET               startup.o
    0x00000118   0x00000000   Code   RO         1002  * .ARM.Collect$$$$00000000  mc_w.l(entry.o)
    0x00000118   0x00000004   Code   RO         1278    .ARM.Collect$$$$00000001  mc_w.l(entry2.o)
    0x0000011c   0x00000004   Code   RO         1281    .ARM.Collect$$$$00000004  mc_w.l(entry5.o)
    0x00000120   0x00000000   Code   RO         1283    .ARM.Collect$$$$00000008  mc_w.l(entry7b.o)
    0x00000120   0x00000008   Code   RO         1284    .ARM.Collect$$$$00000009  mc_w.l(entry8.o)
    0x00000128   0x00000004   Code   RO         1279    .ARM.Collect$$$$00002712  mc_w.l(entry2.o)
    0x0000012c   0x0000000e   Code   RO           91    .emb_text           os_critical.o
    0x0000013a   0x00000002   PAD
    0x0000013c   0x00000006   Code   RO          635    .emb_text           driverlib.lib(sysctl.o)
    0x00000142   0x00000002   PAD
    0x00000144   0x0000001c   Code   RO            4    .text               startup.o
    0x00000160   0x00000690   Code   RO           38    .text               rit128x96x4.o
    0x000007f0   0x000004b4   Code   RO          101    .text               shell.o
    0x00000ca4   0x00000228   Code   RO          133    .text               uart.o
    0x00000ecc   0x000000e4   Code   RO          145    .text               osasm.o
    0x00000fb0   0x0000077c   Code   RO          148    .text               lab2main.o
    0x0000172c   0x00000248   Code   RO          174    .text               adc.o
    0x00001974   0x00000048   Code   RO          202    .text               pid_stm32.o
    0x000019bc   0x000002ce   Code   RO          205    .text               cr4_fft_64_stm32.o
    0x00001c8a   0x00000002   PAD
    0x00001c8c   0x0000028c   Code   RO          208    .text               os_buttons.o
    0x00001f18   0x000001b4   Code   RO          222    .text               os_datastructures.o
    0x000020cc   0x00000348   Code   RO          238    .text               os_threads.o
    0x00002414   0x0000044c   Code   RO          252    .text               os_time.o
    0x00002860   0x000001a8   Code   RO          269    .text               os.o
    0x00002a08   0x00000024   Code   RO         1005    .text               mc_w.l(memcpya.o)
    0x00002a2c   0x00000026   Code   RO         1007    .text               mc_w.l(memseta.o)
    0x00002a52   0x00000010   Code   RO         1009    .text               mc_w.l(strlen.o)
    0x00002a62   0x0000001c   Code   RO         1011    .text               mc_w.l(strcmp.o)
    0x00002a7e   0x00000012   Code   RO         1013    .text               mc_w.l(strcpy.o)
    0x00002a90   0x0000002c   Code   RO         1286    .text               mc_w.l(uidiv.o)
    0x00002abc   0x00000024   Code   RO         1301    .text               mc_w.l(init.o)
    0x00002ae0   0x00000028   Code   RO          296    i.GPIODirModeSet    driverlib.lib(gpio.o)
    0x00002b08   0x000000b0   Code   RO          301    i.GPIOPadConfigSet  driverlib.lib(gpio.o)
    0x00002bb8   0x0000001c   Code   RO          314    i.GPIOPinTypeGPIOOutput  driverlib.lib(gpio.o)
    0x00002bd4   0x0000001c   Code   RO          320    i.GPIOPinTypeSSI    driverlib.lib(gpio.o)
    0x00002bf0   0x00000006   Code   RO          325    i.GPIOPinWrite      driverlib.lib(gpio.o)
    0x00002bf6   0x00000008   Code   RO          524    i.SSIBusy           driverlib.lib(ssi.o)
    0x00002bfe   0x0000004c   Code   RO          525    i.SSIConfigSetExpClk  driverlib.lib(ssi.o)
    0x00002c4a   0x00000012   Code   RO          529    i.SSIDataGetNonBlocking  driverlib.lib(ssi.o)
    0x00002c5c   0x0000000c   Code   RO          530    i.SSIDataPut        driverlib.lib(ssi.o)
    0x00002c68   0x0000000a   Code   RO          532    i.SSIDisable        driverlib.lib(ssi.o)
    0x00002c72   0x0000000a   Code   RO          533    i.SSIEnable         driverlib.lib(ssi.o)
    0x00002c7c   0x000001e4   Code   RO          640    i.SysCtlClockGet    driverlib.lib(sysctl.o)
    0x00002e60   0x00000138   Code   RO          641    i.SysCtlClockSet    driverlib.lib(sysctl.o)
    0x00002f98   0x00000020   Code   RO          665    i.SysCtlPeripheralEnable  driverlib.lib(sysctl.o)
    0x00002fb8   0x00000028   Code   RO         1064    i.__0sprintf$1      mc_w.l(printf1.o)
    0x00002fe0   0x0000000e   Code   RO         1313    i.__scatterload_copy  mc_w.l(handlers.o)
    0x00002fee   0x00000002   Code   RO         1314    i.__scatterload_null  mc_w.l(handlers.o)
    0x00002ff0   0x0000000e   Code   RO         1315    i.__scatterload_zeroinit  mc_w.l(handlers.o)
    0x00002ffe   0x00000002   PAD
    0x00003000   0x00000150   Code   RO         1069    i._printf_core      mc_w.l(printf1.o)
    0x00003150   0x0000000a   Code   RO         1071    i._sputc            mc_w.l(printf1.o)
    0x0000315a   0x0000023b   Data   RO           40    .constdata          rit128x96x4.o
    0x00003395   0x00000003   PAD
    0x00003398   0x0000009c   Data   RO          678    .constdata          driverlib.lib(sysctl.o)
    0x00003434   0x00000020   Data   RO         1311    Region$$Table       anon$$obj.o


    Execution Region ER_RW (Base: 0x20000000, Size: 0x000000d0, Max: 0xffffffff, ABSOLUTE)

    Base Addr    Size         Type   Attr      Idx    E Section Name        Object

    0x20000000   0x0000001c   Data   RW           41    .data               rit128x96x4.o
    0x2000001c   0x00000044   Data   RW          151    .data               lab2main.o
    0x20000060   0x00000008   Data   RW          176    .data               adc.o
    0x20000068   0x00000010   Data   RW          209    .data               os_buttons.o
    0x20000078   0x00000008   Data   RW          223    .data               os_datastructures.o
    0x20000080   0x00000004   Data   RW          239    .data               os_threads.o
    0x20000084   0x0000002c   Data   RW          254    .data               os_time.o
    0x200000b0   0x00000020   Data   RW          271    .data               os.o


    Execution Region ER_ZI (Base: 0x200000d0, Size: 0x0000a948, Max: 0xffffffff, ABSOLUTE)

    Base Addr    Size         Type   Attr      Idx    E Section Name        Object

    0x200000d0   0x00000214   Zero   RW           39    .bss                rit128x96x4.o
    0x200002e4   0x00000900   Zero   RW          102    .bss                shell.o
    0x20000be4   0x00000424   Zero   RW          149    .bss                lab2main.o
    0x20001008   0x00000020   Zero   RW          175    .bss                adc.o
    0x20001028   0x00000420   Zero   RW          253    .bss                os_time.o
    0x20001448   0x000091cc   Zero   RW          270    .bss                os.o
    0x2000a614   0x00000004   PAD
    0x2000a618   0x00000400   Zero   RW            1    STACK               startup.o


==============================================================================

Image component sizes


      Code (inc. data)   RO Data    RW Data    ZI Data      Debug   Object Name

       584         58          0          8         32       2642   adc.o
       718        240          0          0          0        224   cr4_fft_64_stm32.o
      1916        412          0         68       1060       5069   lab2main.o
       424         40          0         32      37324       2999   os.o
       652         92          0         16          0       2236   os_buttons.o
        14          0          0          0          0        316   os_critical.o
       436         36          0          8          0       1968   os_datastructures.o
       840         28          0          4          0       2550   os_threads.o
      1100         92          0         44       1056       4798   os_time.o
       228         10          0          0          0        248   osasm.o
         0          0          0          0          0       1932   output.o
        72          8          0          0          0        192   pid_stm32.o
      1680         94        571         28        532       7454   rit128x96x4.o
      1204        468          0          0       2304       3192   shell.o
       308        258          0          0       1024        868   startup.o
       552         22          0          0          0       2316   uart.o

    ----------------------------------------------------------------------
     10732       1860        606        208      43336      39004   Object Totals
         0          0         32          0          0          0   (incl. Generated)
         4          2          3          0          4          0   (incl. Padding)

    ----------------------------------------------------------------------

      Code (inc. data)   RO Data    RW Data    ZI Data      Debug   Library Member Name

       278          0          0          0          0       5992   gpio.o
       134          0          0          0          0       3033   ssi.o
       834         76        156          0          0       3771   sysctl.o
         0          0          0          0          0          0   entry.o
         8          4          0          0          0          0   entry2.o
         4          0          0          0          0          0   entry5.o
         0          0          0          0          0          0   entry7b.o
         8          4          0          0          0          0   entry8.o
        30          0          0          0          0          0   handlers.o
        36          8          0          0          0         68   init.o
        36          0          0          0          0         68   memcpya.o
        38          0          0          0          0        108   memseta.o
       386         10          0          0          0        248   printf1.o
        28          0          0          0          0         76   strcmp.o
        18          0          0          0          0         68   strcpy.o
        16          0          0          0          0         68   strlen.o
        44          0          0          0          0         80   uidiv.o

    ----------------------------------------------------------------------
      1902        102        156          0          0      13580   Library Totals
         4          0          0          0          0          0   (incl. Padding)

    ----------------------------------------------------------------------

      Code (inc. data)   RO Data    RW Data    ZI Data      Debug   Library Name

      1246         76        156          0          0      12796   driverlib.lib
       652         26          0          0          0        784   mc_w.l

    ----------------------------------------------------------------------
      1902        102        156          0          0      13580   Library Totals

    ----------------------------------------------------------------------

==============================================================================


      Code (inc. data)   RO Data    RW Data    ZI Data      Debug   

     12634       1962        762        208      43336      50574   Grand Totals
     12634       1962        762        208      43336      50574   ELF Image Totals
     12634       1962        762        208          0          0   ROM Totals

==============================================================================

    Total RO  Size (Code + RO Data)                13396 (  13.08kB)
    Total RW  Size (RW Data + ZI Data)             43544 (  42.52kB)
    Total ROM Size (Code + RO Data + RW Data)      13604 (  13.29kB)

==============================================================================

