ARM Linker, 5.02 [Build 28] [MDK-ARM Lite]

==============================================================================

Section Cross References

    startup.o(RESET) refers to startup.o(STACK) for StackMem
    startup.o(RESET) refers to osasm.o(.text) for PendSV_Handler
    startup.o(RESET) refers to os_buttons.o(.text) for GPIOPortE_Handler
    startup.o(RESET) refers to adc.o(.text) for ADC0_Handler
    startup.o(RESET) refers to os_time.o(.text) for Timer2A_Handler
    startup.o(RESET) refers to entry.o(.ARM.Collect$$$$00000000) for __main
    output.o(.text) refers to rit128x96x4.o(.text) for RIT128x96x4StringDraw
    output.o(.text) refers to output.o(.bss) for CharBuffer
    output.o(.text) refers to output.o(.data) for Color
    rit128x96x4.o(.text) refers to ssi.o(i.SSIBusy) for SSIBusy
    rit128x96x4.o(.text) refers to gpio.o(i.GPIOPinWrite) for GPIOPinWrite
    rit128x96x4.o(.text) refers to ssi.o(i.SSIDataPut) for SSIDataPut
    rit128x96x4.o(.text) refers to ssi.o(i.SSIDisable) for SSIDisable
    rit128x96x4.o(.text) refers to sysctl.o(i.SysCtlClockGet) for SysCtlClockGet
    rit128x96x4.o(.text) refers to ssi.o(i.SSIConfigSetExpClk) for SSIConfigSetExpClk
    rit128x96x4.o(.text) refers to gpio.o(i.GPIOPinTypeSSI) for GPIOPinTypeSSI
    rit128x96x4.o(.text) refers to gpio.o(i.GPIOPadConfigSet) for GPIOPadConfigSet
    rit128x96x4.o(.text) refers to ssi.o(i.SSIEnable) for SSIEnable
    rit128x96x4.o(.text) refers to sysctl.o(i.SysCtlPeripheralEnable) for SysCtlPeripheralEnable
    rit128x96x4.o(.text) refers to gpio.o(i.GPIOPinTypeGPIOOutput) for GPIOPinTypeGPIOOutput
    rit128x96x4.o(.text) refers to os.o(.text) for OS_InitSemaphore
    rit128x96x4.o(.text) refers to memseta.o(.text) for __aeabi_memclr4
    rit128x96x4.o(.text) refers to osasm.o(.text) for OS_bWait
    rit128x96x4.o(.text) refers to strlen.o(.text) for strlen
    rit128x96x4.o(.text) refers to memcpya.o(.text) for __aeabi_memcpy
    rit128x96x4.o(.text) refers to rit128x96x4.o(.data) for _OLED_color
    rit128x96x4.o(.text) refers to rit128x96x4.o(.constdata) for pucCommand1
    rit128x96x4.o(.text) refers to rit128x96x4.o(.bss) for OLED_Semaphore
    rit128x96x4.o(.text) refers to strcpy.o(.text) for strcpy
    rit128x96x4.o(.text) refers to ssi.o(i.SSIDataGetNonBlocking) for SSIDataGetNonBlocking
    shell.o(.text) refers to strcmp.o(.text) for strcmp
    shell.o(.text) refers to strcpy.o(.text) for strcpy
    shell.o(.text) refers to uart.o(.text) for UART_Init
    shell.o(.text) refers to os_time.o(.text) for OS_MsTime
    shell.o(.text) refers to memseta.o(.text) for __aeabi_memclr4
    shell.o(.text) refers to os_critical.o(.emb_text) for OS_CPU_SR_Save
    shell.o(.text) refers to os_threads.o(.text) for OS_Suspend
    shell.o(.text) refers to memcpya.o(.text) for __aeabi_memcpy
    shell.o(.text) refers to printf1.o(i.__0sprintf$1) for __2sprintf
    shell.o(.text) refers to shell.o(.bss) for _SH_Env
    shell.o(.text) refers to os.o(.bss) for _tasks
    osasm.o(.text) refers to os.o(.text) for OS_BlockThread
    osasm.o(.text) refers to os_threads.o(.text) for OS_FindNextThread
    osasm.o(.text) refers to os.o(.data) for _RunPt
    adc.o(.text) refers to startup.o(.text) for DisableInterrupts
    adc.o(.text) refers to adc.o(.bss) for ADCHasData
    adc.o(.text) refers to adc.o(.data) for ADCMailBox
    os_buttons.o(.text) refers to os_threads.o(.text) for OS_Sleep
    os_buttons.o(.text) refers to os.o(.text) for OS_Delay
    os_buttons.o(.text) refers to os_buttons.o(.data) for haveInit
    os_datastructures.o(.text) refers to os.o(.text) for OS_InitSemaphore
    os_datastructures.o(.text) refers to osasm.o(.text) for OS_Signal
    os_datastructures.o(.text) refers to os.o(.bss) for _OS_Fifo
    os_threads.o(.text) refers to osasm.o(.text) for OS_bWait
    os_threads.o(.text) refers to os.o(.text) for OS_Delay
    os_threads.o(.text) refers to os.o(.data) for _OS_numThreads
    os_threads.o(.text) refers to os.o(.bss) for _threads
    os_threads.o(.text) refers to os_threads.o(.data) for num
    os_time.o(.text) refers to os_critical.o(.emb_text) for OS_CPU_SR_Save
    os_time.o(.text) refers to os.o(.data) for _OS_System_Time
    os_time.o(.text) refers to os_time.o(.data) for _OS_Root
    os_time.o(.text) refers to os.o(.bss) for _tasks
    os_time.o(.text) refers to os_time.o(.bss) for LastTime
    os.o(.text) refers to os_threads.o(.text) for OS_Suspend
    os.o(.text) refers to startup.o(.text) for DisableInterrupts
    os.o(.text) refers to sysctl.o(i.SysCtlClockSet) for SysCtlClockSet
    os.o(.text) refers to os_time.o(.text) for Timer2A_Init
    os.o(.text) refers to osasm.o(.text) for StartOS
    os.o(.text) refers to os.o(.data) for _RunPt
    os.o(.text) refers to os.o(.bss) for _modifyTCB
    lab3.o(.text) refers to adc.o(.text) for ADC_In
    lab3.o(.text) refers to os.o(.text) for OS_Id
    lab3.o(.text) refers to printf1.o(i.__0sprintf$1) for __2sprintf
[...]
    gpio.o(i.GPIOPinTypePWM) refers to gpio.o(i.GPIODirModeSet) for GPIODirModeSet
    gpio.o(i.GPIOPinTypePWM) refers to gpio.o(i.GPIOPadConfigSet) for GPIOPadConfigSet
    gpio.o(i.GPIOPinTypeQEI) refers to gpio.o(i.GPIODirModeSet) for GPIODirModeSet
    gpio.o(i.GPIOPinTypeQEI) refers to gpio.o(i.GPIOPadConfigSet) for GPIOPadConfigSet
    gpio.o(i.GPIOPinTypeSSI) refers to gpio.o(i.GPIODirModeSet) for GPIODirModeSet
    gpio.o(i.GPIOPinTypeSSI) refers to gpio.o(i.GPIOPadConfigSet) for GPIOPadConfigSet
    gpio.o(i.GPIOPinTypeTimer) refers to gpio.o(i.GPIODirModeSet) for GPIODirModeSet
    gpio.o(i.GPIOPinTypeTimer) refers to gpio.o(i.GPIOPadConfigSet) for GPIOPadConfigSet
    gpio.o(i.GPIOPinTypeUART) refers to gpio.o(i.GPIODirModeSet) for GPIODirModeSet
    gpio.o(i.GPIOPinTypeUART) refers to gpio.o(i.GPIOPadConfigSet) for GPIOPadConfigSet
    gpio.o(i.GPIOPinTypeUSBAnalog) refers to gpio.o(i.GPIODirModeSet) for GPIODirModeSet
    gpio.o(i.GPIOPinTypeUSBAnalog) refers to gpio.o(i.GPIOPadConfigSet) for GPIOPadConfigSet
    gpio.o(i.GPIOPinTypeUSBDigital) refers to gpio.o(i.GPIODirModeSet) for GPIODirModeSet
    gpio.o(i.GPIOPinTypeUSBDigital) refers to gpio.o(i.GPIOPadConfigSet) for GPIOPadConfigSet
    gpio.o(i.GPIOPortIntRegister) refers to gpio.o(i.GPIOGetIntNumber) for GPIOGetIntNumber
    gpio.o(i.GPIOPortIntRegister) refers to interrupt.o(i.IntRegister) for IntRegister
    gpio.o(i.GPIOPortIntRegister) refers to interrupt.o(i.IntEnable) for IntEnable
    gpio.o(i.GPIOPortIntUnregister) refers to gpio.o(i.GPIOGetIntNumber) for GPIOGetIntNumber
    gpio.o(i.GPIOPortIntUnregister) refers to interrupt.o(i.IntDisable) for IntDisable
    gpio.o(i.GPIOPortIntUnregister) refers to interrupt.o(i.IntUnregister) for IntUnregister
    ssi.o(i.SSIIntRegister) refers to interrupt.o(i.IntRegister) for IntRegister
    ssi.o(i.SSIIntRegister) refers to interrupt.o(i.IntEnable) for IntEnable
    ssi.o(i.SSIIntUnregister) refers to interrupt.o(i.IntDisable) for IntDisable
    ssi.o(i.SSIIntUnregister) refers to interrupt.o(i.IntUnregister) for IntUnregister
    sysctl.o(i.SysCtlClockGet) refers to sysctl.o(.constdata) for .constdata
    sysctl.o(i.SysCtlClockSet) refers to sysctl.o(.emb_text) for SysCtlDelay
    sysctl.o(i.SysCtlDeepSleep) refers to cpu.o(.emb_text) for CPUwfi
    sysctl.o(i.SysCtlI2SMClkSet) refers to sysctl.o(.constdata) for .constdata
    sysctl.o(i.SysCtlIntRegister) refers to interrupt.o(i.IntRegister) for IntRegister
    sysctl.o(i.SysCtlIntRegister) refers to interrupt.o(i.IntEnable) for IntEnable
    sysctl.o(i.SysCtlIntUnregister) refers to interrupt.o(i.IntDisable) for IntDisable
    sysctl.o(i.SysCtlIntUnregister) refers to interrupt.o(i.IntUnregister) for IntUnregister
    sysctl.o(i.SysCtlPeripheralDeepSleepDisable) refers to sysctl.o(.constdata) for .constdata
    sysctl.o(i.SysCtlPeripheralDeepSleepEnable) refers to sysctl.o(.constdata) for .constdata
    sysctl.o(i.SysCtlPeripheralDisable) refers to sysctl.o(.constdata) for .constdata
    sysctl.o(i.SysCtlPeripheralEnable) refers to sysctl.o(.constdata) for .constdata
    sysctl.o(i.SysCtlPeripheralPresent) refers to sysctl.o(.constdata) for .constdata
    sysctl.o(i.SysCtlPeripheralReset) refers to sysctl.o(.constdata) for .constdata
    sysctl.o(i.SysCtlPeripheralSleepDisable) refers to sysctl.o(.constdata) for .constdata
    sysctl.o(i.SysCtlPeripheralSleepEnable) refers to sysctl.o(.constdata) for .constdata
    sysctl.o(i.SysCtlSleep) refers to cpu.o(.emb_text) for CPUwfi
    interrupt.o(i.IntMasterDisable) refers to cpu.o(.emb_text) for CPUcpsid
    interrupt.o(i.IntMasterEnable) refers to cpu.o(.emb_text) for CPUcpsie
    interrupt.o(i.IntPriorityGet) refers to interrupt.o(.constdata) for .constdata
    interrupt.o(i.IntPriorityGroupingGet) refers to interrupt.o(.constdata) for .constdata
    interrupt.o(i.IntPriorityGroupingSet) refers to interrupt.o(.constdata) for .constdata
    interrupt.o(i.IntPrioritySet) refers to interrupt.o(.constdata) for .constdata
    interrupt.o(i.IntRegister) refers to interrupt.o(vtable) for vtable
    interrupt.o(i.IntUnregister) refers to interrupt.o(i.IntDefaultHandler) for IntDefaultHandler
    interrupt.o(i.IntUnregister) refers to interrupt.o(vtable) for vtable
    entry.o(.ARM.Collect$$$$00000000) refers (Special) to entry7b.o(.ARM.Collect$$$$00000008) for _main_clock
    entry.o(.ARM.Collect$$$$00000000) refers (Special) to entry8.o(.ARM.Collect$$$$00000009) for _main_init
    entry.o(.ARM.Collect$$$$00000000) refers (Special) to entry5.o(.ARM.Collect$$$$00000004) for _main_scatterload
    entry.o(.ARM.Collect$$$$00000000) refers (Special) to entry2.o(.ARM.Collect$$$$00000001) for _main_stk
    printfb.o(i.__0fprintf$bare) refers to printfb.o(i._printf_core) for _printf_core
    printfb.o(i.__0fprintf$bare) refers to output.o(.text) for fputc
    printfb.o(i.__0printf$bare) refers to printfb.o(i._printf_core) for _printf_core
    printfb.o(i.__0printf$bare) refers to output.o(.text) for fputc
    printfb.o(i.__0printf$bare) refers to stdout.o(.data) for __stdout
    printfb.o(i.__0snprintf$bare) refers to printfb.o(i._printf_core) for _printf_core
    printfb.o(i.__0snprintf$bare) refers to printfb.o(i._snputc) for _snputc
    printfb.o(i.__0sprintf$bare) refers to printfb.o(i._printf_core) for _printf_core
    printfb.o(i.__0sprintf$bare) refers to printfb.o(i._sputc) for _sputc
    printfb.o(i.__0vfprintf$bare) refers to printfb.o(i._printf_core) for _printf_core
    printfb.o(i.__0vfprintf$bare) refers to output.o(.text) for fputc
    printfb.o(i.__0vprintf$bare) refers to printfb.o(i._printf_core) for _printf_core
    printfb.o(i.__0vprintf$bare) refers to output.o(.text) for fputc
    printfb.o(i.__0vprintf$bare) refers to stdout.o(.data) for __stdout
    printfb.o(i.__0vsnprintf$bare) refers to printfb.o(i._printf_core) for _printf_core
    printfb.o(i.__0vsnprintf$bare) refers to printfb.o(i._snputc) for _snputc
    printfb.o(i.__0vsprintf$bare) refers to printfb.o(i._printf_core) for _printf_core
    printfb.o(i.__0vsprintf$bare) refers to printfb.o(i._sputc) for _sputc
    printf0.o(i.__0fprintf$0) refers to printf0.o(i._printf_core) for _printf_core
    printf0.o(i.__0fprintf$0) refers to output.o(.text) for fputc
    printf0.o(i.__0printf$0) refers to printf0.o(i._printf_core) for _printf_core
    printf0.o(i.__0printf$0) refers to output.o(.text) for fputc
    printf0.o(i.__0printf$0) refers to stdout.o(.data) for __stdout
    printf0.o(i.__0snprintf$0) refers to printf0.o(i._printf_core) for _printf_core
    printf0.o(i.__0snprintf$0) refers to printf0.o(i._snputc) for _snputc
    printf0.o(i.__0sprintf$0) refers to printf0.o(i._printf_core) for _printf_core
    printf0.o(i.__0sprintf$0) refers to printf0.o(i._sputc) for _sputc
    printf0.o(i.__0vfprintf$0) refers to printf0.o(i._printf_core) for _printf_core
    printf0.o(i.__0vfprintf$0) refers to output.o(.text) for fputc
    printf0.o(i.__0vprintf$0) refers to printf0.o(i._printf_core) for _printf_core
    printf0.o(i.__0vprintf$0) refers to output.o(.text) for fputc
    printf0.o(i.__0vprintf$0) refers to stdout.o(.data) for __stdout
    printf0.o(i.__0vsnprintf$0) refers to printf0.o(i._printf_core) for _printf_core
    printf0.o(i.__0vsnprintf$0) refers to printf0.o(i._snputc) for _snputc
    printf0.o(i.__0vsprintf$0) refers to printf0.o(i._printf_core) for _printf_core
    printf0.o(i.__0vsprintf$0) refers to printf0.o(i._sputc) for _sputc
    printf1.o(i.__0fprintf$1) refers to printf1.o(i._printf_core) for _printf_core
    printf1.o(i.__0fprintf$1) refers to output.o(.text) for fputc
    printf1.o(i.__0printf$1) refers to printf1.o(i._printf_core) for _printf_core
    printf1.o(i.__0printf$1) refers to output.o(.text) for fputc
    printf1.o(i.__0printf$1) refers to stdout.o(.data) for __stdout
    printf1.o(i.__0snprintf$1) refers to printf1.o(i._printf_core) for _printf_core
    printf1.o(i.__0snprintf$1) refers to printf1.o(i._snputc) for _snputc
    printf1.o(i.__0sprintf$1) refers to printf1.o(i._printf_core) for _printf_core
    printf1.o(i.__0sprintf$1) refers to printf1.o(i._sputc) for _sputc
    printf1.o(i.__0vfprintf$1) refers to printf1.o(i._printf_core) for _printf_core
    printf1.o(i.__0vfprintf$1) refers to output.o(.text) for fputc
    printf1.o(i.__0vprintf$1) refers to printf1.o(i._printf_core) for _printf_core
    printf1.o(i.__0vprintf$1) refers to output.o(.text) for fputc
    printf1.o(i.__0vprintf$1) refers to stdout.o(.data) for __stdout
    printf1.o(i.__0vsnprintf$1) refers to printf1.o(i._printf_core) for _printf_core
    printf1.o(i.__0vsnprintf$1) refers to printf1.o(i._snputc) for _snputc
    printf1.o(i.__0vsprintf$1) refers to printf1.o(i._printf_core) for _printf_core
    printf1.o(i.__0vsprintf$1) refers to printf1.o(i._sputc) for _sputc
    printf1.o(i._printf_core) refers to uidiv.o(.text) for __aeabi_uidivmod
    printf2.o(i.__0fprintf$2) refers to printf2.o(i._printf_core) for _printf_core
    printf2.o(i.__0fprintf$2) refers to output.o(.text) for fputc
    printf2.o(i.__0printf$2) refers to printf2.o(i._printf_core) for _printf_core
    printf2.o(i.__0printf$2) refers to output.o(.text) for fputc
    printf2.o(i.__0printf$2) refers to stdout.o(.data) for __stdout
    printf2.o(i.__0snprintf$2) refers to printf2.o(i._printf_core) for _printf_core
    printf2.o(i.__0snprintf$2) refers to printf2.o(i._snputc) for _snputc
    printf2.o(i.__0sprintf$2) refers to printf2.o(i._printf_core) for _printf_core
    printf2.o(i.__0sprintf$2) refers to printf2.o(i._sputc) for _sputc
    printf2.o(i.__0vfprintf$2) refers to printf2.o(i._printf_core) for _printf_core
    printf2.o(i.__0vfprintf$2) refers to output.o(.text) for fputc
    printf2.o(i.__0vprintf$2) refers to printf2.o(i._printf_core) for _printf_core
    printf2.o(i.__0vprintf$2) refers to output.o(.text) for fputc
    printf2.o(i.__0vprintf$2) refers to stdout.o(.data) for __stdout
    printf2.o(i.__0vsnprintf$2) refers to printf2.o(i._printf_core) for _printf_core
    printf2.o(i.__0vsnprintf$2) refers to printf2.o(i._snputc) for _snputc
    printf2.o(i.__0vsprintf$2) refers to printf2.o(i._printf_core) for _printf_core
    printf2.o(i.__0vsprintf$2) refers to printf2.o(i._sputc) for _sputc
    printf3.o(i.__0fprintf$3) refers to printf3.o(i._printf_core) for _printf_core
    printf3.o(i.__0fprintf$3) refers to output.o(.text) for fputc
    printf3.o(i.__0printf$3) refers to printf3.o(i._printf_core) for _printf_core
    printf3.o(i.__0printf$3) refers to output.o(.text) for fputc
    printf3.o(i.__0printf$3) refers to stdout.o(.data) for __stdout
    printf3.o(i.__0snprintf$3) refers to printf3.o(i._printf_core) for _printf_core
    printf3.o(i.__0snprintf$3) refers to printf3.o(i._snputc) for _snputc
    printf3.o(i.__0sprintf$3) refers to printf3.o(i._printf_core) for _printf_core
    printf3.o(i.__0sprintf$3) refers to printf3.o(i._sputc) for _sputc
    printf3.o(i.__0vfprintf$3) refers to printf3.o(i._printf_core) for _printf_core
    printf3.o(i.__0vfprintf$3) refers to output.o(.text) for fputc
    printf3.o(i.__0vprintf$3) refers to printf3.o(i._printf_core) for _printf_core
    printf3.o(i.__0vprintf$3) refers to output.o(.text) for fputc
    printf3.o(i.__0vprintf$3) refers to stdout.o(.data) for __stdout
    printf3.o(i.__0vsnprintf$3) refers to printf3.o(i._printf_core) for _printf_core
    printf3.o(i.__0vsnprintf$3) refers to printf3.o(i._snputc) for _snputc
    printf3.o(i.__0vsprintf$3) refers to printf3.o(i._printf_core) for _printf_core
    printf3.o(i.__0vsprintf$3) refers to printf3.o(i._sputc) for _sputc
    printf3.o(i._printf_core) refers to uidiv.o(.text) for __aeabi_uidivmod
    printf4.o(i.__0fprintf$4) refers to printf4.o(i._printf_core) for _printf_core
    printf4.o(i.__0fprintf$4) refers to output.o(.text) for fputc
    printf4.o(i.__0printf$4) refers to printf4.o(i._printf_core) for _printf_core
    printf4.o(i.__0printf$4) refers to output.o(.text) for fputc
    printf4.o(i.__0printf$4) refers to stdout.o(.data) for __stdout
    printf4.o(i.__0snprintf$4) refers to printf4.o(i._printf_core) for _printf_core
    printf4.o(i.__0snprintf$4) refers to printf4.o(i._snputc) for _snputc
    printf4.o(i.__0sprintf$4) refers to printf4.o(i._printf_core) for _printf_core
    printf4.o(i.__0sprintf$4) refers to printf4.o(i._sputc) for _sputc
    printf4.o(i.__0vfprintf$4) refers to printf4.o(i._printf_core) for _printf_core
    printf4.o(i.__0vfprintf$4) refers to output.o(.text) for fputc
    printf4.o(i.__0vprintf$4) refers to printf4.o(i._printf_core) for _printf_core
    printf4.o(i.__0vprintf$4) refers to output.o(.text) for fputc
    printf4.o(i.__0vprintf$4) refers to stdout.o(.data) for __stdout
    printf4.o(i.__0vsnprintf$4) refers to printf4.o(i._printf_core) for _printf_core
    printf4.o(i.__0vsnprintf$4) refers to printf4.o(i._snputc) for _snputc
    printf4.o(i.__0vsprintf$4) refers to printf4.o(i._printf_core) for _printf_core
    printf4.o(i.__0vsprintf$4) refers to printf4.o(i._sputc) for _sputc
    printf4.o(i._printf_core) refers to uldiv.o(.text) for __aeabi_uldivmod
    printf5.o(i.__0fprintf$5) refers to printf5.o(i._printf_core) for _printf_core
    printf5.o(i.__0fprintf$5) refers to output.o(.text) for fputc
    printf5.o(i.__0printf$5) refers to printf5.o(i._printf_core) for _printf_core
    printf5.o(i.__0printf$5) refers to output.o(.text) for fputc
    printf5.o(i.__0printf$5) refers to stdout.o(.data) for __stdout
    printf5.o(i.__0snprintf$5) refers to printf5.o(i._printf_core) for _printf_core
    printf5.o(i.__0snprintf$5) refers to printf5.o(i._snputc) for _snputc
    printf5.o(i.__0sprintf$5) refers to printf5.o(i._printf_core) for _printf_core
    printf5.o(i.__0sprintf$5) refers to printf5.o(i._sputc) for _sputc
    printf5.o(i.__0vfprintf$5) refers to printf5.o(i._printf_core) for _printf_core
    printf5.o(i.__0vfprintf$5) refers to output.o(.text) for fputc
    printf5.o(i.__0vprintf$5) refers to printf5.o(i._printf_core) for _printf_core
    printf5.o(i.__0vprintf$5) refers to output.o(.text) for fputc
    printf5.o(i.__0vprintf$5) refers to stdout.o(.data) for __stdout
    printf5.o(i.__0vsnprintf$5) refers to printf5.o(i._printf_core) for _printf_core
    printf5.o(i.__0vsnprintf$5) refers to printf5.o(i._snputc) for _snputc
    printf5.o(i.__0vsprintf$5) refers to printf5.o(i._printf_core) for _printf_core
    printf5.o(i.__0vsprintf$5) refers to printf5.o(i._sputc) for _sputc
    printf5.o(i._printf_core) refers to uldiv.o(.text) for __aeabi_uldivmod
    printf6.o(i.__0fprintf$6) refers to printf6.o(i._printf_core) for _printf_core
    printf6.o(i.__0fprintf$6) refers to output.o(.text) for fputc
    printf6.o(i.__0printf$6) refers to printf6.o(i._printf_core) for _printf_core
    printf6.o(i.__0printf$6) refers to output.o(.text) for fputc
    printf6.o(i.__0printf$6) refers to stdout.o(.data) for __stdout
    printf6.o(i.__0snprintf$6) refers to printf6.o(i._printf_core) for _printf_core
    printf6.o(i.__0snprintf$6) refers to printf6.o(i._snputc) for _snputc
    printf6.o(i.__0sprintf$6) refers to printf6.o(i._printf_core) for _printf_core
    printf6.o(i.__0sprintf$6) refers to printf6.o(i._sputc) for _sputc
    printf6.o(i.__0vfprintf$6) refers to printf6.o(i._printf_core) for _printf_core
    printf6.o(i.__0vfprintf$6) refers to output.o(.text) for fputc
    printf6.o(i.__0vprintf$6) refers to printf6.o(i._printf_core) for _printf_core
    printf6.o(i.__0vprintf$6) refers to output.o(.text) for fputc
    printf6.o(i.__0vprintf$6) refers to stdout.o(.data) for __stdout
    printf6.o(i.__0vsnprintf$6) refers to printf6.o(i._printf_core) for _printf_core
    printf6.o(i.__0vsnprintf$6) refers to printf6.o(i._snputc) for _snputc
    printf6.o(i.__0vsprintf$6) refers to printf6.o(i._printf_core) for _printf_core
    printf6.o(i.__0vsprintf$6) refers to printf6.o(i._sputc) for _sputc
    printf6.o(i._printf_core) refers to printf6.o(i._printf_pre_padding) for _printf_pre_padding
    printf6.o(i._printf_core) refers to uidiv.o(.text) for __aeabi_uidivmod
    printf6.o(i._printf_core) refers to printf6.o(i._printf_post_padding) for _printf_post_padding
    printf7.o(i.__0fprintf$7) refers to printf7.o(i._printf_core) for _printf_core
    printf7.o(i.__0fprintf$7) refers to output.o(.text) for fputc
    printf7.o(i.__0printf$7) refers to printf7.o(i._printf_core) for _printf_core
    printf7.o(i.__0printf$7) refers to output.o(.text) for fputc
    printf7.o(i.__0printf$7) refers to stdout.o(.data) for __stdout
    printf7.o(i.__0snprintf$7) refers to printf7.o(i._printf_core) for _printf_core
    printf7.o(i.__0snprintf$7) refers to printf7.o(i._snputc) for _snputc
    printf7.o(i.__0sprintf$7) refers to printf7.o(i._printf_core) for _printf_core
    printf7.o(i.__0sprintf$7) refers to printf7.o(i._sputc) for _sputc
    printf7.o(i.__0vfprintf$7) refers to printf7.o(i._printf_core) for _printf_core
    printf7.o(i.__0vfprintf$7) refers to output.o(.text) for fputc
    printf7.o(i.__0vprintf$7) refers to printf7.o(i._printf_core) for _printf_core
    printf7.o(i.__0vprintf$7) refers to output.o(.text) for fputc
    printf7.o(i.__0vprintf$7) refers to stdout.o(.data) for __stdout
    printf7.o(i.__0vsnprintf$7) refers to printf7.o(i._printf_core) for _printf_core
    printf7.o(i.__0vsnprintf$7) refers to printf7.o(i._snputc) for _snputc
    printf7.o(i.__0vsprintf$7) refers to printf7.o(i._printf_core) for _printf_core
    printf7.o(i.__0vsprintf$7) refers to printf7.o(i._sputc) for _sputc
    printf7.o(i._printf_core) refers to printf7.o(i._printf_pre_padding) for _printf_pre_padding
    printf7.o(i._printf_core) refers to uldiv.o(.text) for __aeabi_uldivmod
    printf7.o(i._printf_core) refers to printf7.o(i._printf_post_padding) for _printf_post_padding
    printf8.o(i.__0fprintf$8) refers to printf8.o(i._printf_core) for _printf_core
    printf8.o(i.__0fprintf$8) refers to output.o(.text) for fputc
    printf8.o(i.__0printf$8) refers to printf8.o(i._printf_core) for _printf_core
    printf8.o(i.__0printf$8) refers to output.o(.text) for fputc
    printf8.o(i.__0printf$8) refers to stdout.o(.data) for __stdout
    printf8.o(i.__0snprintf$8) refers to printf8.o(i._printf_core) for _printf_core
    printf8.o(i.__0snprintf$8) refers to printf8.o(i._snputc) for _snputc
    printf8.o(i.__0sprintf$8) refers to printf8.o(i._printf_core) for _printf_core
    printf8.o(i.__0sprintf$8) refers to printf8.o(i._sputc) for _sputc
    printf8.o(i.__0vfprintf$8) refers to printf8.o(i._printf_core) for _printf_core
    printf8.o(i.__0vfprintf$8) refers to output.o(.text) for fputc
    printf8.o(i.__0vprintf$8) refers to printf8.o(i._printf_core) for _printf_core
    printf8.o(i.__0vprintf$8) refers to output.o(.text) for fputc
    printf8.o(i.__0vprintf$8) refers to stdout.o(.data) for __stdout
    printf8.o(i.__0vsnprintf$8) refers to printf8.o(i._printf_core) for _printf_core
    printf8.o(i.__0vsnprintf$8) refers to printf8.o(i._snputc) for _snputc
    printf8.o(i.__0vsprintf$8) refers to printf8.o(i._printf_core) for _printf_core
    printf8.o(i.__0vsprintf$8) refers to printf8.o(i._sputc) for _sputc
    printf8.o(i._printf_core) refers to printf8.o(i._printf_pre_padding) for _printf_pre_padding
    printf8.o(i._printf_core) refers to uldiv.o(.text) for __aeabi_uldivmod
    printf8.o(i._printf_core) refers to printf8.o(i._printf_post_padding) for _printf_post_padding
    printfa.o(i.__0fprintf) refers (Special) to iusefp.o(.text) for __I$use$fp
    printfa.o(i.__0fprintf) refers to printfa.o(i._printf_core) for _printf_core
    printfa.o(i.__0fprintf) refers to output.o(.text) for fputc
    printfa.o(i.__0printf) refers (Special) to iusefp.o(.text) for __I$use$fp
    printfa.o(i.__0printf) refers to printfa.o(i._printf_core) for _printf_core
    printfa.o(i.__0printf) refers to output.o(.text) for fputc
    printfa.o(i.__0printf) refers to stdout.o(.data) for __stdout
    printfa.o(i.__0snprintf) refers (Special) to iusefp.o(.text) for __I$use$fp
    printfa.o(i.__0snprintf) refers to printfa.o(i._printf_core) for _printf_core
    printfa.o(i.__0snprintf) refers to printfa.o(i._snputc) for _snputc
    printfa.o(i.__0sprintf) refers (Special) to iusefp.o(.text) for __I$use$fp
    printfa.o(i.__0sprintf) refers to printfa.o(i._printf_core) for _printf_core
    printfa.o(i.__0sprintf) refers to printfa.o(i._sputc) for _sputc
    printfa.o(i.__0vfprintf) refers (Special) to iusefp.o(.text) for __I$use$fp
    printfa.o(i.__0vfprintf) refers to printfa.o(i._printf_core) for _printf_core
    printfa.o(i.__0vfprintf) refers to output.o(.text) for fputc
    printfa.o(i.__0vprintf) refers (Special) to iusefp.o(.text) for __I$use$fp
    printfa.o(i.__0vprintf) refers to printfa.o(i._printf_core) for _printf_core
    printfa.o(i.__0vprintf) refers to output.o(.text) for fputc
    printfa.o(i.__0vprintf) refers to stdout.o(.data) for __stdout
    printfa.o(i.__0vsnprintf) refers (Special) to iusefp.o(.text) for __I$use$fp
    printfa.o(i.__0vsnprintf) refers to printfa.o(i._printf_core) for _printf_core
    printfa.o(i.__0vsnprintf) refers to printfa.o(i._snputc) for _snputc
    printfa.o(i.__0vsprintf) refers (Special) to iusefp.o(.text) for __I$use$fp
    printfa.o(i.__0vsprintf) refers to printfa.o(i._printf_core) for _printf_core
    printfa.o(i.__0vsprintf) refers to printfa.o(i._sputc) for _sputc
    printfa.o(i._fp_digits) refers (Special) to iusefp.o(.text) for __I$use$fp
    printfa.o(i._fp_digits) refers to dmul.o(.text) for __aeabi_dmul
    printfa.o(i._fp_digits) refers to ddiv.o(.text) for __aeabi_ddiv
    printfa.o(i._fp_digits) refers to cdrcmple.o(.text) for __aeabi_cdrcmple
    printfa.o(i._fp_digits) refers to dadd.o(.text) for __aeabi_dadd
    printfa.o(i._fp_digits) refers to dfixul.o(.text) for __aeabi_d2ulz
    printfa.o(i._fp_digits) refers to uldiv.o(.text) for __aeabi_uldivmod
    printfa.o(i._printf_core) refers (Special) to iusefp.o(.text) for __I$use$fp
    printfa.o(i._printf_core) refers to printfa.o(i._printf_pre_padding) for _printf_pre_padding
    printfa.o(i._printf_core) refers to uldiv.o(.text) for __aeabi_uldivmod
    printfa.o(i._printf_core) refers to printfa.o(i._printf_post_padding) for _printf_post_padding
    printfa.o(i._printf_core) refers to printfa.o(i._fp_digits) for _fp_digits
    printfa.o(i._printf_core) refers to uidiv.o(.text) for __aeabi_uidivmod
    printfa.o(i._printf_post_padding) refers (Special) to iusefp.o(.text) for __I$use$fp
    printfa.o(i._printf_pre_padding) refers (Special) to iusefp.o(.text) for __I$use$fp
    printfa.o(i._snputc) refers (Special) to iusefp.o(.text) for __I$use$fp
    printfa.o(i._sputc) refers (Special) to iusefp.o(.text) for __I$use$fp
    entry2.o(.ARM.Collect$$$$00000001) refers to entry2.o(.ARM.Collect$$$$00002712) for __lit__00000000
    entry2.o(.ARM.Collect$$$$00002712) refers to startup.o(STACK) for __initial_sp
    entry2.o(__vectab_stack_and_reset_area) refers to startup.o(STACK) for __initial_sp
    entry2.o(__vectab_stack_and_reset_area) refers to entry.o(.ARM.Collect$$$$00000000) for __main
    entry5.o(.ARM.Collect$$$$00000004) refers to init.o(.text) for __scatterload
    entry8.o(.ARM.Collect$$$$00000009) refers to lab3.o(.text) for main
    uldiv.o(.text) refers to llushr.o(.text) for __aeabi_llsr
    uldiv.o(.text) refers to llshl.o(.text) for __aeabi_llsl
    dadd.o(.text) refers to llshl.o(.text) for __aeabi_llsl
    dadd.o(.text) refers to llsshr.o(.text) for __aeabi_lasr
    dadd.o(.text) refers to depilogue.o(.text) for _double_epilogue
    dmul.o(.text) refers to depilogue.o(.text) for _double_epilogue
    ddiv.o(.text) refers to depilogue.o(.text) for _double_round
    dfixul.o(.text) refers to llushr.o(.text) for __aeabi_llsr
    dfixul.o(.text) refers to llshl.o(.text) for __aeabi_llsl
    init.o(.text) refers to entry5.o(.ARM.Collect$$$$00000004) for __main_after_scatterload
    depilogue.o(.text) refers to llshl.o(.text) for __aeabi_llsl
    depilogue.o(.text) refers to llushr.o(.text) for __aeabi_llsr


==============================================================================

Removing Unused input sections from the image.

    Removing startup.o(HEAP), (0 bytes).
    Removing shell.o(.data), (1 bytes).
    Removing gpio.o(i.GPIODirModeGet), (34 bytes).
    Removing gpio.o(i.GPIOGetIntNumber), (156 bytes).
    Removing gpio.o(i.GPIOIntTypeGet), (48 bytes).
    Removing gpio.o(i.GPIOIntTypeSet), (58 bytes).
    Removing gpio.o(i.GPIOPadConfigGet), (140 bytes).
    Removing gpio.o(i.GPIOPinConfigure), (72 bytes).
    Removing gpio.o(i.GPIOPinIntClear), (6 bytes).
    Removing gpio.o(i.GPIOPinIntDisable), (14 bytes).
    Removing gpio.o(i.GPIOPinIntEnable), (12 bytes).
    Removing gpio.o(i.GPIOPinIntStatus), (14 bytes).
    Removing gpio.o(i.GPIOPinRead), (6 bytes).
    Removing gpio.o(i.GPIOPinTypeADC), (28 bytes).
    Removing gpio.o(i.GPIOPinTypeCAN), (28 bytes).
    Removing gpio.o(i.GPIOPinTypeComparator), (28 bytes).
    Removing gpio.o(i.GPIOPinTypeEPI), (28 bytes).
    Removing gpio.o(i.GPIOPinTypeEthernetLED), (28 bytes).
    Removing gpio.o(i.GPIOPinTypeGPIOInput), (28 bytes).
    Removing gpio.o(i.GPIOPinTypeGPIOOutputOD), (28 bytes).
    Removing gpio.o(i.GPIOPinTypeI2C), (28 bytes).
    Removing gpio.o(i.GPIOPinTypeI2S), (28 bytes).
    Removing gpio.o(i.GPIOPinTypePWM), (28 bytes).
    Removing gpio.o(i.GPIOPinTypeQEI), (28 bytes).
    Removing gpio.o(i.GPIOPinTypeTimer), (28 bytes).
    Removing gpio.o(i.GPIOPinTypeUART), (28 bytes).
    Removing gpio.o(i.GPIOPinTypeUSBAnalog), (28 bytes).
    Removing gpio.o(i.GPIOPinTypeUSBDigital), (28 bytes).
    Removing gpio.o(i.GPIOPortIntRegister), (26 bytes).
    Removing gpio.o(i.GPIOPortIntUnregister), (22 bytes).
    Removing gpio.o(.constdata), (72 bytes).
    Removing ssi.o(i.SSIDMADisable), (10 bytes).
    Removing ssi.o(i.SSIDMAEnable), (8 bytes).
    Removing ssi.o(i.SSIDataGet), (14 bytes).
    Removing ssi.o(i.SSIDataPutNonBlocking), (16 bytes).
    Removing ssi.o(i.SSIIntClear), (4 bytes).
    Removing ssi.o(i.SSIIntDisable), (10 bytes).
    Removing ssi.o(i.SSIIntEnable), (8 bytes).
    Removing ssi.o(i.SSIIntRegister), (32 bytes).
    Removing ssi.o(i.SSIIntStatus), (10 bytes).
    Removing ssi.o(i.SSIIntUnregister), (32 bytes).
    Removing sysctl.o(i.SysCtlADCSpeedGet), (16 bytes).
    Removing sysctl.o(i.SysCtlADCSpeedSet), (32 bytes).
    Removing sysctl.o(i.SysCtlBrownOutConfigSet), (16 bytes).
    Removing sysctl.o(i.SysCtlClkVerificationClear), (20 bytes).
    Removing sysctl.o(i.SysCtlDeepSleep), (32 bytes).
    Removing sysctl.o(i.SysCtlFlashSizeGet), (20 bytes).
    Removing sysctl.o(i.SysCtlGPIOAHBDisable), (20 bytes).
    Removing sysctl.o(i.SysCtlGPIOAHBEnable), (16 bytes).
    Removing sysctl.o(i.SysCtlI2SMClkSet), (216 bytes).
    Removing sysctl.o(i.SysCtlIOSCVerificationSet), (24 bytes).
    Removing sysctl.o(i.SysCtlIntClear), (12 bytes).
    Removing sysctl.o(i.SysCtlIntDisable), (16 bytes).
    Removing sysctl.o(i.SysCtlIntEnable), (16 bytes).
    Removing sysctl.o(i.SysCtlIntRegister), (20 bytes).
    Removing sysctl.o(i.SysCtlIntStatus), (16 bytes).
    Removing sysctl.o(i.SysCtlIntUnregister), (18 bytes).
    Removing sysctl.o(i.SysCtlLDOConfigSet), (12 bytes).
    Removing sysctl.o(i.SysCtlLDOGet), (12 bytes).
    Removing sysctl.o(i.SysCtlLDOSet), (12 bytes).
    Removing sysctl.o(i.SysCtlMOSCVerificationSet), (24 bytes).
    Removing sysctl.o(i.SysCtlPLLVerificationSet), (24 bytes).
    Removing sysctl.o(i.SysCtlPWMClockGet), (24 bytes).
    Removing sysctl.o(i.SysCtlPWMClockSet), (20 bytes).
    Removing sysctl.o(i.SysCtlPeripheralClockGating), (24 bytes).
    Removing sysctl.o(i.SysCtlPeripheralDeepSleepDisable), (32 bytes).
    Removing sysctl.o(i.SysCtlPeripheralDeepSleepEnable), (32 bytes).
    Removing sysctl.o(i.SysCtlPeripheralDisable), (32 bytes).
    Removing sysctl.o(i.SysCtlPeripheralPresent), (64 bytes).
    Removing sysctl.o(i.SysCtlPeripheralReset), (56 bytes).
    Removing sysctl.o(i.SysCtlPeripheralSleepDisable), (32 bytes).
    Removing sysctl.o(i.SysCtlPeripheralSleepEnable), (32 bytes).
    Removing sysctl.o(i.SysCtlPinPresent), (16 bytes).
    Removing sysctl.o(i.SysCtlReset), (16 bytes).
    Removing sysctl.o(i.SysCtlResetCauseClear), (16 bytes).
    Removing sysctl.o(i.SysCtlResetCauseGet), (12 bytes).
    Removing sysctl.o(i.SysCtlSRAMSizeGet), (20 bytes).
    Removing sysctl.o(i.SysCtlSleep), (4 bytes).
    Removing sysctl.o(i.SysCtlUSBPLLDisable), (16 bytes).
    Removing sysctl.o(i.SysCtlUSBPLLEnable), (16 bytes).
    Removing cpu.o(.emb_text), (26 bytes).
    Removing interrupt.o(i.IntDefaultHandler), (2 bytes).
    Removing interrupt.o(i.IntDisable), (104 bytes).
    Removing interrupt.o(i.IntEnable), (104 bytes).
    Removing interrupt.o(i.IntMasterDisable), (10 bytes).
    Removing interrupt.o(i.IntMasterEnable), (10 bytes).
    Removing interrupt.o(i.IntPendClear), (72 bytes).
    Removing interrupt.o(i.IntPendSet), (90 bytes).
    Removing interrupt.o(i.IntPriorityGet), (28 bytes).
    Removing interrupt.o(i.IntPriorityGroupingGet), (40 bytes).
    Removing interrupt.o(i.IntPriorityGroupingSet), (28 bytes).
    Removing interrupt.o(i.IntPrioritySet), (40 bytes).
    Removing interrupt.o(i.IntRegister), (56 bytes).
    Removing interrupt.o(i.IntUnregister), (20 bytes).
    Removing interrupt.o(.constdata), (104 bytes).
    Removing interrupt.o(vtable), (284 bytes).
    Removing dadd.o(.text), (334 bytes).
    Removing dmul.o(.text), (228 bytes).
    Removing ddiv.o(.text), (222 bytes).
    Removing dfixul.o(.text), (48 bytes).
    Removing cdrcmple.o(.text), (40 bytes).
    Removing depilogue.o(.text), (190 bytes).

102 unused section(s) (total 4383 bytes) removed from the image.

==============================================================================

Image Symbol Table

    Local Symbols

    Symbol Name                              Value     Ov Type        Size  Object(Section)

    RESET                                    0x00000000   Section      280  startup.o(RESET)
    ../clib/microlib/division.c              0x00000000   Number         0  uldiv.o ABSOLUTE
    ../clib/microlib/division.c              0x00000000   Number         0  uidiv.o ABSOLUTE
    ../clib/microlib/init/entry.s            0x00000000   Number         0  entry8.o ABSOLUTE
    ../clib/microlib/init/entry.s            0x00000000   Number         0  entry7b.o ABSOLUTE
    ../clib/microlib/init/entry.s            0x00000000   Number         0  entry7a.o ABSOLUTE
    ../clib/microlib/init/entry.s            0x00000000   Number         0  entry5.o ABSOLUTE
    ../clib/microlib/init/entry.s            0x00000000   Number         0  entry2.o ABSOLUTE
    ../clib/microlib/init/entry.s            0x00000000   Number         0  entry.o ABSOLUTE
    ../clib/microlib/longlong.c              0x00000000   Number         0  llsshr.o ABSOLUTE
    ../clib/microlib/longlong.c              0x00000000   Number         0  llushr.o ABSOLUTE
    ../clib/microlib/longlong.c              0x00000000   Number         0  llshl.o ABSOLUTE
    ../clib/microlib/printf/printf.c         0x00000000   Number         0  printfb.o ABSOLUTE
    ../clib/microlib/printf/printf.c         0x00000000   Number         0  printfa.o ABSOLUTE
    ../clib/microlib/printf/printf.c         0x00000000   Number         0  printf8.o ABSOLUTE
    ../clib/microlib/printf/printf.c         0x00000000   Number         0  printf7.o ABSOLUTE
    ../clib/microlib/printf/printf.c         0x00000000   Number         0  printf6.o ABSOLUTE
    ../clib/microlib/printf/printf.c         0x00000000   Number         0  printf5.o ABSOLUTE
    ../clib/microlib/printf/printf.c         0x00000000   Number         0  printf4.o ABSOLUTE
    ../clib/microlib/printf/printf.c         0x00000000   Number         0  printf3.o ABSOLUTE
    ../clib/microlib/printf/printf.c         0x00000000   Number         0  printf2.o ABSOLUTE
    ../clib/microlib/printf/printf.c         0x00000000   Number         0  printf1.o ABSOLUTE
    ../clib/microlib/printf/printf.c         0x00000000   Number         0  printf0.o ABSOLUTE
    ../clib/microlib/printf/stubs.s          0x00000000   Number         0  stubs.o ABSOLUTE
    ../clib/microlib/stdio/streams.c         0x00000000   Number         0  stdout.o ABSOLUTE
    ../clib/microlib/string/memcpy.c         0x00000000   Number         0  memcpya.o ABSOLUTE
    ../clib/microlib/string/memcpy.c         0x00000000   Number         0  memcpyb.o ABSOLUTE
    ../clib/microlib/string/memset.c         0x00000000   Number         0  memseta.o ABSOLUTE
    ../clib/microlib/string/strcmp.c         0x00000000   Number         0  strcmp.o ABSOLUTE
    ../clib/microlib/string/strcpy.c         0x00000000   Number         0  strcpy.o ABSOLUTE
    ../clib/microlib/string/strlen.c         0x00000000   Number         0  strlen.o ABSOLUTE
    ../clib/microlib/stubs.s                 0x00000000   Number         0  iusefp.o ABSOLUTE
    ../fplib/microlib/fpadd.c                0x00000000   Number         0  dadd.o ABSOLUTE
    ../fplib/microlib/fpdiv.c                0x00000000   Number         0  ddiv.o ABSOLUTE
    ../fplib/microlib/fpepilogue.c           0x00000000   Number         0  depilogue.o ABSOLUTE
    ../fplib/microlib/fpfix.c                0x00000000   Number         0  dfixul.o ABSOLUTE
    ../fplib/microlib/fpmul.c                0x00000000   Number         0  dmul.o ABSOLUTE
    ..\Lab2_Final\ADC.c                      0x00000000   Number         0  adc.o ABSOLUTE
    Lab3.c                                   0x00000000   Number         0  lab3.o ABSOLUTE
    OS.c                                     0x00000000   Number         0  os.o ABSOLUTE
    OS_Buttons.c                             0x00000000   Number         0  os_buttons.o ABSOLUTE
    OS_Critical.c                            0x00000000   Number         0  os_critical.o ABSOLUTE
    OS_Critical.c                            0x00000000   Number         0  os_critical.o ABSOLUTE
    OS_DataStructures.c                      0x00000000   Number         0  os_datastructures.o ABSOLUTE
    OS_Threads.c                             0x00000000   Number         0  os_threads.o ABSOLUTE
    OS_Time.c                                0x00000000   Number         0  os_time.o ABSOLUTE
    Output.c                                 0x00000000   Number         0  output.o ABSOLUTE
    PID_stm32.s                              0x00000000   Number         0  pid_stm32.o ABSOLUTE
    Startup.s                                0x00000000   Number         0  startup.o ABSOLUTE
    UART.c                                   0x00000000   Number         0  uart.o ABSOLUTE
    cdrcmple.s                               0x00000000   Number         0  cdrcmple.o ABSOLUTE
    cpu.c                                    0x00000000   Number         0  cpu.o ABSOLUTE
    cpu.c                                    0x00000000   Number         0  cpu.o ABSOLUTE
    cr4_fft_64_stm32.s                       0x00000000   Number         0  cr4_fft_64_stm32.o ABSOLUTE
    dc.s                                     0x00000000   Number         0  dc.o ABSOLUTE
    gpio.c                                   0x00000000   Number         0  gpio.o ABSOLUTE
    handlers.s                               0x00000000   Number         0  handlers.o ABSOLUTE
    init.s                                   0x00000000   Number         0  init.o ABSOLUTE
    interrupt.c                              0x00000000   Number         0  interrupt.o ABSOLUTE
    osasm.s                                  0x00000000   Number         0  osasm.o ABSOLUTE
    rit128x96x4.c                            0x00000000   Number         0  rit128x96x4.o ABSOLUTE
    shell.c                                  0x00000000   Number         0  shell.o ABSOLUTE
    ssi.c                                    0x00000000   Number         0  ssi.o ABSOLUTE
    sysctl.c                                 0x00000000   Number         0  sysctl.o ABSOLUTE
    sysctl.c                                 0x00000000   Number         0  sysctl.o ABSOLUTE
    .ARM.Collect$$$$00000000                 0x00000118   Section        0  entry.o(.ARM.Collect$$$$00000000)
    .ARM.Collect$$$$00000001                 0x00000118   Section        4  entry2.o(.ARM.Collect$$$$00000001)
    .ARM.Collect$$$$00000004                 0x0000011c   Section        4  entry5.o(.ARM.Collect$$$$00000004)
    .ARM.Collect$$$$00000008                 0x00000120   Section        0  entry7b.o(.ARM.Collect$$$$00000008)
    .ARM.Collect$$$$00000009                 0x00000120   Section        8  entry8.o(.ARM.Collect$$$$00000009)
    .ARM.Collect$$$$00002712                 0x00000128   Section        4  entry2.o(.ARM.Collect$$$$00002712)
    __lit__00000000                          0x00000128   Data           4  entry2.o(.ARM.Collect$$$$00002712)
    .emb_text                                0x0000012c   Section       14  os_critical.o(.emb_text)
    .emb_text                                0x0000013c   Section        6  sysctl.o(.emb_text)
    .text                                    0x00000144   Section       28  startup.o(.text)
    .text                                    0x00000160   Section        0  output.o(.text)
    .text                                    0x0000053c   Section        0  rit128x96x4.o(.text)
    RITWriteCommand                          0x00000543   Thumb Code   126  rit128x96x4.o(.text)
    RITWriteData                             0x000005c1   Thumb Code   126  rit128x96x4.o(.text)
    _OLED_Message                            0x00000869   Thumb Code    38  rit128x96x4.o(.text)
    _OLED_Find                               0x0000088f   Thumb Code    20  rit128x96x4.o(.text)
    .text                                    0x00000b5c   Section        0  shell.o(.text)
    _SH_findVar                              0x00000b5d   Thumb Code   102  shell.o(.text)
    _SH_getVar                               0x00000bc3   Thumb Code    32  shell.o(.text)
    _SH_setVar                               0x00000be3   Thumb Code    48  shell.o(.text)
    _SH_Execute                              0x00000c3d   Thumb Code    88  shell.o(.text)
    _SH_Parse_Command                        0x00000ce3   Thumb Code   138  shell.o(.text)
    .text                                    0x00000e70   Section        0  uart.o(.text)
    .text                                    0x00001074   Section      228  osasm.o(.text)
    .text                                    0x00001158   Section        0  adc.o(.text)
    _ADC_SetTimer0APeriod                    0x00001159   Thumb Code     8  adc.o(.text)
    _ADC_EnableNVICInterrupt                 0x00001235   Thumb Code   100  adc.o(.text)
    _ADC_SetNIVCPriority                     0x00001299   Thumb Code   114  adc.o(.text)
    _ADC_ADC3_Init                           0x0000130b   Thumb Code   108  adc.o(.text)
    _ADC_ADC2_Init                           0x00001377   Thumb Code   110  adc.o(.text)
    _ADC_ADC1_Init                           0x000013e5   Thumb Code    92  adc.o(.text)
    _ADC_ADC0_Init                           0x00001441   Thumb Code    90  adc.o(.text)
    _ADC_DisableNVICInterrupt                0x00001529   Thumb Code   166  adc.o(.text)
    .text                                    0x0000175c   Section      718  cr4_fft_64_stm32.o(.text)
    .text                                    0x00001a2c   Section        0  os_buttons.o(.text)
    DebouncePortFTask                        0x00001b9d   Thumb Code    46  os_buttons.o(.text)
    DebouncePortETask                        0x00001bf7   Thumb Code    46  os_buttons.o(.text)
    .text                                    0x00001ca8   Section        0  os_datastructures.o(.text)
    .text                                    0x00001dbc   Section        0  os_threads.o(.text)
    _OS_SetInitialStack                      0x00001dbd   Thumb Code   128  os_threads.o(.text)
    .text                                    0x000020dc   Section        0  os_time.o(.text)
    _OS_Inc_Time                             0x000020dd   Thumb Code    12  os_time.o(.text)
    _OS_Update_Root                          0x000020e9   Thumb Code    40  os_time.o(.text)
    .text                                    0x000024e8   Section        0  os.o(.text)
    _OS_Default_Thread                       0x00002563   Thumb Code     8  os.o(.text)
    .text                                    0x00002658   Section        0  lab3.o(.text)
    .text                                    0x000032ec   Section       72  pid_stm32.o(.text)
    .text                                    0x00003334   Section        0  memcpya.o(.text)
    .text                                    0x00003358   Section        0  memseta.o(.text)
    .text                                    0x0000337c   Section        0  strlen.o(.text)
    .text                                    0x0000338c   Section        0  strcmp.o(.text)
    .text                                    0x000033a8   Section        0  strcpy.o(.text)
    .text                                    0x000033ba   Section        0  uidiv.o(.text)
    .text                                    0x000033e8   Section       36  init.o(.text)
    i.GPIODirModeSet                         0x0000340c   Section        0  gpio.o(i.GPIODirModeSet)
    i.GPIOPadConfigSet                       0x00003434   Section        0  gpio.o(i.GPIOPadConfigSet)
    i.GPIOPinTypeGPIOOutput                  0x000034e4   Section        0  gpio.o(i.GPIOPinTypeGPIOOutput)
    i.GPIOPinTypeSSI                         0x00003500   Section        0  gpio.o(i.GPIOPinTypeSSI)
    i.GPIOPinWrite                           0x0000351c   Section        0  gpio.o(i.GPIOPinWrite)
    i.SSIBusy                                0x00003522   Section        0  ssi.o(i.SSIBusy)
    i.SSIConfigSetExpClk                     0x0000352a   Section        0  ssi.o(i.SSIConfigSetExpClk)
    i.SSIDataGetNonBlocking                  0x00003576   Section        0  ssi.o(i.SSIDataGetNonBlocking)
    i.SSIDataPut                             0x00003588   Section        0  ssi.o(i.SSIDataPut)
    i.SSIDisable                             0x00003594   Section        0  ssi.o(i.SSIDisable)
    i.SSIEnable                              0x0000359e   Section        0  ssi.o(i.SSIEnable)
    i.SysCtlClockGet                         0x000035a8   Section        0  sysctl.o(i.SysCtlClockGet)
    i.SysCtlClockSet                         0x0000378c   Section        0  sysctl.o(i.SysCtlClockSet)
    i.SysCtlPeripheralEnable                 0x000038c4   Section        0  sysctl.o(i.SysCtlPeripheralEnable)
    i.__0printf$1                            0x000038e4   Section        0  printf1.o(i.__0printf$1)
    i.__0sprintf$1                           0x00003904   Section        0  printf1.o(i.__0sprintf$1)
    i.__scatterload_copy                     0x0000392c   Section       14  handlers.o(i.__scatterload_copy)
    i.__scatterload_null                     0x0000393a   Section        2  handlers.o(i.__scatterload_null)
    i.__scatterload_zeroinit                 0x0000393c   Section       14  handlers.o(i.__scatterload_zeroinit)
    i._printf_core                           0x0000394c   Section        0  printf1.o(i._printf_core)
    _printf_core                             0x0000394d   Thumb Code   334  printf1.o(i._printf_core)
    i._sputc                                 0x00003aa0   Section        0  printf1.o(i._sputc)
    _sputc                                   0x00003aa1   Thumb Code    10  printf1.o(i._sputc)
    .constdata                               0x00003aaa   Section      571  rit128x96x4.o(.constdata)
    g_pucRIT128x96x4VerticalInc              0x00003aaa   Data           2  rit128x96x4.o(.constdata)
    g_pucRIT128x96x4HorizontalInc            0x00003aac   Data           2  rit128x96x4.o(.constdata)
    g_pucFont                                0x00003aae   Data         480  rit128x96x4.o(.constdata)
    g_pucRIT128x96x4Init                     0x00003c8e   Data          79  rit128x96x4.o(.constdata)
    pucCommand1                              0x00003cdd   Data           3  rit128x96x4.o(.constdata)
    pucCommand2                              0x00003ce0   Data           3  rit128x96x4.o(.constdata)
    pucCommand1                              0x00003ce3   Data           2  rit128x96x4.o(.constdata)
    .constdata                               0x00003ce8   Section      156  sysctl.o(.constdata)
    g_pulDCRegs                              0x00003ce8   Data          16  sysctl.o(.constdata)
    g_pulSRCRRegs                            0x00003cf8   Data          12  sysctl.o(.constdata)
    g_pulRCGCRegs                            0x00003d04   Data          12  sysctl.o(.constdata)
    g_pulSCGCRegs                            0x00003d10   Data          12  sysctl.o(.constdata)
    g_pulDCGCRegs                            0x00003d1c   Data          12  sysctl.o(.constdata)
    g_pulXtals                               0x00003d28   Data          92  sysctl.o(.constdata)
    .data                                    0x20000000   Section        7  output.o(.data)
    CursorX                                  0x20000000   Data           2  output.o(.data)
    CursorY                                  0x20000002   Data           2  output.o(.data)
    Color                                    0x20000004   Data           1  output.o(.data)
    Status                                   0x20000005   Data           1  output.o(.data)
    OLED_ENUM                                0x20000006   Data           1  output.o(.data)
    .data                                    0x20000008   Section       28  rit128x96x4.o(.data)
    _OLED_color                              0x20000008   Data           1  rit128x96x4.o(.data)
    line                                     0x2000000c   Data           8  rit128x96x4.o(.data)
    OLED_ENUM                                0x20000014   Data           1  rit128x96x4.o(.data)
    g_ulSSIFlags                             0x20000018   Data           4  rit128x96x4.o(.data)
    g_pucBuffer                              0x2000001c   Data           8  rit128x96x4.o(.data)
    .data                                    0x20000024   Section        8  adc.o(.data)
    .data                                    0x2000002c   Section       16  os_buttons.o(.data)
    _OS_SelTask                              0x2000002c   Data           4  os_buttons.o(.data)
    _OS_DownTask                             0x20000030   Data           4  os_buttons.o(.data)
    haveInit                                 0x20000034   Data           4  os_buttons.o(.data)
    haveInit                                 0x20000038   Data           4  os_buttons.o(.data)
    .data                                    0x2000003c   Section        4  os_threads.o(.data)
    num                                      0x2000003c   Data           4  os_threads.o(.data)
    .data                                    0x20000040   Section       44  os_time.o(.data)
    MinJitter                                0x20000040   Data          16  os_time.o(.data)
    _OS_int_time                             0x2000005c   Data           4  os_time.o(.data)
    _OS_cur_time                             0x20000060   Data           4  os_time.o(.data)
    _OS_Num_Tasks                            0x20000064   Data           4  os_time.o(.data)
    firstTime                                0x20000068   Data           4  os_time.o(.data)
    .data                                    0x2000006c   Section       28  os.o(.data)
    OLED_ENUM                                0x20000074   Data           1  os.o(.data)
    .data                                    0x20000088   Section      124  lab3.o(.data)
    n                                        0x20000090   Data           4  lab3.o(.data)
    i                                        0x20000094   Data           4  lab3.o(.data)
    result                                   0x20000098   Data           4  lab3.o(.data)
    OLED_ENUM                                0x2000009c   Data           1  lab3.o(.data)
    .data                                    0x20000104   Section        4  stdout.o(.data)
    .bss                                     0x20000108   Section      504  output.o(.bss)
    CharBuffer                               0x20000108   Data         252  output.o(.bss)
    ColorBuffer                              0x20000204   Data         252  output.o(.bss)
    .bss                                     0x20000300   Section      340  rit128x96x4.o(.bss)
    char_buff                                0x20000300   Data         264  rit128x96x4.o(.bss)
    .bss                                     0x20000454   Section     2304  shell.o(.bss)
    _SH_Env                                  0x20000454   Data        2304  shell.o(.bss)
    .bss                                     0x20000d54   Section       32  adc.o(.bss)
    _ADC_tasks                               0x20000d64   Data          16  adc.o(.bss)
    .bss                                     0x20000d74   Section     1056  os_time.o(.bss)
    MaxJitter                                0x20000d74   Data          16  os_time.o(.bss)
    LastTime                                 0x20000d84   Data          16  os_time.o(.bss)
    JitterHistogram                          0x20000d94   Data        1024  os_time.o(.bss)
    .bss                                     0x20001194   Section     9320  os.o(.bss)
    .bss                                     0x200035fc   Section      840  lab3.o(.bss)
    x                                        0x200035fc   Data          12  lab3.o(.bss)
    y                                        0x20003608   Data          12  lab3.o(.bss)
    STACK                                    0x20003948   Section     1024  startup.o(STACK)
    StackMem                                 0x20003948   Data           0  startup.o(STACK)

    Global Symbols

    Symbol Name                              Value     Ov Type        Size  Object(Section)

    BuildAttributes$$THM_ISAv4$P$D$K$B$S$PE$A:L22UL41UL21$X:L11$S22US41US21$IEEE1$IW$USESV6$~STKCKD$USESV7$~SHL$OTIME$ROPI$EBA8$MICROLIB$REQ8$PRES8$EABIv2 0x00000000   Number         0  anon$$obj.o ABSOLUTE
    __ARM_use_no_argv                        0x00000000   Number         0  lab3.o ABSOLUTE
    __Vectors                                0x00000000   Data           0  startup.o(RESET)
    _printf_a                                0x00000000   Number         0  stubs.o ABSOLUTE
    _printf_c                                0x00000000   Number         0  stubs.o ABSOLUTE
    _printf_charcount                        0x00000000   Number         0  stubs.o ABSOLUTE
    _printf_d                                0x00000000   Number         0  stubs.o ABSOLUTE
    _printf_e                                0x00000000   Number         0  stubs.o ABSOLUTE
    _printf_f                                0x00000000   Number         0  stubs.o ABSOLUTE
    _printf_flags                            0x00000000   Number         0  stubs.o ABSOLUTE
    _printf_fp_dec                           0x00000000   Number         0  stubs.o ABSOLUTE
    _printf_fp_hex                           0x00000000   Number         0  stubs.o ABSOLUTE
    _printf_g                                0x00000000   Number         0  stubs.o ABSOLUTE
    _printf_i                                0x00000000   Number         0  stubs.o ABSOLUTE
    _printf_int_dec                          0x00000000   Number         0  stubs.o ABSOLUTE
    _printf_l                                0x00000000   Number         0  stubs.o ABSOLUTE
    _printf_lc                               0x00000000   Number         0  stubs.o ABSOLUTE
    _printf_ll                               0x00000000   Number         0  stubs.o ABSOLUTE
    _printf_lld                              0x00000000   Number         0  stubs.o ABSOLUTE
    _printf_lli                              0x00000000   Number         0  stubs.o ABSOLUTE
    _printf_llo                              0x00000000   Number         0  stubs.o ABSOLUTE
    _printf_llu                              0x00000000   Number         0  stubs.o ABSOLUTE
    _printf_llx                              0x00000000   Number         0  stubs.o ABSOLUTE
    _printf_longlong_dec                     0x00000000   Number         0  stubs.o ABSOLUTE
    _printf_longlong_hex                     0x00000000   Number         0  stubs.o ABSOLUTE
    _printf_longlong_oct                     0x00000000   Number         0  stubs.o ABSOLUTE
    _printf_ls                               0x00000000   Number         0  stubs.o ABSOLUTE
    _printf_mbtowc                           0x00000000   Number         0  stubs.o ABSOLUTE
    _printf_n                                0x00000000   Number         0  stubs.o ABSOLUTE
    _printf_o                                0x00000000   Number         0  stubs.o ABSOLUTE
    _printf_p                                0x00000000   Number         0  stubs.o ABSOLUTE
    _printf_percent                          0x00000000   Number         0  stubs.o ABSOLUTE
    _printf_pre_padding                      0x00000000   Number         0  stubs.o ABSOLUTE
    _printf_return_value                     0x00000000   Number         0  stubs.o ABSOLUTE
    _printf_s                                0x00000000   Number         0  stubs.o ABSOLUTE
    _printf_sizespec                         0x00000000   Number         0  stubs.o ABSOLUTE
    _printf_str                              0x00000000   Number         0  stubs.o ABSOLUTE
    _printf_truncate_signed                  0x00000000   Number         0  stubs.o ABSOLUTE
    _printf_truncate_unsigned                0x00000000   Number         0  stubs.o ABSOLUTE
    _printf_u                                0x00000000   Number         0  stubs.o ABSOLUTE
    _printf_wc                               0x00000000   Number         0  stubs.o ABSOLUTE
    _printf_wctomb                           0x00000000   Number         0  stubs.o ABSOLUTE
    _printf_widthprec                        0x00000000   Number         0  stubs.o ABSOLUTE
    _printf_x                                0x00000000   Number         0  stubs.o ABSOLUTE
    __decompress                              - Undefined Weak Reference
    _clock_init                               - Undefined Weak Reference
    Reset_Handler                            0x00000101   Thumb Code     0  startup.o(RESET)
    NMI_Handler                              0x00000105   Thumb Code     2  startup.o(RESET)
    HardFault_Handler                        0x00000107   Thumb Code     2  startup.o(RESET)
    MemManage_Handler                        0x00000109   Thumb Code     2  startup.o(RESET)
    BusFault_Handler                         0x0000010b   Thumb Code     2  startup.o(RESET)
    UsageFault_Handler                       0x0000010d   Thumb Code     2  startup.o(RESET)
    SVC_Handler                              0x0000010f   Thumb Code     2  startup.o(RESET)
    DebugMon_Handler                         0x00000111   Thumb Code     2  startup.o(RESET)
    CAN0_Handler                             0x00000117   Thumb Code     0  startup.o(RESET)
    CAN1_Handler                             0x00000117   Thumb Code     0  startup.o(RESET)
    CAN2_Handler                             0x00000117   Thumb Code     0  startup.o(RESET)
    Comp0_Handler                            0x00000117   Thumb Code     0  startup.o(RESET)
    Comp1_Handler                            0x00000117   Thumb Code     0  startup.o(RESET)
    Comp2_Handler                            0x00000117   Thumb Code     0  startup.o(RESET)
    Ethernet_Handler                         0x00000117   Thumb Code     0  startup.o(RESET)
    FlashCtl_Handler                         0x00000117   Thumb Code     0  startup.o(RESET)
    GPIOPortA_Handler                        0x00000117   Thumb Code     0  startup.o(RESET)
    GPIOPortB_Handler                        0x00000117   Thumb Code     0  startup.o(RESET)
    GPIOPortC_Handler                        0x00000117   Thumb Code     0  startup.o(RESET)
    GPIOPortD_Handler                        0x00000117   Thumb Code     0  startup.o(RESET)
    GPIOPortG_Handler                        0x00000117   Thumb Code     0  startup.o(RESET)
    GPIOPortH_Handler                        0x00000117   Thumb Code     0  startup.o(RESET)
    Hibernate_Handler                        0x00000117   Thumb Code     0  startup.o(RESET)
    I2C0_Handler                             0x00000117   Thumb Code     0  startup.o(RESET)
    I2C1_Handler                             0x00000117   Thumb Code     0  startup.o(RESET)
    PWM0_Handler                             0x00000117   Thumb Code     0  startup.o(RESET)
    PWM1_Handler                             0x00000117   Thumb Code     0  startup.o(RESET)
    PWM2_Handler                             0x00000117   Thumb Code     0  startup.o(RESET)
    PWM3_Handler                             0x00000117   Thumb Code     0  startup.o(RESET)
    PWMFault_Handler                         0x00000117   Thumb Code     0  startup.o(RESET)
    Quadrature0_Handler                      0x00000117   Thumb Code     0  startup.o(RESET)
    Quadrature1_Handler                      0x00000117   Thumb Code     0  startup.o(RESET)
    SSI0_Handler                             0x00000117   Thumb Code     0  startup.o(RESET)
    SSI1_Handler                             0x00000117   Thumb Code     0  startup.o(RESET)
    SysCtl_Handler                           0x00000117   Thumb Code     0  startup.o(RESET)
    Timer0A_Handler                          0x00000117   Thumb Code     0  startup.o(RESET)
    Timer0B_Handler                          0x00000117   Thumb Code     0  startup.o(RESET)
    Timer1A_Handler                          0x00000117   Thumb Code     0  startup.o(RESET)
    Timer1B_Handler                          0x00000117   Thumb Code     0  startup.o(RESET)
    Timer3A_Handler                          0x00000117   Thumb Code     0  startup.o(RESET)
    Timer3B_Handler                          0x00000117   Thumb Code     0  startup.o(RESET)
    UART0_Handler                            0x00000117   Thumb Code     0  startup.o(RESET)
    UART1_Handler                            0x00000117   Thumb Code     0  startup.o(RESET)
    UART2_Handler                            0x00000117   Thumb Code     0  startup.o(RESET)
    USB0_Handler                             0x00000117   Thumb Code     0  startup.o(RESET)
    WDT_Handler                              0x00000117   Thumb Code     0  startup.o(RESET)
    uDMA_Error                               0x00000117   Thumb Code     0  startup.o(RESET)
    uDMA_Handler                             0x00000117   Thumb Code     0  startup.o(RESET)
    __main                                   0x00000119   Thumb Code     0  entry.o(.ARM.Collect$$$$00000000)
    _main_stk                                0x00000119   Thumb Code     0  entry2.o(.ARM.Collect$$$$00000001)
    _main_scatterload                        0x0000011d   Thumb Code     0  entry5.o(.ARM.Collect$$$$00000004)
    __main_after_scatterload                 0x00000121   Thumb Code     0  entry5.o(.ARM.Collect$$$$00000004)
    _main_clock                              0x00000121   Thumb Code     0  entry7b.o(.ARM.Collect$$$$00000008)
    _main_init                               0x00000121   Thumb Code     0  entry8.o(.ARM.Collect$$$$00000009)
    OS_CPU_SR_Save                           0x0000012d   Thumb Code     8  os_critical.o(.emb_text)
    OS_CPU_SR_Restore                        0x00000135   Thumb Code     6  os_critical.o(.emb_text)
    SysCtlDelay                              0x0000013d   Thumb Code     6  sysctl.o(.emb_text)
    DisableInterrupts                        0x00000145   Thumb Code     0  startup.o(.text)
    EnableInterrupts                         0x00000149   Thumb Code     0  startup.o(.text)
    StartCritical                            0x0000014d   Thumb Code     0  startup.o(.text)
    EndCritical                              0x00000155   Thumb Code     0  startup.o(.text)
    WaitForInterrupt                         0x0000015b   Thumb Code     0  startup.o(.text)
    shiftEverythingUp                        0x00000161   Thumb Code   186  output.o(.text)
    fputc                                    0x0000021b   Thumb Code   562  output.o(.text)
    fgetc                                    0x0000044d   Thumb Code     6  output.o(.text)
    ferror                                   0x00000453   Thumb Code     8  output.o(.text)
    Output_Init                              0x0000045b   Thumb Code    82  output.o(.text)
    Output_Clear                             0x000004ad   Thumb Code    68  output.o(.text)
    Output_Off                               0x000004f1   Thumb Code    14  output.o(.text)
    Output_On                                0x000004ff   Thumb Code    14  output.o(.text)
    Output_Color                             0x0000050d   Thumb Code    18  output.o(.text)
    OLED_Set_Color                           0x0000053d   Thumb Code     6  rit128x96x4.o(.text)
    RIT128x96x4Clear                         0x0000063f   Thumb Code    64  rit128x96x4.o(.text)
    RIT128x96x4Enable                        0x0000067f   Thumb Code    90  rit128x96x4.o(.text)
    RIT128x96x4Init                          0x000006d9   Thumb Code   150  rit128x96x4.o(.text)
    OLED_Init                                0x0000076f   Thumb Code    26  rit128x96x4.o(.text)
    OLED_Get_Color                           0x00000789   Thumb Code     6  rit128x96x4.o(.text)
    RIT128x96x4StringDraw                    0x0000078f   Thumb Code   218  rit128x96x4.o(.text)
    OLED_Out                                 0x000008a3   Thumb Code   424  rit128x96x4.o(.text)
    RIT128x96x4ImageDraw                     0x00000a4b   Thumb Code   106  rit128x96x4.o(.text)
    RIT128x96x4Disable                       0x00000ab5   Thumb Code    84  rit128x96x4.o(.text)
    RIT128x96x4DisplayOn                     0x00000b09   Thumb Code    36  rit128x96x4.o(.text)
    RIT128x96x4DisplayOff                    0x00000b2d   Thumb Code    12  rit128x96x4.o(.text)
    SH_Init                                  0x00000c13   Thumb Code    42  shell.o(.text)
    SH_Shell                                 0x00000c95   Thumb Code    78  shell.o(.text)
    SH_Jitter                                0x00000d6d   Thumb Code   102  shell.o(.text)
    UART_Init                                0x00000e71   Thumb Code    94  uart.o(.text)
    UART_InChar                              0x00000ecf   Thumb Code    20  uart.o(.text)
    UART_OutChar                             0x00000ee3   Thumb Code    18  uart.o(.text)
    UART_OutString                           0x00000ef5   Thumb Code    22  uart.o(.text)
    UART_InUDec                              0x00000f0b   Thumb Code    76  uart.o(.text)
    UART_OutUDec                             0x00000f57   Thumb Code    42  uart.o(.text)
    UART_InUHex                              0x00000f81   Thumb Code   104  uart.o(.text)
    UART_OutUHex                             0x00000fe9   Thumb Code    52  uart.o(.text)
    UART_InString                            0x0000101d   Thumb Code    66  uart.o(.text)
    OS_bWait                                 0x00001075   Thumb Code     0  osasm.o(.text)
    OS_bSignal                               0x00001095   Thumb Code     0  osasm.o(.text)
    OS_Signal                                0x000010b5   Thumb Code     0  osasm.o(.text)
    OS_Wait                                  0x000010d5   Thumb Code     0  osasm.o(.text)
    SysTick_Handler                          0x000010f5   Thumb Code     0  osasm.o(.text)
    PendSV_Handler                           0x000010ff   Thumb Code     0  osasm.o(.text)
    StartOS                                  0x0000112f   Thumb Code     0  osasm.o(.text)
    ADC_TimerInit                            0x00001161   Thumb Code    92  adc.o(.text)
    ADC_Init                                 0x000011bd   Thumb Code   120  adc.o(.text)
    ADC_Open                                 0x0000149b   Thumb Code    72  adc.o(.text)
    ADC_In                                   0x000014e3   Thumb Code    46  adc.o(.text)
    ADC_Collect                              0x00001511   Thumb Code    24  adc.o(.text)
    ADC0_Handler                             0x000015cf   Thumb Code    90  adc.o(.text)
    ADC1_Handler                             0x00001629   Thumb Code    90  adc.o(.text)
    ADC2_Handler                             0x00001683   Thumb Code    90  adc.o(.text)
    ADC3_Handler                             0x000016dd   Thumb Code    90  adc.o(.text)
    cr4_fft_64_stm32                         0x0000175d   Thumb Code     0  cr4_fft_64_stm32.o(.text)
    PORTF_Init                               0x00001a2d   Thumb Code   116  os_buttons.o(.text)
    OS_AddButtonTask                         0x00001aa1   Thumb Code    66  os_buttons.o(.text)
    PORTE_Init                               0x00001ae3   Thumb Code   116  os_buttons.o(.text)
    OS_AddDownTask                           0x00001b57   Thumb Code    70  os_buttons.o(.text)
    GPIOPortF_Handler                        0x00001bcb   Thumb Code    44  os_buttons.o(.text)
    GPIOPortE_Handler                        0x00001c25   Thumb Code    44  os_buttons.o(.text)
    OS_Fifo_Init                             0x00001ca9   Thumb Code    38  os_datastructures.o(.text)
    OS_Fifo_Size                             0x00001ccf   Thumb Code    20  os_datastructures.o(.text)
    OS_Fifo_Put                              0x00001ce3   Thumb Code    72  os_datastructures.o(.text)
    OS_Fifo_Get                              0x00001d2b   Thumb Code    58  os_datastructures.o(.text)
    OS_MailBox_Init                          0x00001d65   Thumb Code    30  os_datastructures.o(.text)
    OS_MailBox_Send                          0x00001d83   Thumb Code    24  os_datastructures.o(.text)
    OS_MailBox_Recv                          0x00001d9b   Thumb Code    24  os_datastructures.o(.text)
    OS_AddThread                             0x00001e3d   Thumb Code   220  os_threads.o(.text)
    _OS_RemoveFromLL                         0x00001f19   Thumb Code    36  os_threads.o(.text)
    OS_Kill                                  0x00001f3d   Thumb Code   106  os_threads.o(.text)
    OS_Suspend                               0x00001fa7   Thumb Code    30  os_threads.o(.text)
    OS_Sleep                                 0x00001fc5   Thumb Code    24  os_threads.o(.text)
    _OS_InsertThread                         0x00001fdd   Thumb Code    74  os_threads.o(.text)
    OS_FindNextThread                        0x00002027   Thumb Code    76  os_threads.o(.text)
    OS_IncPriority                           0x00002073   Thumb Code    78  os_threads.o(.text)
    OS_Add_Periodic_Thread                   0x00002111   Thumb Code   218  os_time.o(.text)
    Timer2A_Init                             0x000021eb   Thumb Code    98  os_time.o(.text)
    Timer2B_Init                             0x0000224d   Thumb Code   136  os_time.o(.text)
    Timer2A_Handler                          0x000022d5   Thumb Code   190  os_time.o(.text)
    Timer2B_Handler                          0x00002393   Thumb Code    10  os_time.o(.text)
    OS_MsTime                                0x0000239d   Thumb Code     6  os_time.o(.text)
    OS_ClearMsTime                           0x000023a3   Thumb Code     8  os_time.o(.text)
    OS_Time                                  0x000023ab   Thumb Code     8  os_time.o(.text)
    OS_TimeDifference                        0x000023b3   Thumb Code    20  os_time.o(.text)
    OS_MeasureJitter                         0x000023c7   Thumb Code   132  os_time.o(.text)
    OS_getMaxJitter                          0x0000244b   Thumb Code    10  os_time.o(.text)
    OS_getMinJitter                          0x00002455   Thumb Code    10  os_time.o(.text)
    OS_start_interrupt                       0x0000245f   Thumb Code    12  os_time.o(.text)
    OS_end_interrupt                         0x0000246b   Thumb Code    34  os_time.o(.text)
    OS_max_int_time                          0x0000248d   Thumb Code     6  os_time.o(.text)
    OS_InitSemaphore                         0x000024e9   Thumb Code    10  os.o(.text)
    OS_Delay                                 0x000024f3   Thumb Code    12  os.o(.text)
    OS_BlockThread                           0x000024ff   Thumb Code    44  os.o(.text)
    OS_WakeThread                            0x0000252b   Thumb Code    34  os.o(.text)
    OS_WakeAllThreads                        0x0000254d   Thumb Code    22  os.o(.text)
    OS_Init                                  0x0000256b   Thumb Code   160  os.o(.text)
    OS_Id                                    0x0000260b   Thumb Code    20  os.o(.text)
    OS_Launch                                0x0000261f   Thumb Code    22  os.o(.text)
    Filter                                   0x00002659   Thumb Code   176  lab3.o(.text)
    DAS                                      0x00002709   Thumb Code    44  lab3.o(.text)
    ButtonWork                               0x00002735   Thumb Code   106  lab3.o(.text)
    ButtonPush                               0x0000279f   Thumb Code    28  lab3.o(.text)
    DownPush                                 0x000027bb   Thumb Code    28  lab3.o(.text)
    Producer                                 0x000027d7   Thumb Code    46  lab3.o(.text)
    Display                                  0x00002805   Thumb Code   112  lab3.o(.text)
    Consumer                                 0x00002875   Thumb Code   112  lab3.o(.text)
    PID                                      0x000028e5   Thumb Code    98  lab3.o(.text)
    realmain                                 0x00002947   Thumb Code   170  lab3.o(.text)
    Thread1                                  0x000029f1   Thumb Code    24  lab3.o(.text)
    Thread2                                  0x00002a09   Thumb Code    24  lab3.o(.text)
    Thread3                                  0x00002a21   Thumb Code   204  lab3.o(.text)
    testmain1                                0x00002aed   Thumb Code    88  lab3.o(.text)
    Thread1b                                 0x00002b45   Thumb Code    20  lab3.o(.text)
    Thread2b                                 0x00002b59   Thumb Code    20  lab3.o(.text)
    Thread3b                                 0x00002b6d   Thumb Code    20  lab3.o(.text)
    testmain2                                0x00002b81   Thumb Code    88  lab3.o(.text)
    BackgroundThread1c                       0x00002bd9   Thumb Code    20  lab3.o(.text)
    Thread5c                                 0x00002bed   Thumb Code    38  lab3.o(.text)
    Thread2c                                 0x00002c13   Thumb Code    78  lab3.o(.text)
    Thread3c                                 0x00002c61   Thumb Code    20  lab3.o(.text)
    Thread4c                                 0x00002c75   Thumb Code    40  lab3.o(.text)
    BackgroundThread5c                       0x00002c9d   Thumb Code    26  lab3.o(.text)
    Testmain3                                0x00002cb7   Thumb Code   104  lab3.o(.text)
    BackgroundThread1d                       0x00002d1f   Thumb Code    42  lab3.o(.text)
    Thread2d                                 0x00002d49   Thumb Code    38  lab3.o(.text)
    Thread3d                                 0x00002d6f   Thumb Code    20  lab3.o(.text)
    Thread4d                                 0x00002d83   Thumb Code    36  lab3.o(.text)
    BackgroundThread5d                       0x00002da7   Thumb Code    26  lab3.o(.text)
    Testmain4                                0x00002dc1   Thumb Code   118  lab3.o(.text)
    PseudoWork                               0x00002e37   Thumb Code    32  lab3.o(.text)
    Thread6                                  0x00002e57   Thumb Code    32  lab3.o(.text)
    Thread7                                  0x00002e77   Thumb Code    20  lab3.o(.text)
    TaskA                                    0x00002e8b   Thumb Code    52  lab3.o(.text)
    TaskB                                    0x00002ebf   Thumb Code   126  lab3.o(.text)
    main                                     0x00002f3d   Thumb Code   148  lab3.o(.text)
    OutputThread                             0x00002fd1   Thumb Code    96  lab3.o(.text)
    Wait1                                    0x00003031   Thumb Code    20  lab3.o(.text)
    Wait2                                    0x00003045   Thumb Code    20  lab3.o(.text)
    Wait3                                    0x00003059   Thumb Code    20  lab3.o(.text)
    Signal1                                  0x0000306d   Thumb Code    32  lab3.o(.text)
    Signal2                                  0x0000308d   Thumb Code    32  lab3.o(.text)
    Signal3                                  0x000030ad   Thumb Code    36  lab3.o(.text)
    add                                      0x000030d1   Thumb Code    14  lab3.o(.text)
    main6                                    0x000030df   Thumb Code   272  lab3.o(.text)
    testmain7                                0x000031ef   Thumb Code    94  lab3.o(.text)
    PID_stm32                                0x000032ed   Thumb Code     0  pid_stm32.o(.text)
    __aeabi_memcpy                           0x00003335   Thumb Code    36  memcpya.o(.text)
    __aeabi_memcpy4                          0x00003335   Thumb Code     0  memcpya.o(.text)
    __aeabi_memcpy8                          0x00003335   Thumb Code     0  memcpya.o(.text)
    __aeabi_memset                           0x00003359   Thumb Code    14  memseta.o(.text)
    __aeabi_memset4                          0x00003359   Thumb Code     0  memseta.o(.text)
    __aeabi_memset8                          0x00003359   Thumb Code     0  memseta.o(.text)
    __aeabi_memclr                           0x00003367   Thumb Code     4  memseta.o(.text)
    __aeabi_memclr4                          0x00003367   Thumb Code     0  memseta.o(.text)
    __aeabi_memclr8                          0x00003367   Thumb Code     0  memseta.o(.text)
    _memset$wrapper                          0x0000336b   Thumb Code    18  memseta.o(.text)
    strlen                                   0x0000337d   Thumb Code    16  strlen.o(.text)
    strcmp                                   0x0000338d   Thumb Code    28  strcmp.o(.text)
    strcpy                                   0x000033a9   Thumb Code    18  strcpy.o(.text)
    __aeabi_uidiv                            0x000033bb   Thumb Code     0  uidiv.o(.text)
    __aeabi_uidivmod                         0x000033bb   Thumb Code    44  uidiv.o(.text)
    __scatterload                            0x000033e9   Thumb Code    28  init.o(.text)
    __scatterload_rt2                        0x000033e9   Thumb Code     0  init.o(.text)
    GPIODirModeSet                           0x0000340d   Thumb Code    40  gpio.o(i.GPIODirModeSet)
    GPIOPadConfigSet                         0x00003435   Thumb Code   176  gpio.o(i.GPIOPadConfigSet)
    GPIOPinTypeGPIOOutput                    0x000034e5   Thumb Code    28  gpio.o(i.GPIOPinTypeGPIOOutput)
    GPIOPinTypeSSI                           0x00003501   Thumb Code    28  gpio.o(i.GPIOPinTypeSSI)
    GPIOPinWrite                             0x0000351d   Thumb Code     6  gpio.o(i.GPIOPinWrite)
    SSIBusy                                  0x00003523   Thumb Code     8  ssi.o(i.SSIBusy)
    SSIConfigSetExpClk                       0x0000352b   Thumb Code    76  ssi.o(i.SSIConfigSetExpClk)
    SSIDataGetNonBlocking                    0x00003577   Thumb Code    18  ssi.o(i.SSIDataGetNonBlocking)
    SSIDataPut                               0x00003589   Thumb Code    12  ssi.o(i.SSIDataPut)
    SSIDisable                               0x00003595   Thumb Code    10  ssi.o(i.SSIDisable)
    SSIEnable                                0x0000359f   Thumb Code    10  ssi.o(i.SSIEnable)
    SysCtlClockGet                           0x000035a9   Thumb Code   438  sysctl.o(i.SysCtlClockGet)
    SysCtlClockSet                           0x0000378d   Thumb Code   288  sysctl.o(i.SysCtlClockSet)
    SysCtlPeripheralEnable                   0x000038c5   Thumb Code    26  sysctl.o(i.SysCtlPeripheralEnable)
    __0printf$1                              0x000038e5   Thumb Code    22  printf1.o(i.__0printf$1)
    __1printf$1                              0x000038e5   Thumb Code     0  printf1.o(i.__0printf$1)
    __2printf                                0x000038e5   Thumb Code     0  printf1.o(i.__0printf$1)
    __0sprintf$1                             0x00003905   Thumb Code    34  printf1.o(i.__0sprintf$1)
    __1sprintf$1                             0x00003905   Thumb Code     0  printf1.o(i.__0sprintf$1)
    __2sprintf                               0x00003905   Thumb Code     0  printf1.o(i.__0sprintf$1)
    __scatterload_copy                       0x0000392d   Thumb Code    14  handlers.o(i.__scatterload_copy)
    __scatterload_null                       0x0000393b   Thumb Code     2  handlers.o(i.__scatterload_null)
    __scatterload_zeroinit                   0x0000393d   Thumb Code    14  handlers.o(i.__scatterload_zeroinit)
    Region$$Table$$Base                      0x00003d84   Number         0  anon$$obj.o(Region$$Table)
    Region$$Table$$Limit                     0x00003da4   Number         0  anon$$obj.o(Region$$Table)
    ADCMailBox                               0x20000024   Data           8  adc.o(.data)
    _OS_Root                                 0x20000050   Data           4  os_time.o(.data)
    _OS_Task_Time                            0x20000054   Data           4  os_time.o(.data)
    _us100Count                              0x20000058   Data           4  os_time.o(.data)
    _OS_SelTask                              0x2000006c   Data           4  os.o(.data)
    _OS_DownTask                             0x20000070   Data           4  os.o(.data)
    _RunPt                                   0x20000078   Data           4  os.o(.data)
    _TCBHead                                 0x2000007c   Data           4  os.o(.data)
    _OS_numThreads                           0x20000080   Data           4  os.o(.data)
    _OS_System_Time                          0x20000084   Data           4  os.o(.data)
    TaskAPeriod                              0x20000088   Data           4  lab3.o(.data)
    TaskBPeriod                              0x2000008c   Data           4  lab3.o(.data)
    NumCreated                               0x200000a0   Data           4  lab3.o(.data)
    PIDWork                                  0x200000a4   Data           4  lab3.o(.data)
    FilterWork                               0x200000a8   Data           4  lab3.o(.data)
    NumSamples                               0x200000ac   Data           4  lab3.o(.data)
    DataLost                                 0x200000b0   Data           4  lab3.o(.data)
    DASoutput                                0x200000b4   Data           2  lab3.o(.data)
    IntTerm                                  0x200000b6   Data           2  lab3.o(.data)
    PrevError                                0x200000b8   Data           2  lab3.o(.data)
    Coeff                                    0x200000ba   Data           6  lab3.o(.data)
    Actuator                                 0x200000c0   Data           2  lab3.o(.data)
    Count1                                   0x200000c4   Data           4  lab3.o(.data)
    Count2                                   0x200000c8   Data           4  lab3.o(.data)
    Count3                                   0x200000cc   Data           4  lab3.o(.data)
    Count4                                   0x200000d0   Data           4  lab3.o(.data)
    Count5                                   0x200000d4   Data           4  lab3.o(.data)
    Lost                                     0x200000d8   Data           4  lab3.o(.data)
    CountA                                   0x200000dc   Data           4  lab3.o(.data)
    CountB                                   0x200000e0   Data           4  lab3.o(.data)
    TaskAID                                  0x200000e4   Data           4  lab3.o(.data)
    TaskBID                                  0x200000e8   Data           4  lab3.o(.data)
    SignalCount1                             0x200000ec   Data           4  lab3.o(.data)
    SignalCount2                             0x200000f0   Data           4  lab3.o(.data)
    SignalCount3                             0x200000f4   Data           4  lab3.o(.data)
    WaitCount1                               0x200000f8   Data           4  lab3.o(.data)
    WaitCount2                               0x200000fc   Data           4  lab3.o(.data)
    WaitCount3                               0x20000100   Data           4  lab3.o(.data)
    __stdout                                 0x20000104   Data           4  stdout.o(.data)
    OLED_Semaphore                           0x20000408   Data          76  rit128x96x4.o(.bss)
    ADCHasData                               0x20000d54   Data          16  adc.o(.bss)
    _threads                                 0x20001194   Data        8704  os.o(.bss)
    _tasks                                   0x20003394   Data          96  os.o(.bss)
    _modifyTCB                               0x200033f4   Data          76  os.o(.bss)
    _OS_Fifo                                 0x20003440   Data         288  os.o(.bss)
    _OS_Mailbox                              0x20003560   Data         156  os.o(.bss)
    x                                        0x20003614   Data         256  lab3.o(.bss)
    y                                        0x20003714   Data         256  lab3.o(.bss)
    Free                                     0x20003814   Data          76  lab3.o(.bss)
    Readyc                                   0x20003860   Data          76  lab3.o(.bss)
    Readyd                                   0x200038ac   Data          76  lab3.o(.bss)
    s                                        0x200038f8   Data          76  lab3.o(.bss)
    __initial_sp                             0x20003d48   Data           0  startup.o(STACK)



==============================================================================

Memory Map of the image

  Image Entry point : 0x00000101

  Load Region LR_1 (Base: 0x00000000, Size: 0x00003eac, Max: 0xffffffff, ABSOLUTE)

    Execution Region ER_RO (Base: 0x00000000, Size: 0x00003da4, Max: 0xffffffff, ABSOLUTE)

    Base Addr    Size         Type   Attr      Idx    E Section Name        Object

    0x00000000   0x00000118   Code   RO            3  * RESET               startup.o
    0x00000118   0x00000000   Code   RO         1007  * .ARM.Collect$$$$00000000  mc_w.l(entry.o)
    0x00000118   0x00000004   Code   RO         1283    .ARM.Collect$$$$00000001  mc_w.l(entry2.o)
    0x0000011c   0x00000004   Code   RO         1286    .ARM.Collect$$$$00000004  mc_w.l(entry5.o)
    0x00000120   0x00000000   Code   RO         1288    .ARM.Collect$$$$00000008  mc_w.l(entry7b.o)
    0x00000120   0x00000008   Code   RO         1289    .ARM.Collect$$$$00000009  mc_w.l(entry8.o)
    0x00000128   0x00000004   Code   RO         1284    .ARM.Collect$$$$00002712  mc_w.l(entry2.o)
    0x0000012c   0x0000000e   Code   RO           90    .emb_text           os_critical.o
    0x0000013a   0x00000002   PAD
    0x0000013c   0x00000006   Code   RO          640    .emb_text           driverlib.lib(sysctl.o)
    0x00000142   0x00000002   PAD
    0x00000144   0x0000001c   Code   RO            4    .text               startup.o
    0x00000160   0x000003dc   Code   RO           12    .text               output.o
    0x0000053c   0x00000620   Code   RO           38    .text               rit128x96x4.o
    0x00000b5c   0x00000314   Code   RO          100    .text               shell.o
    0x00000e70   0x00000204   Code   RO          132    .text               uart.o
    0x00001074   0x000000e4   Code   RO          144    .text               osasm.o
    0x00001158   0x00000604   Code   RO          147    .text               adc.o
    0x0000175c   0x000002ce   Code   RO          175    .text               cr4_fft_64_stm32.o
    0x00001a2a   0x00000002   PAD
    0x00001a2c   0x0000027c   Code   RO          178    .text               os_buttons.o
    0x00001ca8   0x00000114   Code   RO          198    .text               os_datastructures.o
    0x00001dbc   0x00000320   Code   RO          211    .text               os_threads.o
    0x000020dc   0x0000040c   Code   RO          225    .text               os_time.o
    0x000024e8   0x00000170   Code   RO          242    .text               os.o
    0x00002658   0x00000c94   Code   RO          271    .text               lab3.o
    0x000032ec   0x00000048   Code   RO          297    .text               pid_stm32.o
    0x00003334   0x00000024   Code   RO         1010    .text               mc_w.l(memcpya.o)
    0x00003358   0x00000024   Code   RO         1012    .text               mc_w.l(memseta.o)
    0x0000337c   0x00000010   Code   RO         1014    .text               mc_w.l(strlen.o)
    0x0000338c   0x0000001c   Code   RO         1016    .text               mc_w.l(strcmp.o)
    0x000033a8   0x00000012   Code   RO         1018    .text               mc_w.l(strcpy.o)
    0x000033ba   0x0000002c   Code   RO         1291    .text               mc_w.l(uidiv.o)
    0x000033e6   0x00000002   PAD
    0x000033e8   0x00000024   Code   RO         1306    .text               mc_w.l(init.o)
    0x0000340c   0x00000028   Code   RO          301    i.GPIODirModeSet    driverlib.lib(gpio.o)
    0x00003434   0x000000b0   Code   RO          306    i.GPIOPadConfigSet  driverlib.lib(gpio.o)
    0x000034e4   0x0000001c   Code   RO          319    i.GPIOPinTypeGPIOOutput  driverlib.lib(gpio.o)
    0x00003500   0x0000001c   Code   RO          325    i.GPIOPinTypeSSI    driverlib.lib(gpio.o)
    0x0000351c   0x00000006   Code   RO          330    i.GPIOPinWrite      driverlib.lib(gpio.o)
    0x00003522   0x00000008   Code   RO          529    i.SSIBusy           driverlib.lib(ssi.o)
    0x0000352a   0x0000004c   Code   RO          530    i.SSIConfigSetExpClk  driverlib.lib(ssi.o)
    0x00003576   0x00000012   Code   RO          534    i.SSIDataGetNonBlocking  driverlib.lib(ssi.o)
    0x00003588   0x0000000c   Code   RO          535    i.SSIDataPut        driverlib.lib(ssi.o)
    0x00003594   0x0000000a   Code   RO          537    i.SSIDisable        driverlib.lib(ssi.o)
    0x0000359e   0x0000000a   Code   RO          538    i.SSIEnable         driverlib.lib(ssi.o)
    0x000035a8   0x000001e4   Code   RO          645    i.SysCtlClockGet    driverlib.lib(sysctl.o)
    0x0000378c   0x00000138   Code   RO          646    i.SysCtlClockSet    driverlib.lib(sysctl.o)
    0x000038c4   0x00000020   Code   RO          670    i.SysCtlPeripheralEnable  driverlib.lib(sysctl.o)
    0x000038e4   0x00000020   Code   RO         1067    i.__0printf$1       mc_w.l(printf1.o)
    0x00003904   0x00000028   Code   RO         1069    i.__0sprintf$1      mc_w.l(printf1.o)
    0x0000392c   0x0000000e   Code   RO         1318    i.__scatterload_copy  mc_w.l(handlers.o)
    0x0000393a   0x00000002   Code   RO         1319    i.__scatterload_null  mc_w.l(handlers.o)
    0x0000393c   0x0000000e   Code   RO         1320    i.__scatterload_zeroinit  mc_w.l(handlers.o)
    0x0000394a   0x00000002   PAD
    0x0000394c   0x00000154   Code   RO         1074    i._printf_core      mc_w.l(printf1.o)
    0x00003aa0   0x0000000a   Code   RO         1076    i._sputc            mc_w.l(printf1.o)
    0x00003aaa   0x0000023b   Data   RO           40    .constdata          rit128x96x4.o
    0x00003ce5   0x00000003   PAD
    0x00003ce8   0x0000009c   Data   RO          683    .constdata          driverlib.lib(sysctl.o)
    0x00003d84   0x00000020   Data   RO         1316    Region$$Table       anon$$obj.o


    Execution Region ER_RW (Base: 0x20000000, Size: 0x00000108, Max: 0xffffffff, ABSOLUTE)

    Base Addr    Size         Type   Attr      Idx    E Section Name        Object

    0x20000000   0x00000007   Data   RW           14    .data               output.o
    0x20000007   0x00000001   PAD
    0x20000008   0x0000001c   Data   RW           41    .data               rit128x96x4.o
    0x20000024   0x00000008   Data   RW          149    .data               adc.o
    0x2000002c   0x00000010   Data   RW          179    .data               os_buttons.o
    0x2000003c   0x00000004   Data   RW          212    .data               os_threads.o
    0x20000040   0x0000002c   Data   RW          227    .data               os_time.o
    0x2000006c   0x0000001c   Data   RW          244    .data               os.o
    0x20000088   0x0000007c   Data   RW          273    .data               lab3.o
    0x20000104   0x00000004   Data   RW         1290    .data               mc_w.l(stdout.o)


    Execution Region ER_ZI (Base: 0x20000108, Size: 0x00003c40, Max: 0xffffffff, ABSOLUTE)

    Base Addr    Size         Type   Attr      Idx    E Section Name        Object

    0x20000108   0x000001f8   Zero   RW           13    .bss                output.o
    0x20000300   0x00000154   Zero   RW           39    .bss                rit128x96x4.o
    0x20000454   0x00000900   Zero   RW          101    .bss                shell.o
    0x20000d54   0x00000020   Zero   RW          148    .bss                adc.o
    0x20000d74   0x00000420   Zero   RW          226    .bss                os_time.o
    0x20001194   0x00002468   Zero   RW          243    .bss                os.o
    0x200035fc   0x00000348   Zero   RW          272    .bss                lab3.o
    0x20003944   0x00000004   PAD
    0x20003948   0x00000400   Zero   RW            1    STACK               startup.o


==============================================================================

Image component sizes


      Code (inc. data)   RO Data    RW Data    ZI Data      Debug   Object Name

      1540        102          0          8         32       4417   adc.o
       718        240          0          0          0        224   cr4_fft_64_stm32.o
      3220        412          0        124        840       9279   lab3.o
       368         36          0         28       9320       2873   os.o
       636         88          0         16          0       2200   os_buttons.o
        14          0          0          0          0        312   os_critical.o
       276         10          0          0          0       1476   os_datastructures.o
       800         28          0          4          0       2498   os_threads.o
      1036         86          0         44       1056       4678   os_time.o
       228         10          0          0          0        244   osasm.o
       988         30          0          7        504       5934   output.o
        72          8          0          0          0        188   pid_stm32.o
      1568         96        571         28        340       7024   rit128x96x4.o
       788        158          0          0       2304       3042   shell.o
       308        258          0          0       1024        868   startup.o
       516         22          0          0          0       2216   uart.o

    ----------------------------------------------------------------------
     13080       1586        606        260      15424      47473   Object Totals
         0          0         32          0          0          0   (incl. Generated)
         4          2          3          1          4          0   (incl. Padding)

    ----------------------------------------------------------------------

      Code (inc. data)   RO Data    RW Data    ZI Data      Debug   Library Member Name

       278          0          0          0          0       5992   gpio.o
       134          0          0          0          0       3033   ssi.o
       834         76        156          0          0       3771   sysctl.o
         0          0          0          0          0          0   entry.o
         8          4          0          0          0          0   entry2.o
         4          0          0          0          0          0   entry5.o
         0          0          0          0          0          0   entry7b.o
         8          4          0          0          0          0   entry8.o
        30          0          0          0          0          0   handlers.o
        36          8          0          0          0         68   init.o
        36          0          0          0          0         68   memcpya.o
        36          0          0          0          0        108   memseta.o
       422         22          0          0          0        332   printf1.o
         0          0          0          4          0          0   stdout.o
        28          0          0          0          0         76   strcmp.o
        18          0          0          0          0         68   strcpy.o
        16          0          0          0          0         68   strlen.o
        44          0          0          0          0         80   uidiv.o

    ----------------------------------------------------------------------
      1938        114        156          4          0      13664   Library Totals
         6          0          0          0          0          0   (incl. Padding)

    ----------------------------------------------------------------------

      Code (inc. data)   RO Data    RW Data    ZI Data      Debug   Library Name

      1246         76        156          0          0      12796   driverlib.lib
       686         38          0          4          0        868   mc_w.l

    ----------------------------------------------------------------------
      1938        114        156          4          0      13664   Library Totals

    ----------------------------------------------------------------------

==============================================================================


      Code (inc. data)   RO Data    RW Data    ZI Data      Debug   

     15018       1700        762        264      15424      58971   Grand Totals
     15018       1700        762        264      15424      58971   ELF Image Totals
     15018       1700        762        264          0          0   ROM Totals

==============================================================================

    Total RO  Size (Code + RO Data)                15780 (  15.41kB)
    Total RW  Size (RW Data + ZI Data)             15688 (  15.32kB)
    Total ROM Size (Code + RO Data + RW Data)      16044 (  15.67kB)

==============================================================================

