<html>
<body>
<pre>
<h1>µVision Build Log</h1>
<h2>Project:</h2>
C:\Users\Rohith\Dropbox\EE445M\Lab3_Interrupt_Measure\Lab2.uvproj
Project File Date:  02/25/2013

<h2>Output:</h2>
Rebuild target 'OLED'
assembling Startup.s...
compiling Output.c...
compiling rit128x96x4.c...
compiling OS_Critical.c...
compiling shell.c...
shell.c(178): warning:  #177-D: variable "i" was declared but never referenced
shell.c(179): warning:  #177-D: variable "str" was declared but never referenced
shell.c(154): warning:  #177-D: function "_SH_Parse_Command" was declared but never referenced
compiling UART.c...
assembling osasm.s...
compiling Lab2Main.c...
compiling ADC.c...
..\Lab2_Final\ADC.c(149): warning:  #177-D: function "_ADC_DisableNVICInterrupt" was declared but never referenced
assembling PID_stm32.s...
assembling cr4_fft_64_stm32.s...
compiling OS_Buttons.c...
compiling OS_DataStructures.c...
compiling OS_Threads.c...
OS_Threads.c(159): warning:  #177-D: variable "head" was declared but never referenced
compiling OS_Time.c...
OS_Time.c(337): warning:  #1-D: last line of file ends without a newline
compiling OS.c...
linking...
Program Size: Code=13318 RO-data=762 RW-data=212 ZI-data=43204  
"OLED.axf" - 0 Error(s), 6 Warning(s).
Rebuild target 'OLED'
assembling Startup.s...
compiling Output.c...
compiling rit128x96x4.c...
compiling OS_Critical.c...
compiling shell.c...
shell.c(178): warning:  #177-D: variable "i" was declared but never referenced
shell.c(179): warning:  #177-D: variable "str" was declared but never referenced
shell.c(154): warning:  #177-D: function "_SH_Parse_Command" was declared but never referenced
compiling UART.c...
assembling osasm.s...
compiling Lab2Main.c...
compiling ADC.c...
..\Lab2_Final\ADC.c(149): warning:  #177-D: function "_ADC_DisableNVICInterrupt" was declared but never referenced
assembling PID_stm32.s...
assembling cr4_fft_64_stm32.s...
compiling OS_Buttons.c...
compiling OS_DataStructures.c...
compiling OS_Threads.c...
compiling OS_Time.c...
compiling OS.c...
linking...
Program Size: Code=13318 RO-data=762 RW-data=212 ZI-data=43204  
"OLED.axf" - 0 Error(s), 4 Warning(s).
Rebuild target 'OLED'
assembling Startup.s...
compiling Output.c...
compiling rit128x96x4.c...
compiling OS_Critical.c...
compiling shell.c...
shell.c(102): warning:  #223-D: function "OS_stat_interrupt" declared implicitly
shell.c(180): warning:  #177-D: variable "i" was declared but never referenced
shell.c(181): warning:  #177-D: variable "str" was declared but never referenced
shell.c(156): warning:  #177-D: function "_SH_Parse_Command" was declared but never referenced
compiling UART.c...
assembling osasm.s...
osasm.s(110): error: A1516E: Bad symbol 'OS_start_interrupt', not defined or external
osasm.s(127): error: A1516E: Bad symbol 'OS_end_interrupt', not defined or external
compiling Lab2Main.c...
Lab2Main.c(278): warning:  #192-D: unrecognized character escape sequence
Lab2Main.c(278): warning:  #226-D: invalid format string conversion
compiling ADC.c...
..\Lab2_Final\ADC.c(149): warning:  #177-D: function "_ADC_DisableNVICInterrupt" was declared but never referenced
assembling PID_stm32.s...
assembling cr4_fft_64_stm32.s...
compiling OS_Buttons.c...
compiling OS_DataStructures.c...
compiling OS_Threads.c...
compiling OS_Time.c...
compiling OS.c...
Target not created
Rebuild target 'OLED'
assembling Startup.s...
compiling Output.c...
compiling rit128x96x4.c...
compiling OS_Critical.c...
compiling shell.c...
shell.c(102): warning:  #223-D: function "OS_stat_interrupt" declared implicitly
shell.c(180): warning:  #177-D: variable "i" was declared but never referenced
shell.c(181): warning:  #177-D: variable "str" was declared but never referenced
shell.c(156): warning:  #177-D: function "_SH_Parse_Command" was declared but never referenced
compiling UART.c...
assembling osasm.s...
compiling Lab2Main.c...
Lab2Main.c(278): warning:  #192-D: unrecognized character escape sequence
Lab2Main.c(278): warning:  #226-D: invalid format string conversion
compiling ADC.c...
..\Lab2_Final\ADC.c(149): warning:  #177-D: function "_ADC_DisableNVICInterrupt" was declared but never referenced
assembling PID_stm32.s...
assembling cr4_fft_64_stm32.s...
compiling OS_Buttons.c...
compiling OS_DataStructures.c...
compiling OS_Threads.c...
compiling OS_Time.c...
compiling OS.c...
linking...
OLED.axf: Error: L6218E: Undefined symbol OS_stat_interrupt (referred from shell.o).
Target not created
Rebuild target 'OLED'
assembling Startup.s...
compiling Output.c...
compiling rit128x96x4.c...
compiling OS_Critical.c...
compiling shell.c...
shell.c(180): warning:  #177-D: variable "i" was declared but never referenced
shell.c(156): warning:  #177-D: function "_SH_Parse_Command" was declared but never referenced
compiling UART.c...
assembling osasm.s...
compiling Lab2Main.c...
Lab2Main.c(278): warning:  #192-D: unrecognized character escape sequence
Lab2Main.c(278): warning:  #226-D: invalid format string conversion
compiling ADC.c...
..\Lab2_Final\ADC.c(149): warning:  #177-D: function "_ADC_DisableNVICInterrupt" was declared but never referenced
assembling PID_stm32.s...
assembling cr4_fft_64_stm32.s...
compiling OS_Buttons.c...
compiling OS_DataStructures.c...
compiling OS_Threads.c...
compiling OS_Time.c...
compiling OS.c...
linking...
Program Size: Code=13390 RO-data=762 RW-data=212 ZI-data=43204  
"OLED.axf" - 0 Error(s), 5 Warning(s).
Rebuild target 'OLED'
assembling Startup.s...
compiling Output.c...
compiling rit128x96x4.c...
compiling OS_Critical.c...
compiling shell.c...
shell.c(180): warning:  #177-D: variable "i" was declared but never referenced
shell.c(156): warning:  #177-D: function "_SH_Parse_Command" was declared but never referenced
compiling UART.c...
assembling osasm.s...
compiling Lab2Main.c...
Lab2Main.c(278): warning:  #226-D: invalid format string conversion
compiling ADC.c...
..\Lab2_Final\ADC.c(149): warning:  #177-D: function "_ADC_DisableNVICInterrupt" was declared but never referenced
assembling PID_stm32.s...
assembling cr4_fft_64_stm32.s...
compiling OS_Buttons.c...
compiling OS_DataStructures.c...
compiling OS_Threads.c...
compiling OS_Time.c...
compiling OS.c...
linking...
Program Size: Code=13394 RO-data=762 RW-data=212 ZI-data=43204  
"OLED.axf" - 0 Error(s), 4 Warning(s).
Rebuild target 'OLED'
assembling Startup.s...
compiling Output.c...
compiling rit128x96x4.c...
compiling OS_Critical.c...
compiling shell.c...
shell.c(180): warning:  #177-D: variable "i" was declared but never referenced
shell.c(156): warning:  #177-D: function "_SH_Parse_Command" was declared but never referenced
compiling UART.c...
assembling osasm.s...
compiling Lab2Main.c...
Lab2Main.c(278): warning:  #192-D: unrecognized character escape sequence
Lab2Main.c(278): warning:  #226-D: invalid format string conversion
compiling ADC.c...
..\Lab2_Final\ADC.c(149): warning:  #177-D: function "_ADC_DisableNVICInterrupt" was declared but never referenced
assembling PID_stm32.s...
assembling cr4_fft_64_stm32.s...
compiling OS_Buttons.c...
compiling OS_DataStructures.c...
compiling OS_Threads.c...
compiling OS_Time.c...
compiling OS.c...
linking...
Program Size: Code=13394 RO-data=762 RW-data=212 ZI-data=43204  
"OLED.axf" - 0 Error(s), 5 Warning(s).
Rebuild target 'OLED'
assembling Startup.s...
compiling Output.c...
compiling rit128x96x4.c...
compiling OS_Critical.c...
compiling shell.c...
shell.c(180): warning:  #177-D: variable "i" was declared but never referenced
shell.c(156): warning:  #177-D: function "_SH_Parse_Command" was declared but never referenced
compiling UART.c...
assembling osasm.s...
compiling Lab2Main.c...
compiling ADC.c...
..\Lab2_Final\ADC.c(149): warning:  #177-D: function "_ADC_DisableNVICInterrupt" was declared but never referenced
assembling PID_stm32.s...
assembling cr4_fft_64_stm32.s...
compiling OS_Buttons.c...
compiling OS_DataStructures.c...
compiling OS_Threads.c...
compiling OS_Time.c...
compiling OS.c...
linking...
Program Size: Code=13394 RO-data=762 RW-data=212 ZI-data=43204  
"OLED.axf" - 0 Error(s), 3 Warning(s).
Rebuild target 'OLED'
assembling Startup.s...
compiling Output.c...
compiling rit128x96x4.c...
compiling OS_Critical.c...
compiling shell.c...
shell.c(180): warning:  #177-D: variable "i" was declared but never referenced
shell.c(156): warning:  #177-D: function "_SH_Parse_Command" was declared but never referenced
compiling UART.c...
assembling osasm.s...
compiling Lab2Main.c...
compiling ADC.c...
..\Lab2_Final\ADC.c(149): warning:  #177-D: function "_ADC_DisableNVICInterrupt" was declared but never referenced
assembling PID_stm32.s...
assembling cr4_fft_64_stm32.s...
compiling OS_Buttons.c...
compiling OS_DataStructures.c...
compiling OS_Threads.c...
compiling OS_Time.c...
compiling OS.c...
linking...
Program Size: Code=13394 RO-data=762 RW-data=212 ZI-data=43204  
"OLED.axf" - 0 Error(s), 3 Warning(s).
Load "C:\\Users\\Rohith\\Dropbox\\EE445M\\Lab3_Interrupt_Measure\\OLED.AXF" 
Connecting: Mode=JTAG, Speed=1000000Hz
Erase Done.
Programming Done.
Verify OK.
Rebuild target 'OLED'
assembling Startup.s...
compiling Output.c...
compiling rit128x96x4.c...
compiling OS_Critical.c...
compiling shell.c...
shell.c(180): warning:  #177-D: variable "i" was declared but never referenced
shell.c(156): warning:  #177-D: function "_SH_Parse_Command" was declared but never referenced
compiling UART.c...
assembling osasm.s...
compiling Lab2Main.c...
compiling ADC.c...
..\Lab2_Final\ADC.c(149): warning:  #177-D: function "_ADC_DisableNVICInterrupt" was declared but never referenced
assembling PID_stm32.s...
assembling cr4_fft_64_stm32.s...
compiling OS_Buttons.c...
compiling OS_DataStructures.c...
compiling OS_Threads.c...
compiling OS_Time.c...
compiling OS.c...
linking...
Program Size: Code=13394 RO-data=762 RW-data=212 ZI-data=43204  
"OLED.axf" - 0 Error(s), 3 Warning(s).
Load "C:\\Users\\Rohith\\Dropbox\\EE445M\\Lab3_Interrupt_Measure\\OLED.AXF" 
Connecting: Mode=JTAG, Speed=1000000Hz
Erase Done.
Programming Done.
Verify OK.
Rebuild target 'OLED'
assembling Startup.s...
compiling Output.c...
compiling rit128x96x4.c...
compiling OS_Critical.c...
compiling shell.c...
shell.c(180): warning:  #177-D: variable "i" was declared but never referenced
shell.c(156): warning:  #177-D: function "_SH_Parse_Command" was declared but never referenced
compiling UART.c...
assembling osasm.s...
compiling Lab2Main.c...
compiling ADC.c...
..\Lab2_Final\ADC.c(149): warning:  #177-D: function "_ADC_DisableNVICInterrupt" was declared but never referenced
assembling PID_stm32.s...
assembling cr4_fft_64_stm32.s...
compiling OS_Buttons.c...
compiling OS_DataStructures.c...
compiling OS_Threads.c...
compiling OS_Time.c...
compiling OS.c...
linking...
Program Size: Code=13398 RO-data=762 RW-data=212 ZI-data=43204  
"OLED.axf" - 0 Error(s), 3 Warning(s).
Load "C:\\Users\\Rohith\\Dropbox\\EE445M\\Lab3_Interrupt_Measure\\OLED.AXF" 
Connecting: Mode=JTAG, Speed=1000000Hz
Erase Done.
Programming Done.
Verify OK.
Rebuild target 'OLED'
assembling Startup.s...
compiling Output.c...
compiling rit128x96x4.c...
compiling OS_Critical.c...
compiling shell.c...
shell.c(180): warning:  #177-D: variable "i" was declared but never referenced
shell.c(156): warning:  #177-D: function "_SH_Parse_Command" was declared but never referenced
compiling UART.c...
assembling osasm.s...
compiling Lab2Main.c...
compiling ADC.c...
..\Lab2_Final\ADC.c(149): warning:  #177-D: function "_ADC_DisableNVICInterrupt" was declared but never referenced
assembling PID_stm32.s...
assembling cr4_fft_64_stm32.s...
compiling OS_Buttons.c...
compiling OS_DataStructures.c...
compiling OS_Threads.c...
compiling OS_Time.c...
compiling OS.c...
linking...
Program Size: Code=13394 RO-data=762 RW-data=212 ZI-data=43204  
"OLED.axf" - 0 Error(s), 3 Warning(s).
Rebuild target 'OLED'
assembling Startup.s...
compiling Output.c...
compiling rit128x96x4.c...
compiling OS_Critical.c...
compiling shell.c...
shell.c(180): warning:  #177-D: variable "i" was declared but never referenced
shell.c(156): warning:  #177-D: function "_SH_Parse_Command" was declared but never referenced
compiling UART.c...
assembling osasm.s...
compiling Lab2Main.c...
compiling ADC.c...
..\Lab2_Final\ADC.c(149): warning:  #177-D: function "_ADC_DisableNVICInterrupt" was declared but never referenced
assembling PID_stm32.s...
assembling cr4_fft_64_stm32.s...
compiling OS_Buttons.c...
compiling OS_DataStructures.c...
compiling OS_Threads.c...
compiling OS_Time.c...
OS_Time.c(272): warning:  #68-D: integer conversion resulted in a change of sign
compiling OS.c...
linking...
Program Size: Code=13398 RO-data=762 RW-data=212 ZI-data=43204  
"OLED.axf" - 0 Error(s), 4 Warning(s).
Load "C:\\Users\\Rohith\\Dropbox\\EE445M\\Lab3_Interrupt_Measure\\OLED.AXF" 
Connecting: Mode=JTAG, Speed=1000000Hz
Erase Done.
Programming Done.
Verify OK.
Rebuild target 'OLED'
assembling Startup.s...
compiling Output.c...
compiling rit128x96x4.c...
compiling OS_Critical.c...
compiling shell.c...
shell.c(180): warning:  #177-D: variable "i" was declared but never referenced
shell.c(156): warning:  #177-D: function "_SH_Parse_Command" was declared but never referenced
compiling UART.c...
assembling osasm.s...
compiling Lab2Main.c...
compiling ADC.c...
..\Lab2_Final\ADC.c(149): warning:  #177-D: function "_ADC_DisableNVICInterrupt" was declared but never referenced
assembling PID_stm32.s...
assembling cr4_fft_64_stm32.s...
compiling OS_Buttons.c...
compiling OS_DataStructures.c...
compiling OS_Threads.c...
compiling OS_Time.c...
compiling OS.c...
linking...
Program Size: Code=13398 RO-data=762 RW-data=212 ZI-data=43204  
"OLED.axf" - 0 Error(s), 3 Warning(s).
Load "C:\\Users\\Rohith\\Dropbox\\EE445M\\Lab3_Interrupt_Measure\\OLED.AXF" 
Connecting: Mode=JTAG, Speed=1000000Hz
Erase Done.
Programming Done.
Verify OK.
Rebuild target 'OLED'
assembling Startup.s...
compiling Output.c...
compiling rit128x96x4.c...
compiling OS_Critical.c...
compiling shell.c...
shell.c(180): warning:  #177-D: variable "i" was declared but never referenced
shell.c(156): warning:  #177-D: function "_SH_Parse_Command" was declared but never referenced
compiling UART.c...
assembling osasm.s...
compiling Lab2Main.c...
compiling ADC.c...
..\Lab2_Final\ADC.c(149): warning:  #177-D: function "_ADC_DisableNVICInterrupt" was declared but never referenced
assembling PID_stm32.s...
assembling cr4_fft_64_stm32.s...
compiling OS_Buttons.c...
compiling OS_DataStructures.c...
compiling OS_Threads.c...
compiling OS_Time.c...
compiling OS.c...
linking...
Program Size: Code=13398 RO-data=762 RW-data=212 ZI-data=43204  
"OLED.axf" - 0 Error(s), 3 Warning(s).
Load "C:\\Users\\Rohith\\Dropbox\\EE445M\\Lab3_Interrupt_Measure\\OLED.AXF" 
Connecting: Mode=JTAG, Speed=1000000Hz
Erase Done.
Programming Done.
Verify OK.
Rebuild target 'OLED'
assembling Startup.s...
compiling Output.c...
compiling rit128x96x4.c...
compiling OS_Critical.c...
compiling shell.c...
shell.c(156): warning:  #177-D: function "_SH_Parse_Command" was declared but never referenced
compiling UART.c...
assembling osasm.s...
compiling Lab2Main.c...
compiling ADC.c...
..\Lab2_Final\ADC.c(149): warning:  #177-D: function "_ADC_DisableNVICInterrupt" was declared but never referenced
assembling PID_stm32.s...
assembling cr4_fft_64_stm32.s...
compiling OS_Buttons.c...
compiling OS_DataStructures.c...
compiling OS_Threads.c...
compiling OS_Time.c...
compiling OS.c...
linking...
Program Size: Code=13398 RO-data=762 RW-data=212 ZI-data=43204  
"OLED.axf" - 0 Error(s), 2 Warning(s).
Rebuild target 'OLED'
assembling Startup.s...
compiling Output.c...
compiling rit128x96x4.c...
compiling OS_Critical.c...
compiling shell.c...
compiling UART.c...
assembling osasm.s...
compiling Lab2Main.c...
compiling ADC.c...
..\Lab2_Final\ADC.c(149): warning:  #177-D: function "_ADC_DisableNVICInterrupt" was declared but never referenced
assembling PID_stm32.s...
assembling cr4_fft_64_stm32.s...
compiling OS_Buttons.c...
compiling OS_DataStructures.c...
compiling OS_Threads.c...
compiling OS_Time.c...
compiling OS.c...
linking...
Program Size: Code=13258 RO-data=762 RW-data=212 ZI-data=43204  
"OLED.axf" - 0 Error(s), 1 Warning(s).
Load "C:\\Users\\Rohith\\Dropbox\\EE445M\\Lab3_Interrupt_Measure\\OLED.AXF" 
Connecting: Mode=JTAG, Speed=1000000Hz
Erase Done.
Programming Done.
Verify OK.
Rebuild target 'OLED'
assembling Startup.s...
compiling Output.c...
compiling rit128x96x4.c...
compiling OS_Critical.c...
compiling shell.c...
compiling UART.c...
assembling osasm.s...
compiling Lab2Main.c...
rit128x96x4.h(61): error:  #114: function "_OLED_Message" was referenced but not defined
compiling ADC.c...
..\Lab2_Final\ADC.c(149): warning:  #177-D: function "_ADC_DisableNVICInterrupt" was declared but never referenced
assembling PID_stm32.s...
assembling cr4_fft_64_stm32.s...
compiling OS_Buttons.c...
compiling OS_DataStructures.c...
compiling OS_Threads.c...
compiling OS_Time.c...
compiling OS.c...
Target not created
Load "C:\\Users\\Rohith\\Dropbox\\EE445M\\Lab3_Interrupt_Measure\\OLED.AXF" 
_____^
*** error 56: cannot open file
Rebuild target 'OLED'
assembling Startup.s...
compiling Output.c...
compiling rit128x96x4.c...
compiling OS_Critical.c...
compiling shell.c...
compiling UART.c...
assembling osasm.s...
compiling Lab2Main.c...
rit128x96x4.h(62): error:  #114: function "_OLED_Message" was referenced but not defined
compiling ADC.c...
..\Lab2_Final\ADC.c(149): warning:  #177-D: function "_ADC_DisableNVICInterrupt" was declared but never referenced
assembling PID_stm32.s...
assembling cr4_fft_64_stm32.s...
compiling OS_Buttons.c...
compiling OS_DataStructures.c...
compiling OS_Threads.c...
compiling OS_Time.c...
compiling OS.c...
Target not created
Rebuild target 'OLED'
assembling Startup.s...
compiling Output.c...
compiling rit128x96x4.c...
rit128x96x4.c(98): warning:  #223-D: function "_OLED_Message" declared implicitly
rit128x96x4.c(105): warning:  #223-D: function "_OLED_Message" declared implicitly
rit128x96x4.c(121): error:  #159: declaration is incompatible with previous "_OLED_Message" (declared at line 98)
rit128x96x4.c(121): warning:  #177-D: function "_OLED_Message" was declared but never referenced
compiling OS_Critical.c...
compiling shell.c...
compiling UART.c...
assembling osasm.s...
compiling Lab2Main.c...
Lab2Main.c(355): warning:  #223-D: function "_OLED_Message" declared implicitly
compiling ADC.c...
..\Lab2_Final\ADC.c(149): warning:  #177-D: function "_ADC_DisableNVICInterrupt" was declared but never referenced
assembling PID_stm32.s...
assembling cr4_fft_64_stm32.s...
compiling OS_Buttons.c...
compiling OS_DataStructures.c...
compiling OS_Threads.c...
compiling OS_Time.c...
compiling OS.c...
Target not created
Rebuild target 'OLED'
assembling Startup.s...
compiling Output.c...
compiling rit128x96x4.c...
rit128x96x4.c(98): warning:  #223-D: function "_OLED_Message" declared implicitly
rit128x96x4.c(105): warning:  #223-D: function "_OLED_Message" declared implicitly
rit128x96x4.c(121): error:  #159: declaration is incompatible with previous "_OLED_Message" (declared at line 98)
rit128x96x4.c(121): warning:  #177-D: function "_OLED_Message" was declared but never referenced
compiling OS_Critical.c...
compiling shell.c...
compiling UART.c...
assembling osasm.s...
compiling Lab2Main.c...
Lab2Main.c(355): warning:  #223-D: function "_OLED_Message" declared implicitly
compiling ADC.c...
..\Lab2_Final\ADC.c(149): warning:  #177-D: function "_ADC_DisableNVICInterrupt" was declared but never referenced
assembling PID_stm32.s...
assembling cr4_fft_64_stm32.s...
compiling OS_Buttons.c...
compiling OS_DataStructures.c...
compiling OS_Threads.c...
compiling OS_Time.c...
compiling OS.c...
Target not created
Rebuild target 'OLED'
assembling Startup.s...
compiling Output.c...
compiling rit128x96x4.c...
rit128x96x4.c(121): error:  #147-D: declaration is incompatible with "void _OLED_Message(int, int, const char *, unsigned char)" (declared at line 60 of "rit128x96x4.h")
compiling OS_Critical.c...
compiling shell.c...
compiling UART.c...
assembling osasm.s...
compiling Lab2Main.c...
compiling ADC.c...
..\Lab2_Final\ADC.c(149): warning:  #177-D: function "_ADC_DisableNVICInterrupt" was declared but never referenced
assembling PID_stm32.s...
assembling cr4_fft_64_stm32.s...
compiling OS_Buttons.c...
compiling OS_DataStructures.c...
compiling OS_Threads.c...
compiling OS_Time.c...
compiling OS.c...
Target not created
Rebuild target 'OLED'
assembling Startup.s...
compiling Output.c...
compiling rit128x96x4.c...
rit128x96x4.c(121): error:  #147-D: declaration is incompatible with "void _OLED_Message(int, int, const char *, unsigned char)" (declared at line 60 of "rit128x96x4.h")
compiling OS_Critical.c...
compiling shell.c...
compiling UART.c...
assembling osasm.s...
compiling Lab2Main.c...
compiling ADC.c...
..\Lab2_Final\ADC.c(149): warning:  #177-D: function "_ADC_DisableNVICInterrupt" was declared but never referenced
assembling PID_stm32.s...
assembling cr4_fft_64_stm32.s...
compiling OS_Buttons.c...
compiling OS_DataStructures.c...
compiling OS_Threads.c...
compiling OS_Time.c...
compiling OS.c...
Target not created
Rebuild target 'OLED'
assembling Startup.s...
compiling Output.c...
compiling rit128x96x4.c...
compiling OS_Critical.c...
compiling shell.c...
compiling UART.c...
assembling osasm.s...
compiling Lab2Main.c...
compiling ADC.c...
..\Lab2_Final\ADC.c(149): warning:  #177-D: function "_ADC_DisableNVICInterrupt" was declared but never referenced
assembling PID_stm32.s...
assembling cr4_fft_64_stm32.s...
compiling OS_Buttons.c...
compiling OS_DataStructures.c...
compiling OS_Threads.c...
compiling OS_Time.c...
compiling OS.c...
linking...
Program Size: Code=13266 RO-data=762 RW-data=212 ZI-data=43204  
"OLED.axf" - 0 Error(s), 1 Warning(s).
Load "C:\\Users\\Rohith\\Dropbox\\EE445M\\Lab3_Interrupt_Measure\\OLED.AXF" 
Connecting: Mode=JTAG, Speed=1000000Hz
Erase Done.
Programming Done.
Verify OK.
Rebuild target 'OLED'
assembling Startup.s...
compiling Output.c...
compiling rit128x96x4.c...
compiling OS_Critical.c...
compiling shell.c...
compiling UART.c...
assembling osasm.s...
compiling Lab2Main.c...
compiling ADC.c...
..\Lab2_Final\ADC.c(149): warning:  #177-D: function "_ADC_DisableNVICInterrupt" was declared but never referenced
assembling PID_stm32.s...
assembling cr4_fft_64_stm32.s...
compiling OS_Buttons.c...
compiling OS_DataStructures.c...
compiling OS_Threads.c...
compiling OS_Time.c...
compiling OS.c...
linking...
Program Size: Code=13274 RO-data=762 RW-data=212 ZI-data=43204  
"OLED.axf" - 0 Error(s), 1 Warning(s).
Load "C:\\Users\\Rohith\\Dropbox\\EE445M\\Lab3_Interrupt_Measure\\OLED.AXF" 
Connecting: Mode=JTAG, Speed=1000000Hz
Erase Done.
Programming Done.
Verify OK.
Rebuild target 'OLED'
assembling Startup.s...
compiling Output.c...
compiling rit128x96x4.c...
compiling OS_Critical.c...
compiling shell.c...
compiling UART.c...
assembling osasm.s...
compiling Lab2Main.c...
compiling ADC.c...
..\Lab2_Final\ADC.c(149): warning:  #177-D: function "_ADC_DisableNVICInterrupt" was declared but never referenced
assembling PID_stm32.s...
assembling cr4_fft_64_stm32.s...
compiling OS_Buttons.c...
compiling OS_DataStructures.c...
compiling OS_Threads.c...
compiling OS_Time.c...
compiling OS.c...
linking...
Program Size: Code=13274 RO-data=762 RW-data=212 ZI-data=43204  
"OLED.axf" - 0 Error(s), 1 Warning(s).
Load "C:\\Users\\Rohith\\Dropbox\\EE445M\\Lab3_Interrupt_Measure\\OLED.AXF" 
Connecting: Mode=JTAG, Speed=1000000Hz
Erase Done.
Programming Done.
Verify OK.
Rebuild target 'OLED'
assembling Startup.s...
compiling Output.c...
compiling rit128x96x4.c...
compiling OS_Critical.c...
compiling shell.c...
compiling UART.c...
assembling osasm.s...
compiling Lab2Main.c...
compiling ADC.c...
..\Lab2_Final\ADC.c(149): warning:  #177-D: function "_ADC_DisableNVICInterrupt" was declared but never referenced
assembling PID_stm32.s...
assembling cr4_fft_64_stm32.s...
compiling OS_Buttons.c...
compiling OS_DataStructures.c...
compiling OS_Threads.c...
compiling OS_Time.c...
compiling OS.c...
linking...
Program Size: Code=13274 RO-data=762 RW-data=212 ZI-data=43204  
"OLED.axf" - 0 Error(s), 1 Warning(s).
