<html>
<body>
<pre>
<h1>µVision Build Log</h1>
<h2>Project:</h2>
Z:\Dropbox\EE445M\Lab5_prep - Copy\Lab2.uvproj
Project File Date:  03/21/2013

<h2>Output:</h2>
Load "Z:\\Dropbox\\EE445M\\Lab5_prep - Copy\\OLED.AXF" 
Connecting: Mode=JTAG, Speed=1000000Hz
Connection failed!, error code=&d
Rebuild target 'OLED'
assembling Startup.s...
compiling Output.c...
compiling rit128x96x4.c...
compiling OS_Critical.c...
compiling shell.c...
shell.c(574): warning:  #513-D: a value of type "void *" cannot be assigned to an entity of type "int (*)(void)"
shell.c(656): warning:  #144-D: a value of type "char *" cannot be used to initialize an entity of type "unsigned char *"
compiling UART.c...
assembling osasm.s...
compiling OS_Buttons.c...
compiling OS_DataStructures.c...
compiling OS_Threads.c...
compiling OS_Time.c...
compiling OS.c...
compiling ADC.c...
compiling sqrt.c...
compiling edisk.c...
compiling Lab5.c...
compiling eFile.c...
compiling Retarget.c...
linking...
Program Size: Code=20200 RO-data=324 RW-data=564 ZI-data=21028  
"OLED.axf" - 0 Error(s), 2 Warning(s).
Load "Z:\\Dropbox\\EE445M\\Lab5_prep - Copy\\OLED.AXF" 
Connecting: Mode=JTAG, Speed=1000000Hz
Erase Done.
Programming Done.
Verify OK.
Rebuild target 'OLED'
assembling Startup.s...
compiling Output.c...
compiling rit128x96x4.c...
compiling OS_Critical.c...
compiling shell.c...
shell.c(574): warning:  #513-D: a value of type "void *" cannot be assigned to an entity of type "int (*)(void)"
shell.c(656): warning:  #144-D: a value of type "char *" cannot be used to initialize an entity of type "unsigned char *"
compiling UART.c...
assembling osasm.s...
compiling OS_Buttons.c...
compiling OS_DataStructures.c...
compiling OS_Threads.c...
compiling OS_Time.c...
compiling OS.c...
compiling ADC.c...
compiling sqrt.c...
compiling edisk.c...
compiling Lab5.c...
Lab5.c(270): error:  #247: function "main2" has already been defined
compiling eFile.c...
compiling Retarget.c...
Target not created
Rebuild target 'OLED'
assembling Startup.s...
compiling Output.c...
compiling rit128x96x4.c...
compiling OS_Critical.c...
compiling shell.c...
shell.c(574): warning:  #513-D: a value of type "void *" cannot be assigned to an entity of type "int (*)(void)"
shell.c(656): warning:  #144-D: a value of type "char *" cannot be used to initialize an entity of type "unsigned char *"
compiling UART.c...
assembling osasm.s...
compiling OS_Buttons.c...
compiling OS_DataStructures.c...
compiling OS_Threads.c...
compiling OS_Time.c...
compiling OS.c...
compiling ADC.c...
compiling sqrt.c...
compiling edisk.c...
compiling Lab5.c...
compiling eFile.c...
compiling Retarget.c...
linking...
Program Size: Code=20200 RO-data=324 RW-data=564 ZI-data=21028  
"OLED.axf" - 0 Error(s), 2 Warning(s).
Load "Z:\\Dropbox\\EE445M\\Lab5_prep - Copy\\OLED.AXF" 
Connecting: Mode=JTAG, Speed=1000000Hz
Erase Done.
Programming Done.
Verify OK.
Rebuild target 'OLED'
assembling Startup.s...
compiling Output.c...
compiling rit128x96x4.c...
compiling OS_Critical.c...
compiling shell.c...
shell.c(574): warning:  #513-D: a value of type "void *" cannot be assigned to an entity of type "int (*)(void)"
shell.c(656): warning:  #144-D: a value of type "char *" cannot be used to initialize an entity of type "unsigned char *"
compiling UART.c...
assembling osasm.s...
compiling OS_Buttons.c...
compiling OS_DataStructures.c...
compiling OS_Threads.c...
compiling OS_Time.c...
compiling OS.c...
compiling ADC.c...
compiling sqrt.c...
compiling edisk.c...
compiling Lab5.c...
Lab5.c(368): warning:  #550-D: variable "then" was set but never used
Lab5.c(368): warning:  #177-D: variable "now" was declared but never referenced
compiling eFile.c...
compiling Retarget.c...
linking...
Program Size: Code=20156 RO-data=324 RW-data=564 ZI-data=21028  
"OLED.axf" - 0 Error(s), 4 Warning(s).
Load "Z:\\Dropbox\\EE445M\\Lab5_prep - Copy\\OLED.AXF" 
Connecting: Mode=JTAG, Speed=1000000Hz
Erase Done.
Programming Done.
Verify OK.
Rebuild target 'OLED'
assembling Startup.s...
compiling Output.c...
compiling rit128x96x4.c...
compiling OS_Critical.c...
compiling shell.c...
shell.c(574): warning:  #513-D: a value of type "void *" cannot be assigned to an entity of type "int (*)(void)"
shell.c(656): warning:  #144-D: a value of type "char *" cannot be used to initialize an entity of type "unsigned char *"
compiling UART.c...
assembling osasm.s...
compiling OS_Buttons.c...
compiling OS_DataStructures.c...
compiling OS_Threads.c...
compiling OS_Time.c...
compiling OS.c...
compiling ADC.c...
compiling sqrt.c...
compiling edisk.c...
edisk.c(470): error:  #20: identifier "GPIO_PORTB_DATA_R" is undefined
compiling Lab5.c...
Lab5.c(368): warning:  #550-D: variable "then" was set but never used
Lab5.c(368): warning:  #177-D: variable "now" was declared but never referenced
compiling eFile.c...
eFile.c(39): error:  #20: identifier "SYSCTL_RCGC2_R" is undefined
eFile.c(39): error:  #20: identifier "SYSCTL_RCGC2_GPIOB" is undefined
eFile.c(41): error:  #20: identifier "GPIO_PORTB_DIR_R" is undefined
eFile.c(41): error:  #65: expected a ";"
eFile.c(41): warning:  #940-D: missing return statement at end of non-void function "eFile_Init"
eFile.c(41): error:  #169: expected a declaration
eFile.c(42): error:  #77-D: this declaration has no storage class or type specifier
eFile.c(42): error:  #65: expected a ";"
eFile.c(43): error:  #77-D: this declaration has no storage class or type specifier
eFile.c(43): error:  #65: expected a ";"
eFile.c(44): error:  #169: expected a declaration
eFile.c(45): error:  #169: expected a declaration
eFile.c(120): warning:  #12-D: parsing restarts here after previous syntax error
eFile.c(121): error:  #77-D: this declaration has no storage class or type specifier
eFile.c(121): error:  #147: declaration is incompatible with "unsigned char _blockBuff[512]" (declared at line 6)
eFile.c(121): warning:  #520-D: initialization with "{...}" expected for aggregate object
eFile.c(122): error:  #18: expected a ")"
eFile.c(122): warning:  #77-D: this declaration has no storage class or type specifier
eFile.c(122): error:  #92: identifier-list parameters may only be used in a function definition
eFile.c(122): error:  #147: declaration is incompatible with "DRESULT eDisk_WriteBlock(const BYTE *, DWORD)" (declared at line 112 of "eDisk.h")
eFile.c(123): error:  #40: expected an identifier
eFile.c(123): warning:  #77-D: this declaration has no storage class or type specifier
eFile.c(123): error:  #92: identifier-list parameters may only be used in a function definition
eFile.c(123): error:  #147: declaration is incompatible with "void *memcpy(void *restrict, const void *restrict, size_t)" (declared at line 50 of "C:\Keil\ARM\ARMCC\bin\..\include\string.h")
eFile.c(124): error:  #40: expected an identifier
eFile.c(124): warning:  #77-D: this declaration has no storage class or type specifier
eFile.c(124): error:  #92: identifier-list parameters may only be used in a function definition
eFile.c(125): error:  #77-D: this declaration has no storage class or type specifier
eFile.c(125): error:  #147: declaration is incompatible with "unsigned int num_files" (declared at line 7)
eFile.c(125): error:  #65: expected a ";"
eFile.c(126): error:  #169: expected a declaration
eFile.c(127): error:  #169: expected a declaration
eFile.c(130): error:  #169: expected a declaration
eFile.c(175): warning:  #12-D: parsing restarts here after previous syntax error
eFile.c(176): error:  #169: expected a declaration
eFile.c(177): error:  #169: expected a declaration
eFile.c(373): warning: At end of source:  #12-D: parsing restarts here after previous syntax error
eFile.c(10): warning:  #177-D: variable "_wFile" was declared but never referenced
eFile.c(11): warning:  #550-D: variable "_wOpen" was set but never used
eFile.c(11): warning:  #550-D: variable "_rOpen" was set but never used
eFile.c(12): warning:  #177-D: variable "_wIndex" was declared but never referenced
eFile.c(12): warning:  #177-D: variable "_rIndex" was declared but never referenced
eFile.c(12): warning:  #177-D: variable "_rSize" was declared but never referenced
eFile.c(12): warning:  #177-D: variable "_wSector" was declared but never referenced
eFile.c(12): warning:  #177-D: variable "_rSector" was declared but never referenced
eFile.c(13): warning:  #177-D: variable "_writeBuff" was declared but never referenced
eFile.c(13): warning:  #177-D: variable "_readBuff" was declared but never referenced
compiling Retarget.c...
Target not created
Rebuild target 'OLED'
assembling Startup.s...
compiling Output.c...
compiling rit128x96x4.c...
compiling OS_Critical.c...
compiling shell.c...
shell.c(574): warning:  #513-D: a value of type "void *" cannot be assigned to an entity of type "int (*)(void)"
shell.c(656): warning:  #144-D: a value of type "char *" cannot be used to initialize an entity of type "unsigned char *"
compiling UART.c...
assembling osasm.s...
compiling OS_Buttons.c...
compiling OS_DataStructures.c...
compiling OS_Threads.c...
compiling OS_Time.c...
compiling OS.c...
compiling ADC.c...
compiling sqrt.c...
compiling edisk.c...
compiling Lab5.c...
Lab5.c(368): warning:  #550-D: variable "then" was set but never used
Lab5.c(368): warning:  #177-D: variable "now" was declared but never referenced
compiling eFile.c...
eFile.c(39): error:  #20: identifier "SYSCTL_RCGC2_R" is undefined
eFile.c(39): error:  #20: identifier "SYSCTL_RCGC2_GPIOB" is undefined
eFile.c(41): error:  #20: identifier "GPIO_PORTB_DIR_R" is undefined
eFile.c(41): error:  #65: expected a ";"
eFile.c(41): warning:  #940-D: missing return statement at end of non-void function "eFile_Init"
eFile.c(41): error:  #169: expected a declaration
eFile.c(42): error:  #77-D: this declaration has no storage class or type specifier
eFile.c(42): error:  #65: expected a ";"
eFile.c(43): error:  #77-D: this declaration has no storage class or type specifier
eFile.c(43): error:  #65: expected a ";"
eFile.c(44): error:  #169: expected a declaration
eFile.c(45): error:  #169: expected a declaration
eFile.c(120): warning:  #12-D: parsing restarts here after previous syntax error
eFile.c(121): error:  #77-D: this declaration has no storage class or type specifier
eFile.c(121): error:  #147: declaration is incompatible with "unsigned char _blockBuff[512]" (declared at line 6)
eFile.c(121): warning:  #520-D: initialization with "{...}" expected for aggregate object
eFile.c(122): error:  #18: expected a ")"
eFile.c(122): warning:  #77-D: this declaration has no storage class or type specifier
eFile.c(122): error:  #92: identifier-list parameters may only be used in a function definition
eFile.c(122): error:  #147: declaration is incompatible with "DRESULT eDisk_WriteBlock(const BYTE *, DWORD)" (declared at line 112 of "eDisk.h")
eFile.c(123): error:  #40: expected an identifier
eFile.c(123): warning:  #77-D: this declaration has no storage class or type specifier
eFile.c(123): error:  #92: identifier-list parameters may only be used in a function definition
eFile.c(123): error:  #147: declaration is incompatible with "void *memcpy(void *restrict, const void *restrict, size_t)" (declared at line 50 of "C:\Keil\ARM\ARMCC\bin\..\include\string.h")
eFile.c(124): error:  #40: expected an identifier
eFile.c(124): warning:  #77-D: this declaration has no storage class or type specifier
eFile.c(124): error:  #92: identifier-list parameters may only be used in a function definition
eFile.c(125): error:  #77-D: this declaration has no storage class or type specifier
eFile.c(125): error:  #147: declaration is incompatible with "unsigned int num_files" (declared at line 7)
eFile.c(125): error:  #65: expected a ";"
eFile.c(126): error:  #169: expected a declaration
eFile.c(127): error:  #169: expected a declaration
eFile.c(130): error:  #169: expected a declaration
eFile.c(175): warning:  #12-D: parsing restarts here after previous syntax error
eFile.c(176): error:  #169: expected a declaration
eFile.c(177): error:  #169: expected a declaration
eFile.c(373): warning: At end of source:  #12-D: parsing restarts here after previous syntax error
eFile.c(10): warning:  #177-D: variable "_wFile" was declared but never referenced
eFile.c(11): warning:  #550-D: variable "_wOpen" was set but never used
eFile.c(11): warning:  #550-D: variable "_rOpen" was set but never used
eFile.c(12): warning:  #177-D: variable "_wIndex" was declared but never referenced
eFile.c(12): warning:  #177-D: variable "_rIndex" was declared but never referenced
eFile.c(12): warning:  #177-D: variable "_rSize" was declared but never referenced
eFile.c(12): warning:  #177-D: variable "_wSector" was declared but never referenced
eFile.c(12): warning:  #177-D: variable "_rSector" was declared but never referenced
eFile.c(13): warning:  #177-D: variable "_writeBuff" was declared but never referenced
eFile.c(13): warning:  #177-D: variable "_readBuff" was declared but never referenced
compiling Retarget.c...
Target not created
Rebuild target 'OLED'
assembling Startup.s...
compiling Output.c...
compiling rit128x96x4.c...
compiling OS_Critical.c...
compiling shell.c...
shell.c(574): warning:  #513-D: a value of type "void *" cannot be assigned to an entity of type "int (*)(void)"
shell.c(656): warning:  #144-D: a value of type "char *" cannot be used to initialize an entity of type "unsigned char *"
compiling UART.c...
assembling osasm.s...
compiling OS_Buttons.c...
compiling OS_DataStructures.c...
compiling OS_Threads.c...
compiling OS_Time.c...
compiling OS.c...
compiling ADC.c...
compiling sqrt.c...
compiling edisk.c...
compiling Lab5.c...
Lab5.c(368): warning:  #550-D: variable "then" was set but never used
Lab5.c(368): warning:  #177-D: variable "now" was declared but never referenced
compiling eFile.c...
eFile.c(43): error:  #65: expected a ";"
eFile.c(43): warning:  #940-D: missing return statement at end of non-void function "eFile_Init"
eFile.c(43): error:  #169: expected a declaration
eFile.c(44): error:  #40: expected an identifier
eFile.c(44): error:  #18: expected a ")"
eFile.c(44): error:  #65: expected a ";"
eFile.c(45): error:  #40: expected an identifier
eFile.c(45): error:  #18: expected a ")"
eFile.c(45): error:  #65: expected a ";"
eFile.c(46): error:  #169: expected a declaration
eFile.c(47): error:  #169: expected a declaration
eFile.c(122): warning:  #12-D: parsing restarts here after previous syntax error
eFile.c(123): error:  #77-D: this declaration has no storage class or type specifier
eFile.c(123): error:  #147: declaration is incompatible with "unsigned char _blockBuff[512]" (declared at line 8)
eFile.c(123): warning:  #520-D: initialization with "{...}" expected for aggregate object
eFile.c(124): error:  #18: expected a ")"
eFile.c(124): warning:  #77-D: this declaration has no storage class or type specifier
eFile.c(124): error:  #92: identifier-list parameters may only be used in a function definition
eFile.c(124): error:  #147: declaration is incompatible with "DRESULT eDisk_WriteBlock(const BYTE *, DWORD)" (declared at line 112 of "eDisk.h")
eFile.c(125): error:  #40: expected an identifier
eFile.c(125): warning:  #77-D: this declaration has no storage class or type specifier
eFile.c(125): error:  #92: identifier-list parameters may only be used in a function definition
eFile.c(125): error:  #147: declaration is incompatible with "void *memcpy(void *restrict, const void *restrict, size_t)" (declared at line 50 of "C:\Keil\ARM\ARMCC\bin\..\include\string.h")
eFile.c(126): error:  #40: expected an identifier
eFile.c(126): warning:  #77-D: this declaration has no storage class or type specifier
eFile.c(126): error:  #92: identifier-list parameters may only be used in a function definition
eFile.c(127): error:  #77-D: this declaration has no storage class or type specifier
eFile.c(127): error:  #147: declaration is incompatible with "unsigned int num_files" (declared at line 9)
eFile.c(127): error:  #65: expected a ";"
eFile.c(128): error:  #169: expected a declaration
eFile.c(129): error:  #169: expected a declaration
eFile.c(132): error:  #169: expected a declaration
eFile.c(177): warning:  #12-D: parsing restarts here after previous syntax error
eFile.c(178): error:  #169: expected a declaration
eFile.c(179): error:  #169: expected a declaration
eFile.c(375): warning: At end of source:  #12-D: parsing restarts here after previous syntax error
eFile.c(12): warning:  #177-D: variable "_wFile" was declared but never referenced
eFile.c(13): warning:  #550-D: variable "_wOpen" was set but never used
eFile.c(13): warning:  #550-D: variable "_rOpen" was set but never used
eFile.c(14): warning:  #177-D: variable "_wIndex" was declared but never referenced
eFile.c(14): warning:  #177-D: variable "_rIndex" was declared but never referenced
eFile.c(14): warning:  #177-D: variable "_rSize" was declared but never referenced
eFile.c(14): warning:  #177-D: variable "_wSector" was declared but never referenced
eFile.c(14): warning:  #177-D: variable "_rSector" was declared but never referenced
eFile.c(15): warning:  #177-D: variable "_writeBuff" was declared but never referenced
eFile.c(15): warning:  #177-D: variable "_readBuff" was declared but never referenced
compiling Retarget.c...
Target not created
Rebuild target 'OLED'
assembling Startup.s...
compiling Output.c...
compiling rit128x96x4.c...
compiling OS_Critical.c...
compiling shell.c...
shell.c(574): warning:  #513-D: a value of type "void *" cannot be assigned to an entity of type "int (*)(void)"
shell.c(656): warning:  #144-D: a value of type "char *" cannot be used to initialize an entity of type "unsigned char *"
compiling UART.c...
assembling osasm.s...
compiling OS_Buttons.c...
compiling OS_DataStructures.c...
compiling OS_Threads.c...
compiling OS_Time.c...
compiling OS.c...
compiling ADC.c...
compiling sqrt.c...
compiling edisk.c...
compiling Lab5.c...
Lab5.c(368): warning:  #550-D: variable "then" was set but never used
Lab5.c(368): warning:  #177-D: variable "now" was declared but never referenced
compiling eFile.c...
compiling Retarget.c...
linking...
Program Size: Code=20264 RO-data=324 RW-data=564 ZI-data=21028  
"OLED.axf" - 0 Error(s), 4 Warning(s).
Load "Z:\\Dropbox\\EE445M\\Lab5_prep - Copy\\OLED.AXF" 
Connecting: Mode=JTAG, Speed=1000000Hz
Erase Done.
Programming Done.
Verify OK.
Rebuild target 'OLED'
assembling Startup.s...
compiling Output.c...
compiling rit128x96x4.c...
compiling OS_Critical.c...
compiling shell.c...
shell.c(574): warning:  #513-D: a value of type "void *" cannot be assigned to an entity of type "int (*)(void)"
shell.c(656): warning:  #144-D: a value of type "char *" cannot be used to initialize an entity of type "unsigned char *"
compiling UART.c...
assembling osasm.s...
compiling OS_Buttons.c...
compiling OS_DataStructures.c...
compiling OS_Threads.c...
compiling OS_Time.c...
compiling OS.c...
compiling ADC.c...
compiling sqrt.c...
compiling edisk.c...
compiling Lab5.c...
Lab5.c(368): warning:  #550-D: variable "then" was set but never used
Lab5.c(368): warning:  #177-D: variable "now" was declared but never referenced
compiling eFile.c...
compiling Retarget.c...
linking...
Program Size: Code=20264 RO-data=324 RW-data=564 ZI-data=21028  
"OLED.axf" - 0 Error(s), 4 Warning(s).
Load "Z:\\Dropbox\\EE445M\\Lab5_prep - Copy\\OLED.AXF" 
Connecting: Mode=JTAG, Speed=1000000Hz
Erase Done.
Programming Done.
Verify OK.
Rebuild target 'OLED'
assembling Startup.s...
compiling Output.c...
compiling rit128x96x4.c...
compiling OS_Critical.c...
compiling shell.c...
shell.c(574): warning:  #513-D: a value of type "void *" cannot be assigned to an entity of type "int (*)(void)"
shell.c(656): warning:  #144-D: a value of type "char *" cannot be used to initialize an entity of type "unsigned char *"
compiling UART.c...
assembling osasm.s...
compiling OS_Buttons.c...
compiling OS_DataStructures.c...
compiling OS_Threads.c...
compiling OS_Time.c...
compiling OS.c...
compiling ADC.c...
compiling sqrt.c...
compiling edisk.c...
compiling Lab5.c...
Lab5.c(368): warning:  #550-D: variable "then" was set but never used
Lab5.c(368): warning:  #177-D: variable "now" was declared but never referenced
compiling eFile.c...
compiling Retarget.c...
linking...
Program Size: Code=20264 RO-data=324 RW-data=564 ZI-data=21028  
"OLED.axf" - 0 Error(s), 4 Warning(s).
Rebuild target 'OLED'
assembling Startup.s...
compiling Output.c...
compiling rit128x96x4.c...
compiling OS_Critical.c...
compiling shell.c...
shell.c(574): warning:  #513-D: a value of type "void *" cannot be assigned to an entity of type "int (*)(void)"
shell.c(656): warning:  #144-D: a value of type "char *" cannot be used to initialize an entity of type "unsigned char *"
compiling UART.c...
assembling osasm.s...
compiling OS_Buttons.c...
compiling OS_DataStructures.c...
compiling OS_Threads.c...
compiling OS_Time.c...
compiling OS.c...
compiling ADC.c...
compiling sqrt.c...
compiling edisk.c...
compiling Lab5.c...
Lab5.c(368): warning:  #550-D: variable "then" was set but never used
Lab5.c(368): warning:  #177-D: variable "now" was declared but never referenced
compiling eFile.c...
compiling Retarget.c...
linking...
Program Size: Code=20264 RO-data=324 RW-data=564 ZI-data=21028  
"OLED.axf" - 0 Error(s), 4 Warning(s).
Load "Z:\\Dropbox\\EE445M\\Lab5_prep - Copy\\OLED.AXF" 
Connecting: Mode=JTAG, Speed=1000000Hz
Erase Done.
Programming Done.
Verify OK.
