<html>
<body>
<pre>
<h1>µVision Build Log</h1>
<h2>Project:</h2>
Z:\Dropbox\EE445M\LAb2\Lab2.uvproj
Project File Date:  02/06/2013

<h2>Output:</h2>
Build target 'OLED'
assembling osasm.s...
linking...
Program Size: Code=5684 RO-data=760 RW-data=72 ZI-data=3672  
"OLED.axf" - 0 Error(s), 0 Warning(s).
Build target 'OLED'
assembling osasm.s...
linking...
Program Size: Code=5684 RO-data=760 RW-data=72 ZI-data=3672  
"OLED.axf" - 0 Error(s), 0 Warning(s).
Rebuild target 'OLED'
assembling Startup.s...
compiling Output.c...
compiling rit128x96x4.c...
compiling OS.c...
compiling OS_Critical.c...
compiling shell.c...
compiling UART.c...
assembling osasm.s...
compiling Lab2Main.c...
linking...
Program Size: Code=5684 RO-data=760 RW-data=72 ZI-data=3672  
"OLED.axf" - 0 Error(s), 0 Warning(s).
Build target 'OLED'
assembling osasm.s...
osasm.s(55): error: A1163E: Unknown opcode BNENE , expecting opcode or Macro
Target not created
Build target 'OLED'
assembling osasm.s...
linking...
Program Size: Code=5684 RO-data=760 RW-data=72 ZI-data=3672  
"OLED.axf" - 0 Error(s), 0 Warning(s).
Rebuild target 'OLED'
assembling Startup.s...
compiling Output.c...
compiling rit128x96x4.c...
compiling OS.c...
compiling OS_Critical.c...
compiling shell.c...
compiling UART.c...
assembling osasm.s...
compiling Lab2Main.c...
linking...
Program Size: Code=5684 RO-data=760 RW-data=72 ZI-data=3672  
"OLED.axf" - 0 Error(s), 0 Warning(s).
Rebuild target 'OLED'
assembling Startup.s...
compiling Output.c...
compiling rit128x96x4.c...
compiling OS.c...
compiling OS_Critical.c...
compiling shell.c...
compiling UART.c...
assembling osasm.s...
osasm.s(53): error: A1647E: Bad register name symbol, expected Integer register
osasm.s(55): error: A1603E: This instruction inside IT block has UNPREDICTABLE results
osasm.s(56): error: A1603E: This instruction inside IT block has UNPREDICTABLE results
compiling Lab2Main.c...
Target not created
Rebuild target 'OLED'
assembling Startup.s...
compiling Output.c...
compiling rit128x96x4.c...
compiling OS.c...
compiling OS_Critical.c...
compiling shell.c...
compiling UART.c...
assembling osasm.s...
compiling Lab2Main.c...
linking...
Program Size: Code=5684 RO-data=760 RW-data=72 ZI-data=3672  
"OLED.axf" - 0 Error(s), 0 Warning(s).
Rebuild target 'OLED'
assembling Startup.s...
compiling Output.c...
compiling rit128x96x4.c...
compiling OS.c...
compiling OS_Critical.c...
compiling shell.c...
compiling UART.c...
assembling osasm.s...
compiling Lab2Main.c...
linking...
Program Size: Code=5684 RO-data=760 RW-data=72 ZI-data=3672  
"OLED.axf" - 0 Error(s), 0 Warning(s).
Rebuild target 'OLED'
assembling Startup.s...
compiling Output.c...
compiling rit128x96x4.c...
compiling OS.c...
compiling OS_Critical.c...
compiling shell.c...
compiling UART.c...
assembling osasm.s...
osasm.s(64): error: A1516E: Bad symbol 'RunPt', not defined or external
compiling Lab2Main.c...
Target not created
Rebuild target 'OLED'
assembling Startup.s...
compiling Output.c...
compiling rit128x96x4.c...
compiling OS.c...
compiling OS_Critical.c...
compiling shell.c...
compiling UART.c...
assembling osasm.s...
compiling Lab2Main.c...
linking...
OLED.axf: Error: L6218E: Undefined symbol RunPt (referred from osasm.o).
Target not created
Rebuild target 'OLED'
assembling Startup.s...
compiling Output.c...
compiling rit128x96x4.c...
compiling OS.c...
compiling OS_Critical.c...
compiling shell.c...
compiling UART.c...
assembling osasm.s...
compiling Lab2Main.c...
linking...
Program Size: Code=5788 RO-data=760 RW-data=76 ZI-data=3668  
"OLED.axf" - 0 Error(s), 0 Warning(s).
Rebuild target 'OLED'
assembling Startup.s...
compiling Output.c...
compiling rit128x96x4.c...
compiling OS.c...
OS.h(39): error:  #169: expected a declaration
OS.h(43): warning:  #12-D: parsing restarts here after previous syntax error
compiling OS_Critical.c...
compiling shell.c...
OS.h(39): error:  #169: expected a declaration
OS.h(43): warning:  #12-D: parsing restarts here after previous syntax error
compiling UART.c...
assembling osasm.s...
compiling Lab2Main.c...
OS.h(39): error:  #169: expected a declaration
OS.h(43): warning:  #12-D: parsing restarts here after previous syntax error
Target not created
Rebuild target 'OLED'
assembling Startup.s...
compiling Output.c...
compiling rit128x96x4.c...
compiling OS.c...
compiling OS_Critical.c...
compiling shell.c...
compiling UART.c...
assembling osasm.s...
compiling Lab2Main.c...
linking...
Program Size: Code=5788 RO-data=760 RW-data=76 ZI-data=3668  
"OLED.axf" - 0 Error(s), 0 Warning(s).
Rebuild target 'OLED'
assembling Startup.s...
compiling Output.c...
compiling rit128x96x4.c...
compiling OS.c...
compiling OS_Critical.c...
compiling shell.c...
compiling UART.c...
assembling osasm.s...
compiling Lab2Main.c...
linking...
Program Size: Code=5788 RO-data=760 RW-data=76 ZI-data=3668  
"OLED.axf" - 0 Error(s), 0 Warning(s).
