<html>
<body>
<pre>
<h1>µVision Build Log</h1>
<h2>Project:</h2>
Z:\Dropbox\EE445M\Lab3_test\Lab2.uvproj
Project File Date:  02/27/2013

<h2>Output:</h2>
Rebuild target 'OLED'
assembling Startup.s...
compiling Output.c...
compiling rit128x96x4.c...
compiling OS_Critical.c...
compiling shell.c...
shell.c(178): warning:  #177-D: variable "i" was declared but never referenced
shell.c(179): warning:  #177-D: variable "str" was declared but never referenced
shell.c(154): warning:  #177-D: function "_SH_Parse_Command" was declared but never referenced
compiling UART.c...
assembling osasm.s...
compiling ADC.c...
..\Lab2_Final\ADC.c(149): warning:  #177-D: function "_ADC_DisableNVICInterrupt" was declared but never referenced
assembling PID_stm32.s...
assembling cr4_fft_64_stm32.s...
compiling OS_Buttons.c...
compiling OS_DataStructures.c...
compiling OS_Threads.c...
OS_Threads.c(159): warning:  #177-D: variable "head" was declared but never referenced
compiling OS_Time.c...
compiling OS.c...
compiling Lab3.c...
Lab3.c(625): error:  #65: expected a ";"
Lab3.c(629): error:  #18: expected a ")"
Lab3.c(629): error:  #65: expected a ";"
Target not created
Rebuild target 'OLED'
assembling Startup.s...
compiling Output.c...
compiling rit128x96x4.c...
compiling OS_Critical.c...
compiling shell.c...
shell.c(178): warning:  #177-D: variable "i" was declared but never referenced
shell.c(179): warning:  #177-D: variable "str" was declared but never referenced
shell.c(154): warning:  #177-D: function "_SH_Parse_Command" was declared but never referenced
compiling UART.c...
assembling osasm.s...
compiling ADC.c...
..\Lab2_Final\ADC.c(149): warning:  #177-D: function "_ADC_DisableNVICInterrupt" was declared but never referenced
assembling PID_stm32.s...
assembling cr4_fft_64_stm32.s...
compiling OS_Buttons.c...
compiling OS_DataStructures.c...
compiling OS_Threads.c...
OS_Threads.c(159): warning:  #177-D: variable "head" was declared but never referenced
compiling OS_Time.c...
compiling OS.c...
compiling Lab3.c...
Lab3.c(629): error:  #18: expected a ")"
Lab3.c(629): error:  #65: expected a ";"
Target not created
Rebuild target 'OLED'
assembling Startup.s...
compiling Output.c...
compiling rit128x96x4.c...
compiling OS_Critical.c...
compiling shell.c...
shell.c(178): warning:  #177-D: variable "i" was declared but never referenced
shell.c(179): warning:  #177-D: variable "str" was declared but never referenced
shell.c(154): warning:  #177-D: function "_SH_Parse_Command" was declared but never referenced
compiling UART.c...
assembling osasm.s...
compiling ADC.c...
..\Lab2_Final\ADC.c(149): warning:  #177-D: function "_ADC_DisableNVICInterrupt" was declared but never referenced
assembling PID_stm32.s...
assembling cr4_fft_64_stm32.s...
compiling OS_Buttons.c...
compiling OS_DataStructures.c...
compiling OS_Threads.c...
OS_Threads.c(159): warning:  #177-D: variable "head" was declared but never referenced
compiling OS_Time.c...
compiling OS.c...
compiling Lab3.c...
linking...
Program Size: Code=14810 RO-data=762 RW-data=272 ZI-data=43752  
"OLED.axf" - 0 Error(s), 5 Warning(s).
Load "Z:\\Dropbox\\EE445M\\Lab3_test\\OLED.AXF" 
Connecting: Mode=JTAG, Speed=1000000Hz
Erase Done.
Programming Done.
Verify OK.
Rebuild target 'OLED'
assembling Startup.s...
compiling Output.c...
compiling rit128x96x4.c...
compiling OS_Critical.c...
compiling shell.c...
shell.c(178): warning:  #177-D: variable "i" was declared but never referenced
shell.c(179): warning:  #177-D: variable "str" was declared but never referenced
shell.c(154): warning:  #177-D: function "_SH_Parse_Command" was declared but never referenced
compiling UART.c...
assembling osasm.s...
compiling ADC.c...
..\Lab2_Final\ADC.c(149): warning:  #177-D: function "_ADC_DisableNVICInterrupt" was declared but never referenced
assembling PID_stm32.s...
assembling cr4_fft_64_stm32.s...
compiling OS_Buttons.c...
compiling OS_DataStructures.c...
compiling OS_Threads.c...
OS_Threads.c(159): warning:  #177-D: variable "head" was declared but never referenced
compiling OS_Time.c...
compiling OS.c...
compiling Lab3.c...
linking...
Program Size: Code=14814 RO-data=762 RW-data=272 ZI-data=43752  
"OLED.axf" - 0 Error(s), 5 Warning(s).
Load "Z:\\Dropbox\\EE445M\\Lab3_test\\OLED.AXF" 
Connecting: Mode=JTAG, Speed=1000000Hz
Erase Done.
Programming Done.
Verify OK.
Rebuild target 'OLED'
assembling Startup.s...
compiling Output.c...
compiling rit128x96x4.c...
compiling OS_Critical.c...
compiling shell.c...
shell.c(178): warning:  #177-D: variable "i" was declared but never referenced
shell.c(179): warning:  #177-D: variable "str" was declared but never referenced
shell.c(154): warning:  #177-D: function "_SH_Parse_Command" was declared but never referenced
compiling UART.c...
assembling osasm.s...
compiling ADC.c...
..\Lab2_Final\ADC.c(149): warning:  #177-D: function "_ADC_DisableNVICInterrupt" was declared but never referenced
assembling PID_stm32.s...
assembling cr4_fft_64_stm32.s...
compiling OS_Buttons.c...
compiling OS_DataStructures.c...
compiling OS_Threads.c...
OS_Threads.c(159): warning:  #177-D: variable "head" was declared but never referenced
compiling OS_Time.c...
compiling OS.c...
compiling Lab3.c...
linking...
Program Size: Code=14798 RO-data=762 RW-data=272 ZI-data=43752  
"OLED.axf" - 0 Error(s), 5 Warning(s).
Load "Z:\\Dropbox\\EE445M\\Lab3_test\\OLED.AXF" 
Connecting: Mode=JTAG, Speed=1000000Hz
Erase Done.
Programming Done.
Verify OK.
Rebuild target 'OLED'
assembling Startup.s...
compiling Output.c...
compiling rit128x96x4.c...
compiling OS_Critical.c...
compiling shell.c...
shell.c(178): warning:  #177-D: variable "i" was declared but never referenced
shell.c(179): warning:  #177-D: variable "str" was declared but never referenced
shell.c(154): warning:  #177-D: function "_SH_Parse_Command" was declared but never referenced
compiling UART.c...
assembling osasm.s...
compiling ADC.c...
..\Lab2_Final\ADC.c(149): warning:  #177-D: function "_ADC_DisableNVICInterrupt" was declared but never referenced
assembling PID_stm32.s...
assembling cr4_fft_64_stm32.s...
compiling OS_Buttons.c...
compiling OS_DataStructures.c...
compiling OS_Threads.c...
OS_Threads.c(159): warning:  #177-D: variable "head" was declared but never referenced
compiling OS_Time.c...
compiling OS.c...
compiling Lab3.c...
linking...
Program Size: Code=14810 RO-data=762 RW-data=272 ZI-data=43752  
"OLED.axf" - 0 Error(s), 5 Warning(s).
Load "Z:\\Dropbox\\EE445M\\Lab3_test\\OLED.AXF" 
Connecting: Mode=JTAG, Speed=1000000Hz
Erase Done.
Programming Done.
Verify OK.
Rebuild target 'OLED'
assembling Startup.s...
compiling Output.c...
compiling rit128x96x4.c...
compiling OS_Critical.c...
compiling shell.c...
shell.c(178): warning:  #177-D: variable "i" was declared but never referenced
shell.c(179): warning:  #177-D: variable "str" was declared but never referenced
shell.c(154): warning:  #177-D: function "_SH_Parse_Command" was declared but never referenced
compiling UART.c...
assembling osasm.s...
compiling ADC.c...
..\Lab2_Final\ADC.c(149): warning:  #177-D: function "_ADC_DisableNVICInterrupt" was declared but never referenced
assembling PID_stm32.s...
assembling cr4_fft_64_stm32.s...
compiling OS_Buttons.c...
compiling OS_DataStructures.c...
compiling OS_Threads.c...
OS_Threads.c(159): warning:  #177-D: variable "head" was declared but never referenced
compiling OS_Time.c...
compiling OS.c...
compiling Lab3.c...
linking...
Program Size: Code=14802 RO-data=762 RW-data=272 ZI-data=43752  
"OLED.axf" - 0 Error(s), 5 Warning(s).
Rebuild target 'OLED'
assembling Startup.s...
compiling Output.c...
compiling rit128x96x4.c...
compiling OS_Critical.c...
compiling shell.c...
shell.c(178): warning:  #177-D: variable "i" was declared but never referenced
shell.c(179): warning:  #177-D: variable "str" was declared but never referenced
shell.c(154): warning:  #177-D: function "_SH_Parse_Command" was declared but never referenced
compiling UART.c...
assembling osasm.s...
compiling ADC.c...
..\Lab2_Final\ADC.c(149): warning:  #177-D: function "_ADC_DisableNVICInterrupt" was declared but never referenced
assembling PID_stm32.s...
assembling cr4_fft_64_stm32.s...
compiling OS_Buttons.c...
compiling OS_DataStructures.c...
compiling OS_Threads.c...
OS_Threads.c(159): warning:  #177-D: variable "head" was declared but never referenced
compiling OS_Time.c...
compiling OS.c...
compiling Lab3.c...
linking...
Program Size: Code=14798 RO-data=762 RW-data=272 ZI-data=43752  
"OLED.axf" - 0 Error(s), 5 Warning(s).
Load "Z:\\Dropbox\\EE445M\\Lab3_test\\OLED.AXF" 
Connecting: Mode=JTAG, Speed=1000000Hz
Erase Done.
Programming Done.
Verify OK.
Rebuild target 'OLED'
assembling Startup.s...
compiling Output.c...
compiling rit128x96x4.c...
compiling OS_Critical.c...
compiling shell.c...
shell.c(178): warning:  #177-D: variable "i" was declared but never referenced
shell.c(179): warning:  #177-D: variable "str" was declared but never referenced
shell.c(154): warning:  #177-D: function "_SH_Parse_Command" was declared but never referenced
compiling UART.c...
assembling osasm.s...
compiling ADC.c...
..\Lab2_Final\ADC.c(149): warning:  #177-D: function "_ADC_DisableNVICInterrupt" was declared but never referenced
assembling PID_stm32.s...
assembling cr4_fft_64_stm32.s...
compiling OS_Buttons.c...
compiling OS_DataStructures.c...
compiling OS_Threads.c...
OS_Threads.c(159): warning:  #177-D: variable "head" was declared but never referenced
compiling OS_Time.c...
compiling OS.c...
compiling Lab3.c...
linking...
Program Size: Code=14794 RO-data=762 RW-data=272 ZI-data=43752  
"OLED.axf" - 0 Error(s), 5 Warning(s).
Load "Z:\\Dropbox\\EE445M\\Lab3_test\\OLED.AXF" 
Connecting: Mode=JTAG, Speed=1000000Hz
Erase Done.
Programming Done.
Verify OK.
Rebuild target 'OLED'
assembling Startup.s...
compiling Output.c...
compiling rit128x96x4.c...
compiling OS_Critical.c...
compiling shell.c...
shell.c(178): warning:  #177-D: variable "i" was declared but never referenced
shell.c(179): warning:  #177-D: variable "str" was declared but never referenced
shell.c(154): warning:  #177-D: function "_SH_Parse_Command" was declared but never referenced
compiling UART.c...
assembling osasm.s...
compiling ADC.c...
..\Lab2_Final\ADC.c(149): warning:  #177-D: function "_ADC_DisableNVICInterrupt" was declared but never referenced
assembling PID_stm32.s...
assembling cr4_fft_64_stm32.s...
compiling OS_Buttons.c...
compiling OS_DataStructures.c...
compiling OS_Threads.c...
OS_Threads.c(159): warning:  #177-D: variable "head" was declared but never referenced
compiling OS_Time.c...
compiling OS.c...
compiling Lab3.c...
linking...
Program Size: Code=14806 RO-data=762 RW-data=272 ZI-data=43752  
"OLED.axf" - 0 Error(s), 5 Warning(s).
Load "Z:\\Dropbox\\EE445M\\Lab3_test\\OLED.AXF" 
Connecting: Mode=JTAG, Speed=1000000Hz
Erase Done.
Programming Failed!
Load "Z:\\Dropbox\\EE445M\\Lab3_test\\OLED.AXF" 
Connecting: Mode=JTAG, Speed=1000000Hz
Erase Done.
Programming Done.
Verify OK.
Rebuild target 'OLED'
assembling Startup.s...
compiling Output.c...
compiling rit128x96x4.c...
compiling OS_Critical.c...
compiling shell.c...
shell.c(178): warning:  #177-D: variable "i" was declared but never referenced
shell.c(179): warning:  #177-D: variable "str" was declared but never referenced
shell.c(154): warning:  #177-D: function "_SH_Parse_Command" was declared but never referenced
compiling UART.c...
assembling osasm.s...
compiling ADC.c...
..\Lab2_Final\ADC.c(149): warning:  #177-D: function "_ADC_DisableNVICInterrupt" was declared but never referenced
assembling PID_stm32.s...
assembling cr4_fft_64_stm32.s...
compiling OS_Buttons.c...
compiling OS_DataStructures.c...
compiling OS_Threads.c...
OS_Threads.c(159): warning:  #177-D: variable "head" was declared but never referenced
compiling OS_Time.c...
compiling OS.c...
compiling Lab3.c...
linking...
Program Size: Code=14810 RO-data=762 RW-data=272 ZI-data=43752  
"OLED.axf" - 0 Error(s), 5 Warning(s).
Load "Z:\\Dropbox\\EE445M\\Lab3_test\\OLED.AXF" 
Connecting: Mode=JTAG, Speed=1000000Hz
Erase Done.
Programming Done.
Verify OK.
Rebuild target 'OLED'
assembling Startup.s...
compiling Output.c...
compiling rit128x96x4.c...
compiling OS_Critical.c...
compiling shell.c...
shell.c(178): warning:  #177-D: variable "i" was declared but never referenced
shell.c(179): warning:  #177-D: variable "str" was declared but never referenced
shell.c(154): warning:  #177-D: function "_SH_Parse_Command" was declared but never referenced
compiling UART.c...
assembling osasm.s...
compiling ADC.c...
..\Lab2_Final\ADC.c(149): warning:  #177-D: function "_ADC_DisableNVICInterrupt" was declared but never referenced
assembling PID_stm32.s...
assembling cr4_fft_64_stm32.s...
compiling OS_Buttons.c...
compiling OS_DataStructures.c...
compiling OS_Threads.c...
OS_Threads.c(159): warning:  #177-D: variable "head" was declared but never referenced
compiling OS_Time.c...
compiling OS.c...
compiling Lab3.c...
linking...
Program Size: Code=14810 RO-data=762 RW-data=272 ZI-data=43752  
"OLED.axf" - 0 Error(s), 5 Warning(s).
Load "Z:\\Dropbox\\EE445M\\Lab3_test\\OLED.AXF" 
Connecting: Mode=JTAG, Speed=1000000Hz
Erase Done.
Programming Done.
Verify OK.
