<html>
<body>
<pre>
<h1>µVision Build Log</h1>
<h2>Project:</h2>
C:\Users\Rohith\Dropbox\EE445M\Lab5_FAT\Lab2.uvproj
Project File Date:  03/21/2013

<h2>Output:</h2>
Rebuild target 'OLED'
assembling Startup.s...
compiling Output.c...
compiling rit128x96x4.c...
compiling OS_Critical.c...
compiling shell.c...
compiling UART.c...
assembling osasm.s...
compiling OS_Buttons.c...
compiling OS_DataStructures.c...
compiling OS_Threads.c...
compiling OS_Time.c...
compiling OS.c...
compiling ADC.c...
compiling sqrt.c...
compiling edisk.c...
compiling Lab5.c...
compiling eFile.c...
compiling Retarget.c...
linking...
Program Size: Code=22768 RO-data=324 RW-data=660 ZI-data=21044  
"OLED.axf" - 0 Error(s), 0 Warning(s).
Load "C:\\Users\\Rohith\\Dropbox\\EE445M\\Lab5_FAT\\OLED.AXF" 
Connecting: Mode=JTAG, Speed=1000000Hz
Erase Done.
Programming Done.
Verify OK.
Build target 'OLED'
compiling eFile.c...
linking...
Program Size: Code=22768 RO-data=324 RW-data=660 ZI-data=21044  
"OLED.axf" - 0 Error(s), 0 Warning(s).
Build target 'OLED'
linking...
Program Size: Code=22768 RO-data=324 RW-data=660 ZI-data=21044  
"OLED.axf" - 0 Error(s), 0 Warning(s).
Load "C:\\Users\\Rohith\\Dropbox\\EE445M\\Lab5_FAT\\OLED.AXF" 
Connecting: Mode=JTAG, Speed=1000000Hz
Erase Done.
Programming Done.
Verify OK.
