<html>
<body>
<pre>
<h1>µVision Build Log</h1>
<h2>Project:</h2>
Z:\Dropbox\EE445M\LAb2\Lab2.uvproj
Project File Date:  02/25/2013

<h2>Output:</h2>
Rebuild target 'OLED'
assembling Startup.s...
compiling Output.c...
compiling rit128x96x4.c...
compiling OS_Critical.c...
compiling shell.c...
shell.c(141): warning:  #177-D: function "_SH_Parse_Command" was declared but never referenced
compiling UART.c...
assembling osasm.s...
compiling Lab2Main.c...
compiling ADC.c...
..\Lab2_Final\ADC.c(147): warning:  #177-D: function "_ADC_DisableNVICInterrupt" was declared but never referenced
assembling PID_stm32.s...
assembling cr4_fft_64_stm32.s...
compiling OS_Buttons.c...
compiling OS_DataStructures.c...
compiling OS_Threads.c...
compiling OS_Time.c...
compiling OS.c...
OS.c(126): warning:  #177-D: function "_OS_Default_Thread" was declared but never referenced
linking...
Program Size: Code=12120 RO-data=760 RW-data=216 ZI-data=16368  
"OLED.axf" - 0 Error(s), 3 Warning(s).
Load "Z:\\Dropbox\\EE445M\\LAb2\\OLED.AXF" 
Connecting: Mode=JTAG, Speed=1000000Hz
Erase Done.
Programming Done.
Verify OK.
Rebuild target 'OLED'
assembling Startup.s...
compiling Output.c...
compiling rit128x96x4.c...
compiling OS_Critical.c...
compiling shell.c...
shell.c(141): warning:  #177-D: function "_SH_Parse_Command" was declared but never referenced
compiling UART.c...
assembling osasm.s...
compiling Lab2Main.c...
compiling ADC.c...
..\Lab2_Final\ADC.c(147): warning:  #177-D: function "_ADC_DisableNVICInterrupt" was declared but never referenced
assembling PID_stm32.s...
assembling cr4_fft_64_stm32.s...
compiling OS_Buttons.c...
compiling OS_DataStructures.c...
compiling OS_Threads.c...
compiling OS_Time.c...
compiling OS.c...
OS.c(126): warning:  #177-D: function "_OS_Default_Thread" was declared but never referenced
linking...
Program Size: Code=12120 RO-data=760 RW-data=216 ZI-data=16368  
"OLED.axf" - 0 Error(s), 3 Warning(s).
Load "Z:\\Dropbox\\EE445M\\LAb2\\OLED.AXF" 
Connecting: Mode=JTAG, Speed=1000000Hz
Erase Done.
Programming Failed!
Load "Z:\\Dropbox\\EE445M\\LAb2\\OLED.AXF" 
Connecting: Mode=JTAG, Speed=1000000Hz
Erase Done.
Programming Done.
Verify OK.
Rebuild target 'OLED'
assembling Startup.s...
compiling Output.c...
compiling rit128x96x4.c...
compiling OS_Critical.c...
compiling shell.c...
shell.c(141): warning:  #177-D: function "_SH_Parse_Command" was declared but never referenced
compiling UART.c...
assembling osasm.s...
compiling Lab2Main.c...
compiling ADC.c...
..\Lab2_Final\ADC.c(147): warning:  #177-D: function "_ADC_DisableNVICInterrupt" was declared but never referenced
assembling PID_stm32.s...
assembling cr4_fft_64_stm32.s...
compiling OS_Buttons.c...
compiling OS_DataStructures.c...
compiling OS_Threads.c...
compiling OS_Time.c...
compiling OS.c...
OS.c(126): warning:  #177-D: function "_OS_Default_Thread" was declared but never referenced
linking...
Program Size: Code=12028 RO-data=760 RW-data=216 ZI-data=16368  
"OLED.axf" - 0 Error(s), 3 Warning(s).
