<html>
<body>
<pre>
<h1>µVision Build Log</h1>
<h2>Project:</h2>
C:\Users\Rohith\Dropbox\EE445M\Lab1_OLED\OLED.uvproj
Project File Date:  01/23/2013

<h2>Output:</h2>
Rebuild target 'OLED'
assembling Startup.s...
compiling OLEDTestMain.c...
compiling Output.c...
compiling rit128x96x4.c...
rit128x96x4.c(503): error:  #77-D: this declaration has no storage class or type specifier
rit128x96x4.c(503): error:  #65: expected a ";"
rit128x96x4.c(544): warning:  #12-D: parsing restarts here after previous syntax error
rit128x96x4.c(545): error:  #18: expected a ")"
rit128x96x4.c(545): warning:  #77-D: this declaration has no storage class or type specifier
rit128x96x4.c(545): error:  #92: identifier-list parameters may only be used in a function definition
rit128x96x4.c(545): error:  #147: declaration is incompatible with "void _OLED_Message(int, unsigned int, const char *, unsigned char)" (declared at line 56 of "rit128x96x4.h")
rit128x96x4.c(546): error:  #169: expected a declaration
rit128x96x4.c(547): error:  #169: expected a declaration
rit128x96x4.c(571): warning:  #12-D: parsing restarts here after previous syntax error
rit128x96x4.c(571): error:  #169: expected a declaration
rit128x96x4.c(572): error:  #77-D: this declaration has no storage class or type specifier
rit128x96x4.c(573): error:  #169: expected a declaration
rit128x96x4.c(576): warning:  #12-D: parsing restarts here after previous syntax error
rit128x96x4.c(577): error:  #169: expected a declaration
rit128x96x4.c(578): error:  #169: expected a declaration
rit128x96x4.c(661): warning:  #12-D: parsing restarts here after previous syntax error
rit128x96x4.c(662): error:  #77-D: this declaration has no storage class or type specifier
rit128x96x4.c(662): error:  #147: declaration is incompatible with "unsigned char g_pucBuffer[8]" (declared at line 68)
rit128x96x4.c(662): warning:  #520-D: initialization with "{...}" expected for aggregate object
rit128x96x4.c(662): error:  #20: identifier "ulY" is undefined
rit128x96x4.c(663): error:  #40: expected an identifier
rit128x96x4.c(663): warning:  #77-D: this declaration has no storage class or type specifier
rit128x96x4.c(663): error:  #92: identifier-list parameters may only be used in a function definition
rit128x96x4.c(663): error:  #147: declaration is incompatible with "void RITWriteCommand(const unsigned char *, unsigned long)" (declared at line 330)
rit128x96x4.c(665): error:  #40: expected an identifier
rit128x96x4.c(664): warning:  #77-D: this declaration has no storage class or type specifier
rit128x96x4.c(664): error:  #92: identifier-list parameters may only be used in a function definition
rit128x96x4.c(664): error:  #147: declaration is incompatible with "void RITWriteCommand(const unsigned char *, unsigned long)" (declared at line 330)
rit128x96x4.c(670): error:  #169: expected a declaration
rit128x96x4.c(712): warning:  #12-D: parsing restarts here after previous syntax error
rit128x96x4.c(713): error:  #77-D: this declaration has no storage class or type specifier
rit128x96x4.c(713): error:  #65: expected a ";"
rit128x96x4.c(718): error:  #169: expected a declaration
rit128x96x4.c(812): warning:  #12-D: parsing restarts here after previous syntax error
rit128x96x4.c(813): error:  #40: expected an identifier
rit128x96x4.c(813): warning:  #77-D: this declaration has no storage class or type specifier
rit128x96x4.c(813): error:  #92: identifier-list parameters may only be used in a function definition
rit128x96x4.c(813): error:  #147: declaration is incompatible with "void RITWriteCommand(const unsigned char *, unsigned long)" (declared at line 330)
rit128x96x4.c(815): error:  #40: expected an identifier
rit128x96x4.c(814): warning:  #77-D: this declaration has no storage class or type specifier
rit128x96x4.c(814): error:  #92: identifier-list parameters may only be used in a function definition
Target not created
Rebuild target 'OLED'
assembling Startup.s...
compiling OLEDTestMain.c...
compiling Output.c...
compiling rit128x96x4.c...
rit128x96x4.c(513): error:  #147-D: declaration is incompatible with "void OLED_Top(const char *, unsigned char)" (declared at line 57 of "rit128x96x4.h")
rit128x96x4.c(539): error:  #20: identifier "value" is undefined
Target not created
Rebuild target 'OLED'
assembling Startup.s...
compiling OLEDTestMain.c...
compiling Output.c...
compiling rit128x96x4.c...
rit128x96x4.c(513): error:  #147-D: declaration is incompatible with "void OLED_Top(const char *, unsigned char)" (declared at line 57 of "rit128x96x4.h")
Target not created
Rebuild target 'OLED'
assembling Startup.s...
compiling OLEDTestMain.c...
OLEDTestMain.c(59): error:  #140: too many arguments in function call
OLEDTestMain.c(60): error:  #140: too many arguments in function call
compiling Output.c...
compiling rit128x96x4.c...
Target not created
Rebuild target 'OLED'
assembling Startup.s...
compiling OLEDTestMain.c...
compiling Output.c...
compiling rit128x96x4.c...
linking...
Program Size: Code=4538 RO-data=762 RW-data=56 ZI-data=976  
"OLED.axf" - 0 Error(s), 0 Warning(s).
Rebuild target 'OLED'
assembling Startup.s...
compiling OLEDTestMain.c...
compiling Output.c...
compiling rit128x96x4.c...
linking...
Program Size: Code=4590 RO-data=762 RW-data=56 ZI-data=1080  
"OLED.axf" - 0 Error(s), 0 Warning(s).
Rebuild target 'OLED'
assembling Startup.s...
compiling OLEDTestMain.c...
compiling Output.c...
compiling rit128x96x4.c...
linking...
Program Size: Code=4590 RO-data=762 RW-data=56 ZI-data=1080  
"OLED.axf" - 0 Error(s), 0 Warning(s).
Rebuild target 'OLED'
assembling Startup.s...
compiling OLEDTestMain.c...
compiling Output.c...
compiling rit128x96x4.c...
rit128x96x4.c(516): warning:  #520-D: initialization with "{...}" expected for aggregate object
linking...
Program Size: Code=4618 RO-data=762 RW-data=60 ZI-data=1076  
"OLED.axf" - 0 Error(s), 1 Warning(s).
Build target 'OLED'
compiling rit128x96x4.c...
linking...
Program Size: Code=4618 RO-data=762 RW-data=60 ZI-data=1076  
"OLED.axf" - 0 Error(s), 0 Warning(s).
Load "C:\\Users\\Rohith\\Dropbox\\EE445M\\Lab1_OLED\\OLED.AXF" 
Connecting: Mode=JTAG, Speed=1000000Hz
Connection failed!, error code=&d
Load "C:\\Users\\Rohith\\Dropbox\\EE445M\\Lab1_OLED\\OLED.AXF" 
Connecting: Mode=JTAG, Speed=1000000Hz
Connection failed!, error code=&d
Load "C:\\Users\\Rohith\\Dropbox\\EE445M\\Lab1_OLED\\OLED.AXF" 
Connecting: Mode=JTAG, Speed=1000000Hz
Erase Done.
Programming Done.
Verify OK.
Build target 'OLED'
compiling OLEDTestMain.c...
compiling Output.c...
compiling rit128x96x4.c...
linking...
Program Size: Code=4630 RO-data=762 RW-data=60 ZI-data=1076  
"OLED.axf" - 0 Error(s), 0 Warning(s).
Load "C:\\Users\\Rohith\\Dropbox\\EE445M\\Lab1_OLED\\OLED.AXF" 
Connecting: Mode=JTAG, Speed=1000000Hz
Erase Done.
Programming Done.
Verify OK.
Build target 'OLED'
compiling OLEDTestMain.c...
compiling Output.c...
compiling rit128x96x4.c...
rit128x96x4.c(581): warning:  #177-D: variable "clear" was declared but never referenced
linking...
Program Size: Code=4694 RO-data=766 RW-data=60 ZI-data=1076  
"OLED.axf" - 0 Error(s), 1 Warning(s).
Build target 'OLED'
compiling rit128x96x4.c...
rit128x96x4.c(577): warning:  #177-D: variable "clear" was declared but never referenced
linking...
Program Size: Code=4678 RO-data=766 RW-data=60 ZI-data=1076  
"OLED.axf" - 0 Error(s), 1 Warning(s).
Build target 'OLED'
compiling rit128x96x4.c...
linking...
Program Size: Code=4474 RO-data=766 RW-data=36 ZI-data=972  
"OLED.axf" - 0 Error(s), 0 Warning(s).
Load "C:\\Users\\Rohith\\Dropbox\\EE445M\\Lab1_OLED\\OLED.AXF" 
Connecting: Mode=JTAG, Speed=1000000Hz
Erase Done.
Programming Done.
Verify OK.
Build target 'OLED'
compiling rit128x96x4.c...
rit128x96x4.c(550): error:  #28: expression must have a constant value
Target not created
Build target 'OLED'
compiling rit128x96x4.c...
linking...
Program Size: Code=4474 RO-data=766 RW-data=36 ZI-data=972  
"OLED.axf" - 0 Error(s), 0 Warning(s).
Load "C:\\Users\\Rohith\\Dropbox\\EE445M\\Lab1_OLED\\OLED.AXF" 
Connecting: Mode=JTAG, Speed=1000000Hz
Erase Done.
Programming Done.
Verify OK.
Build target 'OLED'
compiling rit128x96x4.c...
rit128x96x4.c(559): error:  #137: expression must be a modifiable lvalue
rit128x96x4.c(560): error:  #137: expression must be a modifiable lvalue
Target not created
Build target 'OLED'
compiling rit128x96x4.c...
linking...
Program Size: Code=4490 RO-data=762 RW-data=40 ZI-data=976  
"OLED.axf" - 0 Error(s), 0 Warning(s).
Load "C:\\Users\\Rohith\\Dropbox\\EE445M\\Lab1_OLED\\OLED.AXF" 
Connecting: Mode=JTAG, Speed=1000000Hz
Erase Done.
Programming Done.
Verify OK.
Build target 'OLED'
compiling rit128x96x4.c...
rit128x96x4.c(550): error:  #28: expression must have a constant value
Target not created
Build target 'OLED'
compiling OLEDTestMain.c...
compiling rit128x96x4.c...
linking...
Program Size: Code=4498 RO-data=762 RW-data=36 ZI-data=972  
"OLED.axf" - 0 Error(s), 0 Warning(s).
Load "C:\\Users\\Rohith\\Dropbox\\EE445M\\Lab1_OLED\\OLED.AXF" 
Connecting: Mode=JTAG, Speed=1000000Hz
Erase Done.
Programming Done.
Verify OK.
Build target 'OLED'
compiling rit128x96x4.c...
linking...
Program Size: Code=4498 RO-data=762 RW-data=36 ZI-data=972  
"OLED.axf" - 0 Error(s), 0 Warning(s).
Load "C:\\Users\\Rohith\\Dropbox\\EE445M\\Lab1_OLED\\OLED.AXF" 
Connecting: Mode=JTAG, Speed=1000000Hz
Erase Done.
Programming Done.
Verify OK.
Build target 'OLED'
compiling rit128x96x4.c...
linking...
Program Size: Code=4478 RO-data=762 RW-data=40 ZI-data=976  
"OLED.axf" - 0 Error(s), 0 Warning(s).
Build target 'OLED'
compiling rit128x96x4.c...
linking...
Program Size: Code=4474 RO-data=762 RW-data=40 ZI-data=976  
"OLED.axf" - 0 Error(s), 0 Warning(s).
Load "C:\\Users\\Rohith\\Dropbox\\EE445M\\Lab1_OLED\\OLED.AXF" 
Connecting: Mode=JTAG, Speed=1000000Hz
Erase Done.
Programming Done.
Verify OK.
Build target 'OLED'
compiling rit128x96x4.c...
linking...
Program Size: Code=4474 RO-data=762 RW-data=40 ZI-data=976  
"OLED.axf" - 0 Error(s), 0 Warning(s).
Load "C:\\Users\\Rohith\\Dropbox\\EE445M\\Lab1_OLED\\OLED.AXF" 
Connecting: Mode=JTAG, Speed=1000000Hz
Erase Done.
Programming Done.
Verify OK.
Build target 'OLED'
compiling rit128x96x4.c...
linking...
Program Size: Code=4474 RO-data=762 RW-data=40 ZI-data=976  
"OLED.axf" - 0 Error(s), 0 Warning(s).
Load "C:\\Users\\Rohith\\Dropbox\\EE445M\\Lab1_OLED\\OLED.AXF" 
Connecting: Mode=JTAG, Speed=1000000Hz
Erase Done.
Programming Done.
Verify OK.
Build target 'OLED'
compiling rit128x96x4.c...
linking...
Program Size: Code=4474 RO-data=762 RW-data=40 ZI-data=976  
"OLED.axf" - 0 Error(s), 0 Warning(s).
Load "C:\\Users\\Rohith\\Dropbox\\EE445M\\Lab1_OLED\\OLED.AXF" 
Connecting: Mode=JTAG, Speed=1000000Hz
Erase Done.
Programming Done.
Verify OK.
Build target 'OLED'
compiling rit128x96x4.c...
linking...
Program Size: Code=4466 RO-data=762 RW-data=40 ZI-data=976  
"OLED.axf" - 0 Error(s), 0 Warning(s).
Load "C:\\Users\\Rohith\\Dropbox\\EE445M\\Lab1_OLED\\OLED.AXF" 
Connecting: Mode=JTAG, Speed=1000000Hz
Erase Done.
Programming Done.
Verify OK.
Build target 'OLED'
compiling rit128x96x4.c...
linking...
Program Size: Code=4458 RO-data=762 RW-data=40 ZI-data=976  
"OLED.axf" - 0 Error(s), 0 Warning(s).
Load "C:\\Users\\Rohith\\Dropbox\\EE445M\\Lab1_OLED\\OLED.AXF" 
Connecting: Mode=JTAG, Speed=1000000Hz
Erase Done.
Programming Done.
Verify OK.
Build target 'OLED'
compiling rit128x96x4.c...
linking...
Program Size: Code=4458 RO-data=762 RW-data=40 ZI-data=976  
"OLED.axf" - 0 Error(s), 0 Warning(s).
Load "C:\\Users\\Rohith\\Dropbox\\EE445M\\Lab1_OLED\\OLED.AXF" 
Connecting: Mode=JTAG, Speed=1000000Hz
Erase Done.
Programming Done.
Verify OK.
Build target 'OLED'
compiling OLEDTestMain.c...
compiling Output.c...
compiling rit128x96x4.c...
rit128x96x4.c(535): error:  #20: identifier "clear" is undefined
Target not created
Build target 'OLED'
compiling rit128x96x4.c...
linking...
Program Size: Code=4470 RO-data=762 RW-data=60 ZI-data=972  
"OLED.axf" - 0 Error(s), 0 Warning(s).
Load "C:\\Users\\Rohith\\Dropbox\\EE445M\\Lab1_OLED\\OLED.AXF" 
Connecting: Mode=JTAG, Speed=1000000Hz
Erase Done.
Programming Done.
Verify OK.
Build target 'OLED'
compiling rit128x96x4.c...
linking...
Program Size: Code=4482 RO-data=762 RW-data=40 ZI-data=992  
"OLED.axf" - 0 Error(s), 0 Warning(s).
Load "C:\\Users\\Rohith\\Dropbox\\EE445M\\Lab1_OLED\\OLED.AXF" 
Connecting: Mode=JTAG, Speed=1000000Hz
Erase Done.
Programming Done.
Verify OK.
Build target 'OLED'
compiling rit128x96x4.c...
linking...
Program Size: Code=4386 RO-data=762 RW-data=36 ZI-data=996  
"OLED.axf" - 0 Error(s), 0 Warning(s).
Load "C:\\Users\\Rohith\\Dropbox\\EE445M\\Lab1_OLED\\OLED.AXF" 
Connecting: Mode=JTAG, Speed=1000000Hz
Erase Done.
Programming Done.
Verify OK.
Build target 'OLED'
compiling OLEDTestMain.c...
compiling Output.c...
compiling rit128x96x4.c...
linking...
Program Size: Code=4386 RO-data=762 RW-data=36 ZI-data=996  
"OLED.axf" - 0 Error(s), 0 Warning(s).
Load "C:\\Users\\Rohith\\Dropbox\\EE445M\\Lab1_OLED\\OLED.AXF" 
Connecting: Mode=JTAG, Speed=1000000Hz
Erase Done.
Programming Done.
Verify OK.
Connecting: Mode=JTAG, Speed=1000000Hz
Full Chip Erase Done.
Load "C:\\Users\\Rohith\\Dropbox\\EE445M\\Lab1_OLED\\OLED.AXF" 
Connecting: Mode=JTAG, Speed=1000000Hz
Erase Done.
Programming Done.
Verify OK.
Clean started: Project: 'OLED'
   deleting intermediate output files for target 'OLED'
Rebuild target 'OLED'
assembling Startup.s...
compiling OLEDTestMain.c...
compiling Output.c...
compiling rit128x96x4.c...
linking...
Program Size: Code=4386 RO-data=762 RW-data=36 ZI-data=996  
"OLED.axf" - 0 Error(s), 0 Warning(s).
Load "C:\\Users\\Rohith\\Dropbox\\EE445M\\Lab1_OLED\\OLED.AXF" 
Connecting: Mode=JTAG, Speed=1000000Hz
Erase Done.
Programming Done.
Verify OK.
Rebuild target 'OLED'
assembling Startup.s...
compiling OLEDTestMain.c...
compiling Output.c...
compiling rit128x96x4.c...
linking...
Program Size: Code=4390 RO-data=762 RW-data=36 ZI-data=972  
"OLED.axf" - 0 Error(s), 0 Warning(s).
Build target 'OLED'
linking...
Program Size: Code=4390 RO-data=762 RW-data=36 ZI-data=972  
"OLED.axf" - 0 Error(s), 0 Warning(s).
Load "C:\\Users\\Rohith\\Dropbox\\EE445M\\Lab1_OLED\\OLED.AXF" 
Connecting: Mode=JTAG, Speed=1000000Hz
Erase Done.
Programming Done.
Verify OK.
Rebuild target 'OLED'
assembling Startup.s...
compiling OLEDTestMain.c...
compiling Output.c...
compiling rit128x96x4.c...
linking...
Program Size: Code=4386 RO-data=762 RW-data=36 ZI-data=996  
"OLED.axf" - 0 Error(s), 0 Warning(s).
Load "C:\\Users\\Rohith\\Dropbox\\EE445M\\Lab1_OLED\\OLED.AXF" 
Connecting: Mode=JTAG, Speed=1000000Hz
Erase Done.
Programming Done.
Verify OK.
Build target 'OLED'
compiling rit128x96x4.c...
linking...
Program Size: Code=4390 RO-data=762 RW-data=36 ZI-data=972  
"OLED.axf" - 0 Error(s), 0 Warning(s).
Load "C:\\Users\\Rohith\\Dropbox\\EE445M\\Lab1_OLED\\OLED.AXF" 
Connecting: Mode=JTAG, Speed=1000000Hz
Erase Done.
Programming Done.
Verify OK.
Build target 'OLED'
compiling OLEDTestMain.c...
linking...
Program Size: Code=4398 RO-data=762 RW-data=36 ZI-data=972  
"OLED.axf" - 0 Error(s), 0 Warning(s).
Load "C:\\Users\\Rohith\\Dropbox\\EE445M\\Lab1_OLED\\OLED.AXF" 
Connecting: Mode=JTAG, Speed=1000000Hz
Erase Done.
Programming Done.
Verify OK.
Build target 'OLED'
compiling OLEDTestMain.c...
compiling Output.c...
compiling rit128x96x4.c...
linking...
Program Size: Code=4398 RO-data=762 RW-data=36 ZI-data=972  
"OLED.axf" - 0 Error(s), 0 Warning(s).
Load "C:\\Users\\Rohith\\Dropbox\\EE445M\\Lab1_OLED\\OLED.AXF" 
Connecting: Mode=JTAG, Speed=1000000Hz
Erase Done.
Programming Done.
Verify OK.
Build target 'OLED'
compiling OLEDTestMain.c...
compiling Output.c...
compiling rit128x96x4.c...
linking...
Program Size: Code=4398 RO-data=762 RW-data=36 ZI-data=972  
"OLED.axf" - 0 Error(s), 0 Warning(s).
Load "C:\\Users\\Rohith\\Dropbox\\EE445M\\Lab1_OLED\\OLED.AXF" 
Connecting: Mode=JTAG, Speed=1000000Hz
Erase Done.
Programming Done.
Verify OK.
Build target 'OLED'
compiling rit128x96x4.c...
linking...
Program Size: Code=4398 RO-data=762 RW-data=36 ZI-data=972  
"OLED.axf" - 0 Error(s), 0 Warning(s).
Load "C:\\Users\\Rohith\\Dropbox\\EE445M\\Lab1_OLED\\OLED.AXF" 
Connecting: Mode=JTAG, Speed=1000000Hz
Erase Done.
Programming Done.
Verify OK.
Build target 'OLED'
compiling rit128x96x4.c...
linking...
Program Size: Code=4398 RO-data=762 RW-data=36 ZI-data=972  
"OLED.axf" - 0 Error(s), 0 Warning(s).
Rebuild target 'OLED'
assembling Startup.s...
compiling OLEDTestMain.c...
compiling Output.c...
compiling rit128x96x4.c...
assembling OS_Critical.s...
OS_Critical.s(1): error: A1355U: A Label was found which was in no AREA
Target not created
assembling OS_Critical.s...
OS_Critical.s(13): warning: A1313W: Missing END directive at end of file
OS_Critical.s(3): error: A1145E: Undefined exported symbol 'Start'
OS_Critical.s - 1 Error(s), 1 Warning(s).
assembling OS_Critical.s...
OS_Critical.s(12): warning: A1313W: Missing END directive at end of file
OS_Critical.s - 0 Error(s), 1 Warning(s).
assembling OS_Critical.s...
OS_Critical.s - 0 Error(s), 0 Warning(s).
Rebuild target 'OLED'
assembling Startup.s...
compiling OLEDTestMain.c...
compiling Output.c...
compiling rit128x96x4.c...
assembling OS_Critical.s...
linking...
Program Size: Code=4398 RO-data=762 RW-data=36 ZI-data=972  
"OLED.axf" - 0 Error(s), 0 Warning(s).
Rebuild target 'OLED'
assembling Startup.s...
compiling OLEDTestMain.c...
compiling Output.c...
compiling rit128x96x4.c...
rit128x96x4.c(527): error:  #20: identifier "cpu_sr" is undefined
rit128x96x4.c(554): error:  #20: identifier "cpu_sr" is undefined
rit128x96x4.c(526): warning:  #177-D: variable "cpr_sr" was declared but never referenced
assembling OS_Critical.s...
Target not created
Rebuild target 'OLED'
assembling Startup.s...
compiling OLEDTestMain.c...
compiling Output.c...
compiling rit128x96x4.c...
assembling OS_Critical.s...
linking...
OLED.axf: Error: L6218E: Undefined symbol OS_CPU_SR_Restore (referred from rit128x96x4.o).
OLED.axf: Error: L6218E: Undefined symbol OS_CPU_SR_Save (referred from rit128x96x4.o).
Target not created
Rebuild target 'OLED'
assembling Startup.s...
compiling OLEDTestMain.c...
compiling Output.c...
compiling rit128x96x4.c...
compiling OS_Critical.c...
linking...
Program Size: Code=4430 RO-data=762 RW-data=36 ZI-data=972  
"OLED.axf" - 0 Error(s), 0 Warning(s).
Rebuild target 'OLED'
assembling Startup.s...
compiling OLEDTestMain.c...
compiling Output.c...
compiling rit128x96x4.c...
compiling OS_Critical.c...
linking...
Program Size: Code=4430 RO-data=762 RW-data=36 ZI-data=972  
"OLED.axf" - 0 Error(s), 0 Warning(s).
