<html>
<body>
<pre>
<h1>µVision Build Log</h1>
<h2>Project:</h2>
C:\Users\Rohith\Dropbox\EE445M\Lab1_OLED\OLED.uvproj
Project File Date:  02/01/2013

<h2>Output:</h2>
Build target 'OLED'
compiling shell.c...
linking...
Program Size: Code=6116 RO-data=760 RW-data=80 ZI-data=3736  
"OLED.axf" - 0 Error(s), 0 Warning(s).
Build target 'OLED'
compiling shell.c...
linking...
Program Size: Code=6116 RO-data=760 RW-data=80 ZI-data=3736  
"OLED.axf" - 0 Error(s), 0 Warning(s).
Build target 'OLED'
compiling shell.c...
linking...
Program Size: Code=6116 RO-data=760 RW-data=80 ZI-data=3736  
"OLED.axf" - 0 Error(s), 0 Warning(s).
Build target 'OLED'
compiling shell.c...
shell.c(121): warning:  #223-D: function "OLED_Out" declared implicitly
shell.c(121): error:  #20: identifier "TOP" is undefined
Target not created
Build target 'OLED'
compiling shell.c...
shell.c(9): error:  #5: cannot open source input file "OLED.h": No such file or directory
Target not created
Build target 'OLED'
compiling shell.c...
linking...
Program Size: Code=6152 RO-data=760 RW-data=84 ZI-data=3732  
"OLED.axf" - 0 Error(s), 0 Warning(s).
Rebuild target 'OLED'
assembling Startup.s...
compiling OLEDTestMain.c...
compiling Output.c...
compiling rit128x96x4.c...
compiling OS.c...
compiling OS_Critical.c...
compiling shell.c...
compiling UART.c...
linking...
Program Size: Code=6152 RO-data=760 RW-data=84 ZI-data=3732  
"OLED.axf" - 0 Error(s), 0 Warning(s).
Rebuild target 'OLED'
assembling Startup.s...
compiling OLEDTestMain.c...
compiling Output.c...
compiling rit128x96x4.c...
compiling OS.c...
compiling OS_Critical.c...
compiling shell.c...
compiling UART.c...
linking...
Program Size: Code=6152 RO-data=760 RW-data=84 ZI-data=3732  
"OLED.axf" - 0 Error(s), 0 Warning(s).
Load "C:\\Users\\Rohith\\Dropbox\\EE445M\\Lab1_OLED\\OLED.AXF" 
Warning: OSC to JTAG clock ratio violation - JTAG clock has been automatically adjusted to comply.
Connecting: Mode=JTAG, Speed=600000Hz
Erase Done.
Programming Done.
Verify OK.
Build target 'OLED'
compiling shell.c...
linking...
Program Size: Code=6188 RO-data=760 RW-data=84 ZI-data=3732  
"OLED.axf" - 0 Error(s), 0 Warning(s).
Build target 'OLED'
compiling shell.c...
linking...
Program Size: Code=6188 RO-data=760 RW-data=84 ZI-data=3732  
"OLED.axf" - 0 Error(s), 0 Warning(s).
Build target 'OLED'
compiling shell.c...
linking...
Program Size: Code=6204 RO-data=760 RW-data=84 ZI-data=3732  
"OLED.axf" - 0 Error(s), 0 Warning(s).
Build target 'OLED'
compiling shell.c...
linking...
Program Size: Code=6192 RO-data=760 RW-data=84 ZI-data=3732  
"OLED.axf" - 0 Error(s), 0 Warning(s).
Build target 'OLED'
compiling shell.c...
linking...
Program Size: Code=6204 RO-data=760 RW-data=84 ZI-data=3732  
"OLED.axf" - 0 Error(s), 0 Warning(s).
Build target 'OLED'
compiling shell.c...
shell.c(14): error:  #65: expected a ";"
Target not created
Build target 'OLED'
compiling shell.c...
shell.c(14): error:  #65: expected a ";"
Target not created
Build target 'OLED'
compiling shell.c...
linking...
Program Size: Code=6196 RO-data=760 RW-data=84 ZI-data=3796  
"OLED.axf" - 0 Error(s), 0 Warning(s).
Build target 'OLED'
compiling shell.c...
linking...
Program Size: Code=6200 RO-data=760 RW-data=84 ZI-data=3796  
"OLED.axf" - 0 Error(s), 0 Warning(s).
Build target 'OLED'
compiling shell.c...
linking...
Program Size: Code=6232 RO-data=760 RW-data=84 ZI-data=3796  
"OLED.axf" - 0 Error(s), 0 Warning(s).
