<html>
<body>
<pre>
<h1>µVision Build Log</h1>
<h2>Project:</h2>
Z:\Dropbox\EE445M\Lab4_Prep\Lab2.uvproj
Project File Date:  03/17/2013

<h2>Output:</h2>
Rebuild target 'OLED'
assembling Startup.s...
compiling Output.c...
compiling rit128x96x4.c...
compiling OS_Critical.c...
compiling shell.c...
compiling UART.c...
assembling osasm.s...
assembling PID_stm32.s...
assembling cr4_fft_64_stm32.s...
compiling OS_Buttons.c...
compiling OS_DataStructures.c...
compiling OS_Threads.c...
OS_Threads.c(159): warning:  #177-D: variable "head" was declared but never referenced
compiling OS_Time.c...
compiling OS.c...
compiling Lab4Main.c...
Lab4Main.c(144): error:  #20: identifier "buffer" is undefined
compiling Lab2Main.c...
compiling ADC.c...
Target not created
Rebuild target 'OLED'
assembling Startup.s...
compiling Output.c...
compiling rit128x96x4.c...
compiling OS_Critical.c...
compiling shell.c...
compiling UART.c...
assembling osasm.s...
assembling PID_stm32.s...
assembling cr4_fft_64_stm32.s...
compiling OS_Buttons.c...
compiling OS_DataStructures.c...
compiling OS_Threads.c...
OS_Threads.c(159): warning:  #177-D: variable "head" was declared but never referenced
compiling OS_Time.c...
compiling OS.c...
compiling Lab4Main.c...
compiling Lab2Main.c...
compiling ADC.c...
linking...
Program Size: Code=12842 RO-data=1478 RW-data=220 ZI-data=21996  
"OLED.axf" - 0 Error(s), 1 Warning(s).
Rebuild target 'OLED'
assembling Startup.s...
compiling Output.c...
compiling rit128x96x4.c...
compiling OS_Critical.c...
compiling shell.c...
compiling UART.c...
assembling osasm.s...
assembling PID_stm32.s...
assembling cr4_fft_64_stm32.s...
compiling OS_Buttons.c...
compiling OS_DataStructures.c...
compiling OS_Threads.c...
OS_Threads.c(159): warning:  #177-D: variable "head" was declared but never referenced
compiling OS_Time.c...
compiling OS.c...
compiling Lab4Main.c...
compiling Lab2Main.c...
compiling ADC.c...
linking...
Program Size: Code=12850 RO-data=1478 RW-data=224 ZI-data=22848  
"OLED.axf" - 0 Error(s), 1 Warning(s).
Rebuild target 'OLED'
assembling Startup.s...
compiling Output.c...
compiling rit128x96x4.c...
compiling OS_Critical.c...
compiling shell.c...
compiling UART.c...
assembling osasm.s...
assembling PID_stm32.s...
assembling cr4_fft_64_stm32.s...
compiling OS_Buttons.c...
compiling OS_DataStructures.c...
compiling OS_Threads.c...
OS_Threads.c(159): warning:  #177-D: variable "head" was declared but never referenced
compiling OS_Time.c...
compiling OS.c...
compiling Lab4Main.c...
Lab4Main.c(129): warning:  #177-D: variable "index" was declared but never referenced
compiling Lab2Main.c...
compiling ADC.c...
linking...
Program Size: Code=12790 RO-data=1478 RW-data=224 ZI-data=22848  
"OLED.axf" - 0 Error(s), 2 Warning(s).
Load "Z:\\Dropbox\\EE445M\\Lab4_Prep\\OLED.AXF" 
Connecting: Mode=JTAG, Speed=1000000Hz
Connection failed!, error code=&d
Load "Z:\\Dropbox\\EE445M\\Lab4_Prep\\OLED.AXF" 
Connecting: Mode=JTAG, Speed=1000000Hz
Connection failed!, error code=&d
Load "Z:\\Dropbox\\EE445M\\Lab4_Prep\\OLED.AXF" 
Connecting: Mode=JTAG, Speed=1000000Hz
Erase Done.
Programming Done.
Verify OK.
Rebuild target 'OLED'
assembling Startup.s...
compiling Output.c...
compiling rit128x96x4.c...
compiling OS_Critical.c...
compiling shell.c...
compiling UART.c...
assembling osasm.s...
assembling PID_stm32.s...
assembling cr4_fft_64_stm32.s...
compiling OS_Buttons.c...
compiling OS_DataStructures.c...
compiling OS_Threads.c...
OS_Threads.c(159): warning:  #177-D: variable "head" was declared but never referenced
compiling OS_Time.c...
compiling OS.c...
compiling Lab4Main.c...
Lab4Main.c(129): warning:  #177-D: variable "index" was declared but never referenced
compiling Lab2Main.c...
compiling ADC.c...
linking...
Program Size: Code=12802 RO-data=1478 RW-data=224 ZI-data=22848  
"OLED.axf" - 0 Error(s), 2 Warning(s).
Load "Z:\\Dropbox\\EE445M\\Lab4_Prep\\OLED.AXF" 
Connecting: Mode=JTAG, Speed=1000000Hz
Erase Done.
Programming Done.
Verify OK.
Rebuild target 'OLED'
assembling Startup.s...
compiling Output.c...
compiling rit128x96x4.c...
compiling OS_Critical.c...
compiling shell.c...
compiling UART.c...
assembling osasm.s...
assembling PID_stm32.s...
assembling cr4_fft_64_stm32.s...
compiling OS_Buttons.c...
compiling OS_DataStructures.c...
compiling OS_Threads.c...
OS_Threads.c(159): warning:  #177-D: variable "head" was declared but never referenced
compiling OS_Time.c...
compiling OS.c...
compiling Lab4Main.c...
Lab4Main.c(129): warning:  #177-D: variable "index" was declared but never referenced
compiling Lab2Main.c...
compiling ADC.c...
linking...
Program Size: Code=12802 RO-data=1478 RW-data=224 ZI-data=22848  
"OLED.axf" - 0 Error(s), 2 Warning(s).
Load "Z:\\Dropbox\\EE445M\\Lab4_Prep\\OLED.AXF" 
Connecting: Mode=JTAG, Speed=1000000Hz
Erase Done.
Programming Done.
Verify OK.
Rebuild target 'OLED'
assembling Startup.s...
compiling Output.c...
compiling rit128x96x4.c...
compiling OS_Critical.c...
compiling shell.c...
compiling UART.c...
assembling osasm.s...
assembling PID_stm32.s...
assembling cr4_fft_64_stm32.s...
compiling OS_Buttons.c...
compiling OS_DataStructures.c...
compiling OS_Threads.c...
OS_Threads.c(159): warning:  #177-D: variable "head" was declared but never referenced
compiling OS_Time.c...
compiling OS.c...
compiling Lab4Main.c...
Lab4Main.c(129): warning:  #177-D: variable "index" was declared but never referenced
compiling Lab2Main.c...
compiling ADC.c...
linking...
Program Size: Code=12802 RO-data=1478 RW-data=224 ZI-data=22848  
"OLED.axf" - 0 Error(s), 2 Warning(s).
Load "Z:\\Dropbox\\EE445M\\Lab4_Prep\\OLED.AXF" 
Connecting: Mode=JTAG, Speed=1000000Hz
Erase Done.
Programming Done.
Verify OK.
Rebuild target 'OLED'
assembling Startup.s...
compiling Output.c...
compiling rit128x96x4.c...
compiling OS_Critical.c...
compiling shell.c...
compiling UART.c...
assembling osasm.s...
assembling PID_stm32.s...
assembling cr4_fft_64_stm32.s...
compiling OS_Buttons.c...
compiling OS_DataStructures.c...
compiling OS_Threads.c...
OS_Threads.c(159): warning:  #177-D: variable "head" was declared but never referenced
compiling OS_Time.c...
compiling OS.c...
compiling Lab4Main.c...
Lab4Main.c(129): warning:  #177-D: variable "index" was declared but never referenced
compiling Lab2Main.c...
compiling ADC.c...
linking...
Program Size: Code=12798 RO-data=1478 RW-data=224 ZI-data=22848  
"OLED.axf" - 0 Error(s), 2 Warning(s).
Load "Z:\\Dropbox\\EE445M\\Lab4_Prep\\OLED.AXF" 
Connecting: Mode=JTAG, Speed=1000000Hz
Erase Done.
Programming Done.
Verify OK.
Rebuild target 'OLED'
assembling Startup.s...
compiling Output.c...
compiling rit128x96x4.c...
compiling OS_Critical.c...
compiling shell.c...
compiling UART.c...
assembling osasm.s...
assembling PID_stm32.s...
assembling cr4_fft_64_stm32.s...
compiling OS_Buttons.c...
compiling OS_DataStructures.c...
compiling OS_Threads.c...
OS_Threads.c(159): warning:  #177-D: variable "head" was declared but never referenced
compiling OS_Time.c...
compiling OS.c...
compiling Lab4Main.c...
Lab4Main.c(129): warning:  #177-D: variable "index" was declared but never referenced
compiling Lab2Main.c...
compiling ADC.c...
linking...
Program Size: Code=12798 RO-data=1478 RW-data=224 ZI-data=22848  
"OLED.axf" - 0 Error(s), 2 Warning(s).
Load "Z:\\Dropbox\\EE445M\\Lab4_Prep\\OLED.AXF" 
Connecting: Mode=JTAG, Speed=1000000Hz
Erase Done.
Programming Done.
Verify OK.
Rebuild target 'OLED'
assembling Startup.s...
compiling Output.c...
compiling rit128x96x4.c...
compiling OS_Critical.c...
compiling shell.c...
compiling UART.c...
assembling osasm.s...
assembling PID_stm32.s...
assembling cr4_fft_64_stm32.s...
compiling OS_Buttons.c...
compiling OS_DataStructures.c...
compiling OS_Threads.c...
OS_Threads.c(159): warning:  #177-D: variable "head" was declared but never referenced
compiling OS_Time.c...
compiling OS.c...
compiling Lab4Main.c...
Lab4Main.c(109): warning:  #177-D: variable "data" was declared but never referenced
Lab4Main.c(110): warning:  #177-D: variable "sample" was declared but never referenced
compiling Lab2Main.c...
compiling ADC.c...
linking...
Program Size: Code=12754 RO-data=1478 RW-data=224 ZI-data=22848  
"OLED.axf" - 0 Error(s), 3 Warning(s).
Load "Z:\\Dropbox\\EE445M\\Lab4_Prep\\OLED.AXF" 
Connecting: Mode=JTAG, Speed=1000000Hz
Erase Done.
Programming Done.
Verify OK.
Rebuild target 'OLED'
assembling Startup.s...
compiling Output.c...
compiling rit128x96x4.c...
compiling OS_Critical.c...
compiling shell.c...
compiling UART.c...
assembling osasm.s...
assembling PID_stm32.s...
assembling cr4_fft_64_stm32.s...
compiling OS_Buttons.c...
compiling OS_DataStructures.c...
compiling OS_Threads.c...
OS_Threads.c(159): warning:  #177-D: variable "head" was declared but never referenced
compiling OS_Time.c...
compiling OS.c...
compiling Lab4Main.c...
Lab4Main.c(109): warning:  #177-D: variable "data" was declared but never referenced
Lab4Main.c(110): warning:  #177-D: variable "sample" was declared but never referenced
compiling Lab2Main.c...
compiling ADC.c...
linking...
Program Size: Code=12778 RO-data=1478 RW-data=224 ZI-data=22848  
"OLED.axf" - 0 Error(s), 3 Warning(s).
Rebuild target 'OLED'
assembling Startup.s...
compiling Output.c...
compiling rit128x96x4.c...
compiling OS_Critical.c...
compiling shell.c...
compiling UART.c...
assembling osasm.s...
assembling PID_stm32.s...
assembling cr4_fft_64_stm32.s...
compiling OS_Buttons.c...
compiling OS_DataStructures.c...
compiling OS_Threads.c...
OS_Threads.c(159): warning:  #177-D: variable "head" was declared but never referenced
compiling OS_Time.c...
compiling OS.c...
compiling Lab4Main.c...
Lab4Main.c(109): warning:  #177-D: variable "data" was declared but never referenced
Lab4Main.c(110): warning:  #177-D: variable "sample" was declared but never referenced
compiling Lab2Main.c...
compiling ADC.c...
linking...
Program Size: Code=12774 RO-data=1478 RW-data=224 ZI-data=22848  
"OLED.axf" - 0 Error(s), 3 Warning(s).
Load "Z:\\Dropbox\\EE445M\\Lab4_Prep\\OLED.AXF" 
Connecting: Mode=JTAG, Speed=1000000Hz
Erase Done.
Programming Done.
Verify OK.
Rebuild target 'OLED'
assembling Startup.s...
compiling Output.c...
compiling rit128x96x4.c...
compiling OS_Critical.c...
compiling shell.c...
compiling UART.c...
assembling osasm.s...
assembling PID_stm32.s...
assembling cr4_fft_64_stm32.s...
compiling OS_Buttons.c...
compiling OS_DataStructures.c...
compiling OS_Threads.c...
OS_Threads.c(159): warning:  #177-D: variable "head" was declared but never referenced
compiling OS_Time.c...
compiling OS.c...
compiling Lab4Main.c...
compiling Lab2Main.c...
compiling ADC.c...
linking...
OLED.axf: Error: L6218E: Undefined symbol num (referred from adc.o).
Target not created
Rebuild target 'OLED'
assembling Startup.s...
compiling Output.c...
compiling rit128x96x4.c...
compiling OS_Critical.c...
compiling shell.c...
compiling UART.c...
assembling osasm.s...
assembling PID_stm32.s...
assembling cr4_fft_64_stm32.s...
compiling OS_Buttons.c...
compiling OS_DataStructures.c...
compiling OS_Threads.c...
OS_Threads.c(159): warning:  #177-D: variable "head" was declared but never referenced
compiling OS_Time.c...
compiling OS.c...
compiling Lab4Main.c...
compiling Lab2Main.c...
compiling ADC.c...
linking...
Program Size: Code=12758 RO-data=1478 RW-data=220 ZI-data=22852  
"OLED.axf" - 0 Error(s), 1 Warning(s).
Load "Z:\\Dropbox\\EE445M\\Lab4_Prep\\OLED.AXF" 
Connecting: Mode=JTAG, Speed=1000000Hz
Erase Done.
Programming Done.
Verify OK.
Rebuild target 'OLED'
assembling Startup.s...
compiling Output.c...
compiling rit128x96x4.c...
compiling OS_Critical.c...
compiling shell.c...
compiling UART.c...
assembling osasm.s...
assembling PID_stm32.s...
assembling cr4_fft_64_stm32.s...
compiling OS_Buttons.c...
compiling OS_DataStructures.c...
compiling OS_Threads.c...
OS_Threads.c(159): warning:  #177-D: variable "head" was declared but never referenced
compiling OS_Time.c...
compiling OS.c...
compiling Lab4Main.c...
compiling Lab2Main.c...
compiling ADC.c...
linking...
Program Size: Code=12722 RO-data=1478 RW-data=220 ZI-data=22852  
"OLED.axf" - 0 Error(s), 1 Warning(s).
Load "Z:\\Dropbox\\EE445M\\Lab4_Prep\\OLED.AXF" 
Connecting: Mode=JTAG, Speed=1000000Hz
Erase Done.
Programming Done.
Verify OK.
Rebuild target 'OLED'
assembling Startup.s...
compiling Output.c...
compiling rit128x96x4.c...
compiling OS_Critical.c...
compiling shell.c...
compiling UART.c...
assembling osasm.s...
assembling PID_stm32.s...
assembling cr4_fft_64_stm32.s...
compiling OS_Buttons.c...
compiling OS_DataStructures.c...
compiling OS_Threads.c...
OS_Threads.c(159): warning:  #177-D: variable "head" was declared but never referenced
compiling OS_Time.c...
compiling OS.c...
compiling Lab4Main.c...
compiling Lab2Main.c...
compiling ADC.c...
linking...
Program Size: Code=12694 RO-data=1478 RW-data=220 ZI-data=22852  
"OLED.axf" - 0 Error(s), 1 Warning(s).
Load "Z:\\Dropbox\\EE445M\\Lab4_Prep\\OLED.AXF" 
Connecting: Mode=JTAG, Speed=1000000Hz
Erase Done.
Programming Done.
Verify OK.
Load "Z:\\Dropbox\\EE445M\\Lab4_Prep\\OLED.AXF" 
Connecting: Mode=JTAG, Speed=1000000Hz
Erase Done.
Programming Done.
Verify OK.
Rebuild target 'OLED'
assembling Startup.s...
compiling Output.c...
compiling rit128x96x4.c...
compiling OS_Critical.c...
compiling shell.c...
compiling UART.c...
assembling osasm.s...
assembling PID_stm32.s...
assembling cr4_fft_64_stm32.s...
compiling OS_Buttons.c...
compiling OS_DataStructures.c...
compiling OS_Threads.c...
OS_Threads.c(159): warning:  #177-D: variable "head" was declared but never referenced
compiling OS_Time.c...
compiling OS.c...
compiling Lab4Main.c...
compiling Lab2Main.c...
compiling ADC.c...
linking...
Program Size: Code=12730 RO-data=1478 RW-data=220 ZI-data=22852  
"OLED.axf" - 0 Error(s), 1 Warning(s).
Load "Z:\\Dropbox\\EE445M\\Lab4_Prep\\OLED.AXF" 
Connecting: Mode=JTAG, Speed=1000000Hz
Erase Done.
Programming Done.
Verify OK.
Rebuild target 'OLED'
assembling Startup.s...
compiling Output.c...
compiling rit128x96x4.c...
compiling OS_Critical.c...
compiling shell.c...
compiling UART.c...
assembling osasm.s...
assembling PID_stm32.s...
assembling cr4_fft_64_stm32.s...
compiling OS_Buttons.c...
compiling OS_DataStructures.c...
compiling OS_Threads.c...
OS_Threads.c(159): warning:  #177-D: variable "head" was declared but never referenced
compiling OS_Time.c...
compiling OS.c...
compiling Lab4Main.c...
compiling Lab2Main.c...
compiling ADC.c...
linking...
Program Size: Code=12722 RO-data=1478 RW-data=220 ZI-data=22852  
"OLED.axf" - 0 Error(s), 1 Warning(s).
Load "Z:\\Dropbox\\EE445M\\Lab4_Prep\\OLED.AXF" 
Connecting: Mode=JTAG, Speed=1000000Hz
Erase Done.
Programming Done.
Verify OK.
Rebuild target 'OLED'
assembling Startup.s...
compiling Output.c...
compiling rit128x96x4.c...
compiling OS_Critical.c...
compiling shell.c...
compiling UART.c...
assembling osasm.s...
assembling PID_stm32.s...
assembling cr4_fft_64_stm32.s...
compiling OS_Buttons.c...
compiling OS_DataStructures.c...
compiling OS_Threads.c...
OS_Threads.c(159): warning:  #177-D: variable "head" was declared but never referenced
compiling OS_Time.c...
compiling OS.c...
compiling Lab4Main.c...
compiling Lab2Main.c...
compiling ADC.c...
linking...
Program Size: Code=12746 RO-data=1478 RW-data=220 ZI-data=22852  
"OLED.axf" - 0 Error(s), 1 Warning(s).
Load "Z:\\Dropbox\\EE445M\\Lab4_Prep\\OLED.AXF" 
Connecting: Mode=JTAG, Speed=1000000Hz
Erase Done.
Programming Done.
Verify OK.
Rebuild target 'OLED'
assembling Startup.s...
compiling Output.c...
compiling rit128x96x4.c...
compiling OS_Critical.c...
compiling shell.c...
compiling UART.c...
assembling osasm.s...
assembling PID_stm32.s...
assembling cr4_fft_64_stm32.s...
compiling OS_Buttons.c...
compiling OS_DataStructures.c...
compiling OS_Threads.c...
OS_Threads.c(159): warning:  #177-D: variable "head" was declared but never referenced
compiling OS_Time.c...
compiling OS.c...
compiling Lab4Main.c...
compiling Lab2Main.c...
compiling ADC.c...
linking...
Program Size: Code=12746 RO-data=1478 RW-data=220 ZI-data=22852  
"OLED.axf" - 0 Error(s), 1 Warning(s).
Load "Z:\\Dropbox\\EE445M\\Lab4_Prep\\OLED.AXF" 
Connecting: Mode=JTAG, Speed=1000000Hz
Erase Done.
Programming Done.
Verify OK.
Rebuild target 'OLED'
assembling Startup.s...
compiling Output.c...
compiling rit128x96x4.c...
compiling OS_Critical.c...
compiling shell.c...
compiling UART.c...
assembling osasm.s...
assembling PID_stm32.s...
assembling cr4_fft_64_stm32.s...
compiling OS_Buttons.c...
compiling OS_DataStructures.c...
compiling OS_Threads.c...
OS_Threads.c(159): warning:  #177-D: variable "head" was declared but never referenced
compiling OS_Time.c...
compiling OS.c...
compiling Lab4Main.c...
compiling Lab2Main.c...
compiling ADC.c...
linking...
Program Size: Code=12722 RO-data=1478 RW-data=220 ZI-data=22852  
"OLED.axf" - 0 Error(s), 1 Warning(s).
Load "Z:\\Dropbox\\EE445M\\Lab4_Prep\\OLED.AXF" 
Connecting: Mode=JTAG, Speed=1000000Hz
Erase Done.
Programming Done.
Verify OK.
Load "Z:\\Dropbox\\EE445M\\Lab4_Prep\\OLED.AXF" 
Connecting: Mode=JTAG, Speed=1000000Hz
Erase Done.
Programming Done.
Verify OK.
Rebuild target 'OLED'
assembling Startup.s...
compiling Output.c...
compiling rit128x96x4.c...
compiling OS_Critical.c...
compiling shell.c...
compiling UART.c...
assembling osasm.s...
assembling PID_stm32.s...
assembling cr4_fft_64_stm32.s...
compiling OS_Buttons.c...
compiling OS_DataStructures.c...
compiling OS_Threads.c...
OS_Threads.c(159): warning:  #177-D: variable "head" was declared but never referenced
compiling OS_Time.c...
compiling OS.c...
compiling Lab4Main.c...
compiling Lab2Main.c...
compiling ADC.c...
linking...
Program Size: Code=12754 RO-data=1478 RW-data=224 ZI-data=23248  
"OLED.axf" - 0 Error(s), 1 Warning(s).
Load "Z:\\Dropbox\\EE445M\\Lab4_Prep\\OLED.AXF" 
Connecting: Mode=JTAG, Speed=1000000Hz
Erase Done.
Programming Done.
Verify OK.
Rebuild target 'OLED'
assembling Startup.s...
compiling Output.c...
compiling rit128x96x4.c...
compiling OS_Critical.c...
compiling shell.c...
compiling UART.c...
assembling osasm.s...
assembling PID_stm32.s...
assembling cr4_fft_64_stm32.s...
compiling OS_Buttons.c...
compiling OS_DataStructures.c...
compiling OS_Threads.c...
OS_Threads.c(159): warning:  #177-D: variable "head" was declared but never referenced
compiling OS_Time.c...
compiling OS.c...
compiling Lab4Main.c...
compiling Lab2Main.c...
compiling ADC.c...
linking...
Program Size: Code=12758 RO-data=1478 RW-data=224 ZI-data=26848  
"OLED.axf" - 0 Error(s), 1 Warning(s).
Load "Z:\\Dropbox\\EE445M\\Lab4_Prep\\OLED.AXF" 
Connecting: Mode=JTAG, Speed=1000000Hz
Erase Done.
Programming Done.
Verify OK.
Rebuild target 'OLED'
assembling Startup.s...
compiling Output.c...
compiling rit128x96x4.c...
compiling OS_Critical.c...
compiling shell.c...
compiling UART.c...
assembling osasm.s...
assembling PID_stm32.s...
assembling cr4_fft_64_stm32.s...
compiling OS_Buttons.c...
compiling OS_DataStructures.c...
compiling OS_Threads.c...
OS_Threads.c(159): warning:  #177-D: variable "head" was declared but never referenced
compiling OS_Time.c...
compiling OS.c...
compiling Lab4Main.c...
compiling Lab2Main.c...
compiling ADC.c...
linking...
Program Size: Code=12758 RO-data=1478 RW-data=224 ZI-data=26848  
"OLED.axf" - 0 Error(s), 1 Warning(s).
Load "Z:\\Dropbox\\EE445M\\Lab4_Prep\\OLED.AXF" 
Connecting: Mode=JTAG, Speed=1000000Hz
Erase Done.
Programming Done.
Verify OK.
Rebuild target 'OLED'
assembling Startup.s...
compiling Output.c...
compiling rit128x96x4.c...
compiling OS_Critical.c...
compiling shell.c...
compiling UART.c...
assembling osasm.s...
assembling PID_stm32.s...
assembling cr4_fft_64_stm32.s...
compiling OS_Buttons.c...
compiling OS_DataStructures.c...
compiling OS_Threads.c...
OS_Threads.c(159): warning:  #177-D: variable "head" was declared but never referenced
compiling OS_Time.c...
compiling OS.c...
compiling Lab4Main.c...
compiling Lab2Main.c...
compiling ADC.c...
linking...
Program Size: Code=12762 RO-data=1478 RW-data=224 ZI-data=26848  
"OLED.axf" - 0 Error(s), 1 Warning(s).
Load "Z:\\Dropbox\\EE445M\\Lab4_Prep\\OLED.AXF" 
Connecting: Mode=JTAG, Speed=1000000Hz
Erase Done.
Programming Done.
Verify OK.
Rebuild target 'OLED'
assembling Startup.s...
compiling Output.c...
compiling rit128x96x4.c...
compiling OS_Critical.c...
compiling shell.c...
compiling UART.c...
assembling osasm.s...
assembling PID_stm32.s...
assembling cr4_fft_64_stm32.s...
compiling OS_Buttons.c...
compiling OS_DataStructures.c...
compiling OS_Threads.c...
OS_Threads.c(159): warning:  #177-D: variable "head" was declared but never referenced
compiling OS_Time.c...
compiling OS.c...
compiling Lab4Main.c...
compiling Lab2Main.c...
compiling ADC.c...
linking...
Program Size: Code=12758 RO-data=1478 RW-data=224 ZI-data=26848  
"OLED.axf" - 0 Error(s), 1 Warning(s).
Load "Z:\\Dropbox\\EE445M\\Lab4_Prep\\OLED.AXF" 
Connecting: Mode=JTAG, Speed=1000000Hz
Erase Done.
Programming Done.
Verify OK.
Load "Z:\\Dropbox\\EE445M\\Lab4_Prep\\OLED.AXF" 
Connecting: Mode=JTAG, Speed=1000000Hz
Erase Done.
Programming Done.
Verify OK.
Rebuild target 'OLED'
assembling Startup.s...
compiling Output.c...
compiling rit128x96x4.c...
compiling OS_Critical.c...
compiling shell.c...
compiling UART.c...
assembling osasm.s...
assembling PID_stm32.s...
assembling cr4_fft_64_stm32.s...
compiling OS_Buttons.c...
compiling OS_DataStructures.c...
compiling OS_Threads.c...
OS_Threads.c(159): warning:  #177-D: variable "head" was declared but never referenced
compiling OS_Time.c...
compiling OS.c...
compiling Lab4Main.c...
compiling Lab2Main.c...
compiling ADC.c...
linking...
Program Size: Code=12758 RO-data=1478 RW-data=224 ZI-data=26848  
"OLED.axf" - 0 Error(s), 1 Warning(s).
Load "Z:\\Dropbox\\EE445M\\Lab4_Prep\\OLED.AXF" 
Connecting: Mode=JTAG, Speed=1000000Hz
Erase Done.
Programming Done.
Verify OK.
Rebuild target 'OLED'
assembling Startup.s...
compiling Output.c...
compiling rit128x96x4.c...
compiling OS_Critical.c...
compiling shell.c...
compiling UART.c...
assembling osasm.s...
assembling PID_stm32.s...
assembling cr4_fft_64_stm32.s...
compiling OS_Buttons.c...
compiling OS_DataStructures.c...
compiling OS_Threads.c...
OS_Threads.c(159): warning:  #177-D: variable "head" was declared but never referenced
compiling OS_Time.c...
compiling OS.c...
compiling Lab4Main.c...
compiling Lab2Main.c...
compiling ADC.c...
linking...
Program Size: Code=12762 RO-data=1478 RW-data=224 ZI-data=26848  
"OLED.axf" - 0 Error(s), 1 Warning(s).
Load "Z:\\Dropbox\\EE445M\\Lab4_Prep\\OLED.AXF" 
Connecting: Mode=JTAG, Speed=1000000Hz
Erase Done.
Programming Done.
Verify OK.
Rebuild target 'OLED'
assembling Startup.s...
compiling Output.c...
compiling rit128x96x4.c...
compiling OS_Critical.c...
compiling shell.c...
compiling UART.c...
assembling osasm.s...
assembling PID_stm32.s...
assembling cr4_fft_64_stm32.s...
compiling OS_Buttons.c...
compiling OS_DataStructures.c...
compiling OS_Threads.c...
OS_Threads.c(159): warning:  #177-D: variable "head" was declared but never referenced
compiling OS_Time.c...
compiling OS.c...
compiling Lab4Main.c...
compiling Lab2Main.c...
compiling ADC.c...
linking...
Program Size: Code=12762 RO-data=1478 RW-data=224 ZI-data=26848  
"OLED.axf" - 0 Error(s), 1 Warning(s).
Load "Z:\\Dropbox\\EE445M\\Lab4_Prep\\OLED.AXF" 
Connecting: Mode=JTAG, Speed=1000000Hz
Erase Done.
Programming Done.
Verify OK.
Rebuild target 'OLED'
assembling Startup.s...
compiling Output.c...
compiling rit128x96x4.c...
compiling OS_Critical.c...
compiling shell.c...
compiling UART.c...
assembling osasm.s...
assembling PID_stm32.s...
assembling cr4_fft_64_stm32.s...
compiling OS_Buttons.c...
compiling OS_DataStructures.c...
compiling OS_Threads.c...
OS_Threads.c(159): warning:  #177-D: variable "head" was declared but never referenced
compiling OS_Time.c...
compiling OS.c...
compiling Lab4Main.c...
compiling Lab2Main.c...
compiling ADC.c...
linking...
Program Size: Code=12762 RO-data=1478 RW-data=224 ZI-data=26848  
"OLED.axf" - 0 Error(s), 1 Warning(s).
Load "Z:\\Dropbox\\EE445M\\Lab4_Prep\\OLED.AXF" 
Connecting: Mode=JTAG, Speed=1000000Hz
Erase Done.
Programming Done.
Verify OK.
Rebuild target 'OLED'
assembling Startup.s...
compiling Output.c...
compiling rit128x96x4.c...
compiling OS_Critical.c...
compiling shell.c...
compiling UART.c...
assembling osasm.s...
assembling PID_stm32.s...
assembling cr4_fft_64_stm32.s...
compiling OS_Buttons.c...
compiling OS_DataStructures.c...
compiling OS_Threads.c...
OS_Threads.c(159): warning:  #177-D: variable "head" was declared but never referenced
compiling OS_Time.c...
compiling OS.c...
compiling Lab4Main.c...
compiling Lab2Main.c...
compiling ADC.c...
linking...
Program Size: Code=12762 RO-data=1478 RW-data=224 ZI-data=26848  
"OLED.axf" - 0 Error(s), 1 Warning(s).
Load "Z:\\Dropbox\\EE445M\\Lab4_Prep\\OLED.AXF" 
Connecting: Mode=JTAG, Speed=1000000Hz
Erase Done.
Programming Done.
Verify OK.
Rebuild target 'OLED'
assembling Startup.s...
compiling Output.c...
compiling rit128x96x4.c...
compiling OS_Critical.c...
compiling shell.c...
compiling UART.c...
assembling osasm.s...
assembling PID_stm32.s...
assembling cr4_fft_64_stm32.s...
compiling OS_Buttons.c...
compiling OS_DataStructures.c...
compiling OS_Threads.c...
OS_Threads.c(159): warning:  #177-D: variable "head" was declared but never referenced
compiling OS_Time.c...
compiling OS.c...
compiling Lab4Main.c...
compiling Lab2Main.c...
compiling ADC.c...
linking...
Program Size: Code=12802 RO-data=1478 RW-data=224 ZI-data=26848  
"OLED.axf" - 0 Error(s), 1 Warning(s).
Load "Z:\\Dropbox\\EE445M\\Lab4_Prep\\OLED.AXF" 
Connecting: Mode=JTAG, Speed=1000000Hz
Erase Done.
Programming Done.
Verify OK.
Rebuild target 'OLED'
assembling Startup.s...
compiling Output.c...
compiling rit128x96x4.c...
compiling OS_Critical.c...
compiling shell.c...
compiling UART.c...
assembling osasm.s...
assembling PID_stm32.s...
assembling cr4_fft_64_stm32.s...
compiling OS_Buttons.c...
compiling OS_DataStructures.c...
compiling OS_Threads.c...
OS_Threads.c(159): warning:  #177-D: variable "head" was declared but never referenced
compiling OS_Time.c...
compiling OS.c...
compiling Lab4Main.c...
compiling Lab2Main.c...
compiling ADC.c...
linking...
Program Size: Code=12810 RO-data=1478 RW-data=224 ZI-data=26848  
"OLED.axf" - 0 Error(s), 1 Warning(s).
Load "Z:\\Dropbox\\EE445M\\Lab4_Prep\\OLED.AXF" 
Connecting: Mode=JTAG, Speed=1000000Hz
Erase Done.
Programming Done.
Verify OK.
Rebuild target 'OLED'
assembling Startup.s...
compiling Output.c...
compiling rit128x96x4.c...
compiling OS_Critical.c...
compiling shell.c...
compiling UART.c...
assembling osasm.s...
assembling PID_stm32.s...
assembling cr4_fft_64_stm32.s...
compiling OS_Buttons.c...
compiling OS_DataStructures.c...
compiling OS_Threads.c...
OS_Threads.c(159): warning:  #177-D: variable "head" was declared but never referenced
compiling OS_Time.c...
compiling OS.c...
compiling Lab4Main.c...
Lab4Main.c(139): error:  #18: expected a ")"
compiling Lab2Main.c...
compiling ADC.c...
Target not created
Rebuild target 'OLED'
assembling Startup.s...
compiling Output.c...
compiling rit128x96x4.c...
compiling OS_Critical.c...
compiling shell.c...
compiling UART.c...
assembling osasm.s...
assembling PID_stm32.s...
assembling cr4_fft_64_stm32.s...
compiling OS_Buttons.c...
compiling OS_DataStructures.c...
compiling OS_Threads.c...
OS_Threads.c(159): warning:  #177-D: variable "head" was declared but never referenced
compiling OS_Time.c...
compiling OS.c...
compiling Lab4Main.c...
compiling Lab2Main.c...
compiling ADC.c...
linking...
Program Size: Code=12798 RO-data=1478 RW-data=224 ZI-data=26848  
"OLED.axf" - 0 Error(s), 1 Warning(s).
Rebuild target 'OLED'
assembling Startup.s...
compiling Output.c...
compiling rit128x96x4.c...
compiling OS_Critical.c...
compiling shell.c...
compiling UART.c...
assembling osasm.s...
assembling PID_stm32.s...
assembling cr4_fft_64_stm32.s...
compiling OS_Buttons.c...
compiling OS_DataStructures.c...
compiling OS_Threads.c...
OS_Threads.c(159): warning:  #177-D: variable "head" was declared but never referenced
compiling OS_Time.c...
compiling OS.c...
compiling Lab4Main.c...
compiling Lab2Main.c...
compiling ADC.c...
linking...
Program Size: Code=12798 RO-data=1478 RW-data=224 ZI-data=26848  
"OLED.axf" - 0 Error(s), 1 Warning(s).
Load "Z:\\Dropbox\\EE445M\\Lab4_Prep\\OLED.AXF" 
Connecting: Mode=JTAG, Speed=1000000Hz
Erase Done.
Programming Done.
Verify OK.
Rebuild target 'OLED'
assembling Startup.s...
compiling Output.c...
compiling rit128x96x4.c...
compiling OS_Critical.c...
compiling shell.c...
compiling UART.c...
assembling osasm.s...
assembling PID_stm32.s...
assembling cr4_fft_64_stm32.s...
compiling OS_Buttons.c...
compiling OS_DataStructures.c...
compiling OS_Threads.c...
OS_Threads.c(159): warning:  #177-D: variable "head" was declared but never referenced
compiling OS_Time.c...
compiling OS.c...
compiling Lab4Main.c...
Lab4Main.c(19): error:  #147: declaration is incompatible with "double sqrt(double)" (declared at line 328 of "C:\Keil\ARM\ARMCC\bin\..\include\math.h")
compiling Lab2Main.c...
compiling ADC.c...
Target not created
Rebuild target 'OLED'
assembling Startup.s...
compiling Output.c...
compiling rit128x96x4.c...
compiling OS_Critical.c...
compiling shell.c...
compiling UART.c...
assembling osasm.s...
assembling PID_stm32.s...
assembling cr4_fft_64_stm32.s...
compiling OS_Buttons.c...
compiling OS_DataStructures.c...
compiling OS_Threads.c...
OS_Threads.c(159): warning:  #177-D: variable "head" was declared but never referenced
compiling OS_Time.c...
compiling OS.c...
compiling Lab4Main.c...
compiling Lab2Main.c...
compiling ADC.c...
compiling sqrt.c...
linking...
Program Size: Code=12328 RO-data=1476 RW-data=220 ZI-data=26852  
"OLED.axf" - 0 Error(s), 1 Warning(s).
Load "Z:\\Dropbox\\EE445M\\Lab4_Prep\\OLED.AXF" 
Connecting: Mode=JTAG, Speed=1000000Hz
Erase Done.
Programming Done.
Verify OK.
Rebuild target 'OLED'
assembling Startup.s...
compiling Output.c...
compiling rit128x96x4.c...
compiling OS_Critical.c...
compiling shell.c...
compiling UART.c...
assembling osasm.s...
assembling PID_stm32.s...
assembling cr4_fft_64_stm32.s...
compiling OS_Buttons.c...
compiling OS_DataStructures.c...
compiling OS_Threads.c...
OS_Threads.c(159): warning:  #177-D: variable "head" was declared but never referenced
compiling OS_Time.c...
compiling OS.c...
compiling Lab4Main.c...
Lab4Main.c(143): error:  #65: expected a ";"
compiling Lab2Main.c...
compiling ADC.c...
compiling sqrt.c...
Target not created
Rebuild target 'OLED'
assembling Startup.s...
compiling Output.c...
compiling rit128x96x4.c...
compiling OS_Critical.c...
compiling shell.c...
compiling UART.c...
assembling osasm.s...
assembling PID_stm32.s...
assembling cr4_fft_64_stm32.s...
compiling OS_Buttons.c...
compiling OS_DataStructures.c...
compiling OS_Threads.c...
OS_Threads.c(159): warning:  #177-D: variable "head" was declared but never referenced
compiling OS_Time.c...
compiling OS.c...
compiling Lab4Main.c...
compiling Lab2Main.c...
compiling ADC.c...
compiling sqrt.c...
linking...
Program Size: Code=12328 RO-data=1476 RW-data=220 ZI-data=26852  
"OLED.axf" - 0 Error(s), 1 Warning(s).
Load "Z:\\Dropbox\\EE445M\\Lab4_Prep\\OLED.AXF" 
Connecting: Mode=JTAG, Speed=1000000Hz
Erase Done.
Programming Done.
Verify OK.
Rebuild target 'OLED'
assembling Startup.s...
compiling Output.c...
compiling rit128x96x4.c...
compiling OS_Critical.c...
compiling shell.c...
compiling UART.c...
assembling osasm.s...
assembling PID_stm32.s...
assembling cr4_fft_64_stm32.s...
compiling OS_Buttons.c...
compiling OS_DataStructures.c...
compiling OS_Threads.c...
OS_Threads.c(159): warning:  #177-D: variable "head" was declared but never referenced
compiling OS_Time.c...
compiling OS.c...
compiling Lab4Main.c...
compiling Lab2Main.c...
compiling ADC.c...
compiling sqrt.c...
linking...
Program Size: Code=12328 RO-data=1476 RW-data=220 ZI-data=26852  
"OLED.axf" - 0 Error(s), 1 Warning(s).
Load "Z:\\Dropbox\\EE445M\\Lab4_Prep\\OLED.AXF" 
Connecting: Mode=JTAG, Speed=1000000Hz
Erase Done.
Programming Done.
Verify OK.
Rebuild target 'OLED'
assembling Startup.s...
compiling Output.c...
compiling rit128x96x4.c...
compiling OS_Critical.c...
compiling shell.c...
compiling UART.c...
assembling osasm.s...
assembling PID_stm32.s...
assembling cr4_fft_64_stm32.s...
compiling OS_Buttons.c...
compiling OS_DataStructures.c...
compiling OS_Threads.c...
OS_Threads.c(159): warning:  #177-D: variable "head" was declared but never referenced
compiling OS_Time.c...
compiling OS.c...
compiling Lab4Main.c...
compiling Lab2Main.c...
compiling ADC.c...
compiling sqrt.c...
linking...
Program Size: Code=12332 RO-data=1476 RW-data=220 ZI-data=28772  
"OLED.axf" - 0 Error(s), 1 Warning(s).
Load "Z:\\Dropbox\\EE445M\\Lab4_Prep\\OLED.AXF" 
Connecting: Mode=JTAG, Speed=1000000Hz
Erase Done.
Programming Done.
Verify OK.
Rebuild target 'OLED'
assembling Startup.s...
compiling Output.c...
compiling rit128x96x4.c...
compiling OS_Critical.c...
compiling shell.c...
compiling UART.c...
assembling osasm.s...
assembling PID_stm32.s...
assembling cr4_fft_64_stm32.s...
compiling OS_Buttons.c...
compiling OS_DataStructures.c...
compiling OS_Threads.c...
OS_Threads.c(159): warning:  #177-D: variable "head" was declared but never referenced
compiling OS_Time.c...
compiling OS.c...
compiling Lab4Main.c...
compiling Lab2Main.c...
compiling ADC.c...
compiling sqrt.c...
linking...
Program Size: Code=12332 RO-data=1476 RW-data=220 ZI-data=27236  
"OLED.axf" - 0 Error(s), 1 Warning(s).
Load "Z:\\Dropbox\\EE445M\\Lab4_Prep\\OLED.AXF" 
Connecting: Mode=JTAG, Speed=1000000Hz
Erase Done.
Programming Done.
Verify OK.
Rebuild target 'OLED'
assembling Startup.s...
compiling Output.c...
compiling rit128x96x4.c...
compiling OS_Critical.c...
compiling shell.c...
compiling UART.c...
assembling osasm.s...
assembling PID_stm32.s...
assembling cr4_fft_64_stm32.s...
compiling OS_Buttons.c...
compiling OS_DataStructures.c...
compiling OS_Threads.c...
OS_Threads.c(159): warning:  #177-D: variable "head" was declared but never referenced
compiling OS_Time.c...
compiling OS.c...
compiling Lab4Main.c...
compiling Lab2Main.c...
compiling ADC.c...
compiling sqrt.c...
linking...
Program Size: Code=12332 RO-data=1476 RW-data=220 ZI-data=27236  
"OLED.axf" - 0 Error(s), 1 Warning(s).
Load "Z:\\Dropbox\\EE445M\\Lab4_Prep\\OLED.AXF" 
Connecting: Mode=JTAG, Speed=1000000Hz
Erase Done.
Programming Done.
Verify OK.
Rebuild target 'OLED'
assembling Startup.s...
compiling Output.c...
compiling rit128x96x4.c...
compiling OS_Critical.c...
compiling shell.c...
compiling UART.c...
assembling osasm.s...
assembling PID_stm32.s...
assembling cr4_fft_64_stm32.s...
compiling OS_Buttons.c...
compiling OS_DataStructures.c...
compiling OS_Threads.c...
OS_Threads.c(159): warning:  #177-D: variable "head" was declared but never referenced
compiling OS_Time.c...
compiling OS.c...
compiling Lab4Main.c...
compiling Lab2Main.c...
compiling ADC.c...
compiling sqrt.c...
linking...
Program Size: Code=12340 RO-data=1476 RW-data=220 ZI-data=27236  
"OLED.axf" - 0 Error(s), 1 Warning(s).
Load "Z:\\Dropbox\\EE445M\\Lab4_Prep\\OLED.AXF" 
Connecting: Mode=JTAG, Speed=1000000Hz
Erase Done.
Programming Done.
Verify OK.
Rebuild target 'OLED'
assembling Startup.s...
compiling Output.c...
compiling rit128x96x4.c...
compiling OS_Critical.c...
compiling shell.c...
compiling UART.c...
assembling osasm.s...
assembling PID_stm32.s...
assembling cr4_fft_64_stm32.s...
compiling OS_Buttons.c...
compiling OS_DataStructures.c...
compiling OS_Threads.c...
OS_Threads.c(159): warning:  #177-D: variable "head" was declared but never referenced
compiling OS_Time.c...
compiling OS.c...
compiling Lab4Main.c...
compiling Lab2Main.c...
compiling ADC.c...
compiling sqrt.c...
linking...
Program Size: Code=12340 RO-data=1476 RW-data=220 ZI-data=27236  
"OLED.axf" - 0 Error(s), 1 Warning(s).
Load "Z:\\Dropbox\\EE445M\\Lab4_Prep\\OLED.AXF" 
Connecting: Mode=JTAG, Speed=1000000Hz
Erase Done.
Programming Done.
Verify OK.
Rebuild target 'OLED'
assembling Startup.s...
compiling Output.c...
compiling rit128x96x4.c...
compiling OS_Critical.c...
compiling shell.c...
compiling UART.c...
assembling osasm.s...
assembling PID_stm32.s...
assembling cr4_fft_64_stm32.s...
compiling OS_Buttons.c...
compiling OS_DataStructures.c...
compiling OS_Threads.c...
OS_Threads.c(159): warning:  #177-D: variable "head" was declared but never referenced
compiling OS_Time.c...
compiling OS.c...
compiling Lab4Main.c...
compiling Lab2Main.c...
compiling ADC.c...
compiling sqrt.c...
linking...
Program Size: Code=12340 RO-data=1476 RW-data=220 ZI-data=27236  
"OLED.axf" - 0 Error(s), 1 Warning(s).
Load "Z:\\Dropbox\\EE445M\\Lab4_Prep\\OLED.AXF" 
Connecting: Mode=JTAG, Speed=1000000Hz
Erase Done.
Programming Done.
Verify OK.
Rebuild target 'OLED'
assembling Startup.s...
compiling Output.c...
compiling rit128x96x4.c...
compiling OS_Critical.c...
compiling shell.c...
compiling UART.c...
assembling osasm.s...
assembling PID_stm32.s...
assembling cr4_fft_64_stm32.s...
compiling OS_Buttons.c...
compiling OS_DataStructures.c...
compiling OS_Threads.c...
OS_Threads.c(159): warning:  #177-D: variable "head" was declared but never referenced
compiling OS_Time.c...
compiling OS.c...
compiling Lab4Main.c...
compiling Lab2Main.c...
compiling ADC.c...
compiling sqrt.c...
linking...
Program Size: Code=12340 RO-data=1476 RW-data=220 ZI-data=27236  
"OLED.axf" - 0 Error(s), 1 Warning(s).
Load "Z:\\Dropbox\\EE445M\\Lab4_Prep\\OLED.AXF" 
Connecting: Mode=JTAG, Speed=1000000Hz
Erase Done.
Programming Done.
Verify OK.
Rebuild target 'OLED'
assembling Startup.s...
compiling Output.c...
compiling rit128x96x4.c...
compiling OS_Critical.c...
compiling shell.c...
compiling UART.c...
assembling osasm.s...
assembling PID_stm32.s...
assembling cr4_fft_64_stm32.s...
compiling OS_Buttons.c...
compiling OS_DataStructures.c...
compiling OS_Threads.c...
OS_Threads.c(159): warning:  #177-D: variable "head" was declared but never referenced
compiling OS_Time.c...
compiling OS.c...
compiling Lab4Main.c...
compiling Lab2Main.c...
compiling ADC.c...
compiling sqrt.c...
linking...
Program Size: Code=12340 RO-data=1476 RW-data=220 ZI-data=27236  
"OLED.axf" - 0 Error(s), 1 Warning(s).
Load "Z:\\Dropbox\\EE445M\\Lab4_Prep\\OLED.AXF" 
Connecting: Mode=JTAG, Speed=1000000Hz
Erase Done.
Programming Done.
Verify OK.
Rebuild target 'OLED'
assembling Startup.s...
compiling Output.c...
compiling rit128x96x4.c...
compiling OS_Critical.c...
compiling shell.c...
compiling UART.c...
assembling osasm.s...
assembling PID_stm32.s...
assembling cr4_fft_64_stm32.s...
compiling OS_Buttons.c...
compiling OS_DataStructures.c...
compiling OS_Threads.c...
OS_Threads.c(159): warning:  #177-D: variable "head" was declared but never referenced
compiling OS_Time.c...
compiling OS.c...
compiling Lab4Main.c...
compiling Lab2Main.c...
compiling ADC.c...
compiling sqrt.c...
linking...
OLED.axf: Error: L6218E: Undefined symbol ADC_ChangeTriggerMode (referred from shell.o).
Target not created
Rebuild target 'OLED'
assembling Startup.s...
compiling Output.c...
compiling rit128x96x4.c...
compiling OS_Critical.c...
compiling shell.c...
compiling UART.c...
assembling osasm.s...
assembling PID_stm32.s...
assembling cr4_fft_64_stm32.s...
compiling OS_Buttons.c...
compiling OS_DataStructures.c...
compiling OS_Threads.c...
OS_Threads.c(159): warning:  #177-D: variable "head" was declared but never referenced
compiling OS_Time.c...
compiling OS.c...
compiling Lab4Main.c...
compiling Lab2Main.c...
compiling ADC.c...
compiling sqrt.c...
linking...
Program Size: Code=12348 RO-data=1476 RW-data=220 ZI-data=27236  
"OLED.axf" - 0 Error(s), 1 Warning(s).
Load "Z:\\Dropbox\\EE445M\\Lab4_Prep\\OLED.AXF" 
Connecting: Mode=JTAG, Speed=1000000Hz
Erase Done.
Programming Done.
Verify OK.
