<html>
<body>
<pre>
<h1>µVision Build Log</h1>
<h2>Project:</h2>
C:\Users\Rohith\Dropbox\EE445M\Lab4_Prep\Lab2.uvproj
Project File Date:  03/17/2013

<h2>Output:</h2>
Rebuild target 'OLED'
assembling Startup.s...
compiling Output.c...
compiling rit128x96x4.c...
compiling OS_Critical.c...
compiling shell.c...
compiling UART.c...
assembling osasm.s...
compiling ADC.c...
assembling PID_stm32.s...
assembling cr4_fft_64_stm32.s...
compiling OS_Buttons.c...
compiling OS_DataStructures.c...
compiling OS_Threads.c...
OS_Threads.c(159): warning:  #177-D: variable "head" was declared but never referenced
compiling OS_Time.c...
compiling OS.c...
compiling Lab4Main.c...
compiling Lab2Main.c...
linking...
Program Size: Code=9878 RO-data=966 RW-data=156 ZI-data=15292  
"OLED.axf" - 0 Error(s), 1 Warning(s).
Rebuild target 'OLED'
assembling Startup.s...
compiling Output.c...
compiling rit128x96x4.c...
compiling OS_Critical.c...
compiling shell.c...
compiling UART.c...
assembling osasm.s...
compiling ADC.c...
assembling PID_stm32.s...
assembling cr4_fft_64_stm32.s...
compiling OS_Buttons.c...
compiling OS_DataStructures.c...
compiling OS_Threads.c...
OS_Threads.c(159): warning:  #177-D: variable "head" was declared but never referenced
compiling OS_Time.c...
compiling OS.c...
compiling Lab4Main.c...
compiling Lab2Main.c...
linking...
Program Size: Code=12742 RO-data=1478 RW-data=192 ZI-data=19768  
"OLED.axf" - 0 Error(s), 1 Warning(s).
Rebuild target 'OLED'
assembling Startup.s...
compiling Output.c...
compiling rit128x96x4.c...
compiling OS_Critical.c...
compiling shell.c...
compiling UART.c...
assembling osasm.s...
compiling ADC.c...
assembling PID_stm32.s...
assembling cr4_fft_64_stm32.s...
compiling OS_Buttons.c...
compiling OS_DataStructures.c...
compiling OS_Threads.c...
OS_Threads.c(159): warning:  #177-D: variable "head" was declared but never referenced
compiling OS_Time.c...
compiling OS.c...
compiling Lab4Main.c...
compiling Lab2Main.c...
linking...
Program Size: Code=12766 RO-data=1478 RW-data=192 ZI-data=19768  
"OLED.axf" - 0 Error(s), 1 Warning(s).
Rebuild target 'OLED'
assembling Startup.s...
compiling Output.c...
compiling rit128x96x4.c...
compiling OS_Critical.c...
compiling shell.c...
compiling UART.c...
assembling osasm.s...
compiling ADC.c...
assembling PID_stm32.s...
assembling cr4_fft_64_stm32.s...
compiling OS_Buttons.c...
compiling OS_DataStructures.c...
compiling OS_Threads.c...
OS_Threads.c(159): warning:  #177-D: variable "head" was declared but never referenced
compiling OS_Time.c...
compiling OS.c...
compiling Lab4Main.c...
Lab4Main.c(77): warning:  #177-D: variable "str" was declared but never referenced
compiling Lab2Main.c...
linking...
Program Size: Code=12742 RO-data=1478 RW-data=192 ZI-data=19768  
"OLED.axf" - 0 Error(s), 2 Warning(s).
Rebuild target 'OLED'
assembling Startup.s...
compiling Output.c...
compiling rit128x96x4.c...
compiling OS_Critical.c...
compiling shell.c...
compiling UART.c...
assembling osasm.s...
compiling ADC.c...
assembling PID_stm32.s...
assembling cr4_fft_64_stm32.s...
compiling OS_Buttons.c...
compiling OS_DataStructures.c...
compiling OS_Threads.c...
OS_Threads.c(159): warning:  #177-D: variable "head" was declared but never referenced
compiling OS_Time.c...
compiling OS.c...
compiling Lab4Main.c...
Lab4Main.c(77): warning:  #177-D: variable "str" was declared but never referenced
compiling Lab2Main.c...
linking...
Program Size: Code=12774 RO-data=1478 RW-data=196 ZI-data=19772  
"OLED.axf" - 0 Error(s), 2 Warning(s).
Rebuild target 'OLED'
assembling Startup.s...
compiling Output.c...
compiling rit128x96x4.c...
compiling OS_Critical.c...
compiling shell.c...
compiling UART.c...
assembling osasm.s...
compiling ADC.c...
assembling PID_stm32.s...
assembling cr4_fft_64_stm32.s...
compiling OS_Buttons.c...
compiling OS_DataStructures.c...
compiling OS_Threads.c...
OS_Threads.c(159): warning:  #177-D: variable "head" was declared but never referenced
compiling OS_Time.c...
compiling OS.c...
compiling Lab4Main.c...
Lab4Main.c(77): warning:  #177-D: variable "str" was declared but never referenced
compiling Lab2Main.c...
linking...
Program Size: Code=12758 RO-data=1478 RW-data=192 ZI-data=19768  
"OLED.axf" - 0 Error(s), 2 Warning(s).
Rebuild target 'OLED'
assembling Startup.s...
compiling Output.c...
compiling rit128x96x4.c...
compiling OS_Critical.c...
compiling shell.c...
compiling UART.c...
assembling osasm.s...
compiling ADC.c...
assembling PID_stm32.s...
assembling cr4_fft_64_stm32.s...
compiling OS_Buttons.c...
compiling OS_DataStructures.c...
compiling OS_Threads.c...
OS_Threads.c(159): warning:  #177-D: variable "head" was declared but never referenced
compiling OS_Time.c...
compiling OS.c...
compiling Lab4Main.c...
Lab4Main.c(77): warning:  #177-D: variable "str" was declared but never referenced
compiling Lab2Main.c...
linking...
Program Size: Code=12758 RO-data=1478 RW-data=192 ZI-data=19768  
"OLED.axf" - 0 Error(s), 2 Warning(s).
Load "C:\\Users\\Rohith\\Dropbox\\EE445M\\Lab4_Prep\\OLED.AXF" 
Connecting: Mode=JTAG, Speed=1000000Hz
Erase Done.
Programming Done.
Verify OK.
Rebuild target 'OLED'
assembling Startup.s...
compiling Output.c...
compiling rit128x96x4.c...
compiling OS_Critical.c...
compiling shell.c...
compiling UART.c...
assembling osasm.s...
compiling ADC.c...
assembling PID_stm32.s...
assembling cr4_fft_64_stm32.s...
compiling OS_Buttons.c...
compiling OS_DataStructures.c...
compiling OS_Threads.c...
OS_Threads.c(159): warning:  #177-D: variable "head" was declared but never referenced
compiling OS_Time.c...
compiling OS.c...
compiling Lab4Main.c...
Lab4Main.c(77): warning:  #177-D: variable "str" was declared but never referenced
Lab4Main.c(78): warning:  #550-D: variable "data" was set but never used
compiling Lab2Main.c...
linking...
Program Size: Code=12746 RO-data=1478 RW-data=192 ZI-data=19768  
"OLED.axf" - 0 Error(s), 3 Warning(s).
Load "C:\\Users\\Rohith\\Dropbox\\EE445M\\Lab4_Prep\\OLED.AXF" 
Connecting: Mode=JTAG, Speed=1000000Hz
Erase Done.
Programming Done.
Verify OK.
Rebuild target 'OLED'
assembling Startup.s...
compiling Output.c...
compiling rit128x96x4.c...
compiling OS_Critical.c...
compiling shell.c...
compiling UART.c...
assembling osasm.s...
compiling ADC.c...
assembling PID_stm32.s...
assembling cr4_fft_64_stm32.s...
compiling OS_Buttons.c...
compiling OS_DataStructures.c...
compiling OS_Threads.c...
OS_Threads.c(159): warning:  #177-D: variable "head" was declared but never referenced
compiling OS_Time.c...
compiling OS.c...
compiling Lab4Main.c...
Lab4Main.c(79): warning:  #177-D: variable "num" was declared but never referenced
compiling Lab2Main.c...
linking...
Program Size: Code=12746 RO-data=1478 RW-data=192 ZI-data=19768  
"OLED.axf" - 0 Error(s), 2 Warning(s).
Load "C:\\Users\\Rohith\\Dropbox\\EE445M\\Lab4_Prep\\OLED.AXF" 
Connecting: Mode=JTAG, Speed=1000000Hz
Erase Done.
Programming Done.
Verify OK.
Build target 'OLED'
compiling Lab4Main.c...
Lab4Main.c(79): warning:  #177-D: variable "num" was declared but never referenced
linking...
Program Size: Code=12730 RO-data=1478 RW-data=192 ZI-data=19768  
"OLED.axf" - 0 Error(s), 1 Warning(s).
Rebuild target 'OLED'
assembling Startup.s...
compiling Output.c...
compiling rit128x96x4.c...
compiling OS_Critical.c...
compiling shell.c...
compiling UART.c...
assembling osasm.s...
compiling ADC.c...
assembling PID_stm32.s...
assembling cr4_fft_64_stm32.s...
compiling OS_Buttons.c...
compiling OS_DataStructures.c...
compiling OS_Threads.c...
OS_Threads.c(159): warning:  #177-D: variable "head" was declared but never referenced
compiling OS_Time.c...
compiling OS.c...
compiling Lab4Main.c...
Lab4Main.c(79): warning:  #177-D: variable "num" was declared but never referenced
compiling Lab2Main.c...
linking...
Program Size: Code=12730 RO-data=1478 RW-data=192 ZI-data=19768  
"OLED.axf" - 0 Error(s), 2 Warning(s).
Load "C:\\Users\\Rohith\\Dropbox\\EE445M\\Lab4_Prep\\OLED.AXF" 
Connecting: Mode=JTAG, Speed=1000000Hz
Erase Done.
Programming Done.
Verify OK.
Rebuild target 'OLED'
assembling Startup.s...
compiling Output.c...
compiling rit128x96x4.c...
compiling OS_Critical.c...
compiling shell.c...
compiling UART.c...
assembling osasm.s...
compiling ADC.c...
assembling PID_stm32.s...
assembling cr4_fft_64_stm32.s...
compiling OS_Buttons.c...
compiling OS_DataStructures.c...
compiling OS_Threads.c...
OS_Threads.c(159): warning:  #177-D: variable "head" was declared but never referenced
compiling OS_Time.c...
compiling OS.c...
compiling Lab4Main.c...
Lab4Main.c(79): warning:  #177-D: variable "num" was declared but never referenced
compiling Lab2Main.c...
linking...
Program Size: Code=12746 RO-data=1478 RW-data=192 ZI-data=19768  
"OLED.axf" - 0 Error(s), 2 Warning(s).
Load "C:\\Users\\Rohith\\Dropbox\\EE445M\\Lab4_Prep\\OLED.AXF" 
Connecting: Mode=JTAG, Speed=1000000Hz
Erase Done.
Programming Done.
Verify OK.
Rebuild target 'OLED'
assembling Startup.s...
compiling Output.c...
compiling rit128x96x4.c...
compiling OS_Critical.c...
compiling shell.c...
compiling UART.c...
assembling osasm.s...
compiling ADC.c...
assembling PID_stm32.s...
assembling cr4_fft_64_stm32.s...
compiling OS_Buttons.c...
compiling OS_DataStructures.c...
compiling OS_Threads.c...
OS_Threads.c(159): warning:  #177-D: variable "head" was declared but never referenced
compiling OS_Time.c...
compiling OS.c...
compiling Lab4Main.c...
Lab4Main.c(79): warning:  #177-D: variable "num" was declared but never referenced
compiling Lab2Main.c...
linking...
OLED.axf: Error: L6218E: Undefined symbol RIT128x96x4DecOut2 (referred from rit128x96x4.o).
OLED.axf: Error: L6218E: Undefined symbol _OLED_Message (referred from lab4main.o).
Target not created
Load "C:\\Users\\Rohith\\Dropbox\\EE445M\\Lab4_Prep\\OLED.AXF" 
_____^
*** error 56: cannot open file
Load "C:\\Users\\Rohith\\Dropbox\\EE445M\\Lab4_Prep\\OLED.AXF" 
_____^
*** error 56: cannot open file
Rebuild target 'OLED'
assembling Startup.s...
compiling Output.c...
compiling rit128x96x4.c...
rit128x96x4.c(1160): warning:  #223-D: function "RIT128x96x4DecOut2" declared implicitly
compiling OS_Critical.c...
compiling shell.c...
compiling UART.c...
assembling osasm.s...
compiling ADC.c...
assembling PID_stm32.s...
assembling cr4_fft_64_stm32.s...
compiling OS_Buttons.c...
compiling OS_DataStructures.c...
compiling OS_Threads.c...
OS_Threads.c(159): warning:  #177-D: variable "head" was declared but never referenced
compiling OS_Time.c...
compiling OS.c...
compiling Lab4Main.c...
Lab4Main.c(79): warning:  #177-D: variable "num" was declared but never referenced
compiling Lab2Main.c...
linking...
OLED.axf: Error: L6218E: Undefined symbol RIT128x96x4DecOut2 (referred from rit128x96x4.o).
OLED.axf: Error: L6218E: Undefined symbol _OLED_Message (referred from lab4main.o).
Target not created
Rebuild target 'OLED'
assembling Startup.s...
compiling Output.c...
compiling rit128x96x4.c...
rit128x96x4.c(58): error:  #147-D: declaration is incompatible with "void _OLED_Message(int, unsigned int, const char *, unsigned char)" (declared at line 67 of "rit128x96x4.h")
rit128x96x4.c(108): error:  #167: argument of type "int" is incompatible with parameter of type "const char *"
rit128x96x4.c(108): error:  #167: argument of type "char *" is incompatible with parameter of type "int"
rit128x96x4.c(108): error:  #140: too many arguments in function call
rit128x96x4.c(108): error:  #167: argument of type "int" is incompatible with parameter of type "const char *"
rit128x96x4.c(108): error:  #167: argument of type "char *" is incompatible with parameter of type "int"
rit128x96x4.c(108): error:  #140: too many arguments in function call
rit128x96x4.c(115): error:  #167: argument of type "int" is incompatible with parameter of type "const char *"
rit128x96x4.c(115): error:  #167: argument of type "char *" is incompatible with parameter of type "int"
rit128x96x4.c(115): error:  #140: too many arguments in function call
rit128x96x4.c(131): error:  #247: function "_OLED_Message" has already been defined
rit128x96x4.c(1160): warning:  #223-D: function "RIT128x96x4DecOut2" declared implicitly
compiling OS_Critical.c...
compiling shell.c...
compiling UART.c...
assembling osasm.s...
compiling ADC.c...
assembling PID_stm32.s...
assembling cr4_fft_64_stm32.s...
compiling OS_Buttons.c...
compiling OS_DataStructures.c...
compiling OS_Threads.c...
OS_Threads.c(159): warning:  #177-D: variable "head" was declared but never referenced
compiling OS_Time.c...
compiling OS.c...
compiling Lab4Main.c...
Lab4Main.c(79): warning:  #177-D: variable "num" was declared but never referenced
compiling Lab2Main.c...
Target not created
Rebuild target 'OLED'
assembling Startup.s...
compiling Output.c...
compiling rit128x96x4.c...
rit128x96x4.c(1160): warning:  #223-D: function "RIT128x96x4DecOut2" declared implicitly
compiling OS_Critical.c...
compiling shell.c...
compiling UART.c...
assembling osasm.s...
compiling ADC.c...
assembling PID_stm32.s...
assembling cr4_fft_64_stm32.s...
compiling OS_Buttons.c...
compiling OS_DataStructures.c...
compiling OS_Threads.c...
OS_Threads.c(159): warning:  #177-D: variable "head" was declared but never referenced
compiling OS_Time.c...
compiling OS.c...
compiling Lab4Main.c...
Lab4Main.c(79): warning:  #177-D: variable "num" was declared but never referenced
compiling Lab2Main.c...
linking...
OLED.axf: Error: L6218E: Undefined symbol RIT128x96x4DecOut2 (referred from rit128x96x4.o).
Target not created
Rebuild target 'OLED'
assembling Startup.s...
compiling Output.c...
compiling rit128x96x4.c...
rit128x96x4.c(1089): warning:  #223-D: function "Int2Str2" declared implicitly
rit128x96x4.c(1103): error:  #159: declaration is incompatible with previous "Int2Str2" (declared at line 1089)
compiling OS_Critical.c...
compiling shell.c...
compiling UART.c...
assembling osasm.s...
compiling ADC.c...
assembling PID_stm32.s...
assembling cr4_fft_64_stm32.s...
compiling OS_Buttons.c...
compiling OS_DataStructures.c...
compiling OS_Threads.c...
OS_Threads.c(159): warning:  #177-D: variable "head" was declared but never referenced
compiling OS_Time.c...
compiling OS.c...
compiling Lab4Main.c...
Lab4Main.c(79): warning:  #177-D: variable "num" was declared but never referenced
compiling Lab2Main.c...
Target not created
Rebuild target 'OLED'
assembling Startup.s...
compiling Output.c...
compiling rit128x96x4.c...
compiling OS_Critical.c...
compiling shell.c...
compiling UART.c...
assembling osasm.s...
compiling ADC.c...
assembling PID_stm32.s...
assembling cr4_fft_64_stm32.s...
compiling OS_Buttons.c...
compiling OS_DataStructures.c...
compiling OS_Threads.c...
OS_Threads.c(159): warning:  #177-D: variable "head" was declared but never referenced
compiling OS_Time.c...
compiling OS.c...
compiling Lab4Main.c...
Lab4Main.c(79): warning:  #177-D: variable "num" was declared but never referenced
compiling Lab2Main.c...
linking...
Program Size: Code=11176 RO-data=1476 RW-data=200 ZI-data=19768  
"OLED.axf" - 0 Error(s), 2 Warning(s).
Load "C:\\Users\\Rohith\\Dropbox\\EE445M\\Lab4_Prep\\OLED.AXF" 
Connecting: Mode=JTAG, Speed=1000000Hz
Erase Done.
Programming Done.
Verify OK.
Rebuild target 'OLED'
assembling Startup.s...
compiling Output.c...
compiling rit128x96x4.c...
compiling OS_Critical.c...
compiling shell.c...
compiling UART.c...
assembling osasm.s...
compiling ADC.c...
assembling PID_stm32.s...
assembling cr4_fft_64_stm32.s...
compiling OS_Buttons.c...
compiling OS_DataStructures.c...
compiling OS_Threads.c...
OS_Threads.c(159): warning:  #177-D: variable "head" was declared but never referenced
compiling OS_Time.c...
compiling OS.c...
compiling Lab4Main.c...
compiling Lab2Main.c...
linking...
Program Size: Code=11188 RO-data=1476 RW-data=200 ZI-data=19768  
"OLED.axf" - 0 Error(s), 1 Warning(s).
Load "C:\\Users\\Rohith\\Dropbox\\EE445M\\Lab4_Prep\\OLED.AXF" 
Connecting: Mode=JTAG, Speed=1000000Hz
Erase Done.
Programming Done.
Verify OK.
Rebuild target 'OLED'
assembling Startup.s...
compiling Output.c...
compiling rit128x96x4.c...
compiling OS_Critical.c...
compiling shell.c...
compiling UART.c...
assembling osasm.s...
compiling ADC.c...
assembling PID_stm32.s...
assembling cr4_fft_64_stm32.s...
compiling OS_Buttons.c...
compiling OS_DataStructures.c...
compiling OS_Threads.c...
OS_Threads.c(159): warning:  #177-D: variable "head" was declared but never referenced
compiling OS_Time.c...
compiling OS.c...
compiling Lab4Main.c...
compiling Lab2Main.c...
linking...
Program Size: Code=11188 RO-data=1476 RW-data=200 ZI-data=19768  
"OLED.axf" - 0 Error(s), 1 Warning(s).
Load "C:\\Users\\Rohith\\Dropbox\\EE445M\\Lab4_Prep\\OLED.AXF" 
Connecting: Mode=JTAG, Speed=1000000Hz
Erase Done.
Programming Done.
Verify OK.
Rebuild target 'OLED'
assembling Startup.s...
compiling Output.c...
compiling rit128x96x4.c...
compiling OS_Critical.c...
compiling shell.c...
compiling UART.c...
assembling osasm.s...
compiling ADC.c...
assembling PID_stm32.s...
assembling cr4_fft_64_stm32.s...
compiling OS_Buttons.c...
compiling OS_DataStructures.c...
compiling OS_Threads.c...
OS_Threads.c(159): warning:  #177-D: variable "head" was declared but never referenced
compiling OS_Time.c...
compiling OS.c...
compiling Lab4Main.c...
Lab4Main.c(98): warning:  #223-D: function "cr4_fft_64_stm32" declared implicitly
compiling Lab2Main.c...
compiling sqrt.c...
linking...
Program Size: Code=11948 RO-data=1476 RW-data=200 ZI-data=19768  
"OLED.axf" - 0 Error(s), 2 Warning(s).
Rebuild target 'OLED'
assembling Startup.s...
compiling Output.c...
compiling rit128x96x4.c...
compiling OS_Critical.c...
compiling shell.c...
compiling UART.c...
assembling osasm.s...
compiling ADC.c...
assembling PID_stm32.s...
assembling cr4_fft_64_stm32.s...
compiling OS_Buttons.c...
compiling OS_DataStructures.c...
compiling OS_Threads.c...
OS_Threads.c(159): warning:  #177-D: variable "head" was declared but never referenced
compiling OS_Time.c...
compiling OS.c...
compiling Lab4Main.c...
Lab4Main.c(99): warning:  #223-D: function "cr4_fft_64_stm32" declared implicitly
Lab4Main.c(104): error:  #31: expression must have integral type
Lab4Main.c(105): error:  #31: expression must have integral type
Lab4Main.c(106): warning:  #223-D: function "sqrt" declared implicitly
compiling Lab2Main.c...
compiling sqrt.c...
Target not created
Rebuild target 'OLED'
assembling Startup.s...
compiling Output.c...
compiling rit128x96x4.c...
compiling OS_Critical.c...
compiling shell.c...
compiling UART.c...
assembling osasm.s...
compiling ADC.c...
assembling PID_stm32.s...
assembling cr4_fft_64_stm32.s...
compiling OS_Buttons.c...
compiling OS_DataStructures.c...
compiling OS_Threads.c...
OS_Threads.c(159): warning:  #177-D: variable "head" was declared but never referenced
compiling OS_Time.c...
compiling OS.c...
compiling Lab4Main.c...
Lab4Main.c(99): warning:  #223-D: function "cr4_fft_64_stm32" declared implicitly
Lab4Main.c(106): warning:  #223-D: function "sqrt" declared implicitly
compiling Lab2Main.c...
compiling sqrt.c...
linking...
Program Size: Code=12048 RO-data=1476 RW-data=200 ZI-data=19768  
"OLED.axf" - 0 Error(s), 3 Warning(s).
Rebuild target 'OLED'
assembling Startup.s...
compiling Output.c...
compiling rit128x96x4.c...
compiling OS_Critical.c...
compiling shell.c...
compiling UART.c...
assembling osasm.s...
compiling ADC.c...
assembling PID_stm32.s...
assembling cr4_fft_64_stm32.s...
compiling OS_Buttons.c...
compiling OS_DataStructures.c...
compiling OS_Threads.c...
OS_Threads.c(159): warning:  #177-D: variable "head" was declared but never referenced
compiling OS_Time.c...
compiling OS.c...
compiling Lab4Main.c...
Lab4Main.c(108): warning:  #223-D: function "sqrt" declared implicitly
compiling Lab2Main.c...
compiling sqrt.c...
linking...
Program Size: Code=12048 RO-data=1476 RW-data=200 ZI-data=19768  
"OLED.axf" - 0 Error(s), 2 Warning(s).
Rebuild target 'OLED'
assembling Startup.s...
compiling Output.c...
compiling rit128x96x4.c...
compiling OS_Critical.c...
compiling shell.c...
compiling UART.c...
assembling osasm.s...
compiling ADC.c...
assembling PID_stm32.s...
assembling cr4_fft_64_stm32.s...
compiling OS_Buttons.c...
compiling OS_DataStructures.c...
compiling OS_Threads.c...
OS_Threads.c(159): warning:  #177-D: variable "head" was declared but never referenced
compiling OS_Time.c...
compiling OS.c...
compiling Lab4Main.c...
compiling Lab2Main.c...
compiling sqrt.c...
linking...
Program Size: Code=12048 RO-data=1476 RW-data=200 ZI-data=19768  
"OLED.axf" - 0 Error(s), 1 Warning(s).
Rebuild target 'OLED'
assembling Startup.s...
compiling Output.c...
compiling rit128x96x4.c...
compiling OS_Critical.c...
compiling shell.c...
compiling UART.c...
assembling osasm.s...
compiling ADC.c...
assembling PID_stm32.s...
assembling cr4_fft_64_stm32.s...
compiling OS_Buttons.c...
compiling OS_DataStructures.c...
compiling OS_Threads.c...
OS_Threads.c(159): warning:  #177-D: variable "head" was declared but never referenced
compiling OS_Time.c...
compiling OS.c...
compiling Lab4Main.c...
compiling Lab2Main.c...
compiling sqrt.c...
linking...
Program Size: Code=12048 RO-data=1476 RW-data=200 ZI-data=19768  
"OLED.axf" - 0 Error(s), 1 Warning(s).
Load "C:\\Users\\Rohith\\Dropbox\\EE445M\\Lab4_Prep\\OLED.AXF" 
Connecting: Mode=JTAG, Speed=1000000Hz
Erase Done.
Programming Done.
Verify OK.
Rebuild target 'OLED'
assembling Startup.s...
compiling Output.c...
compiling rit128x96x4.c...
compiling OS_Critical.c...
compiling shell.c...
compiling UART.c...
assembling osasm.s...
compiling ADC.c...
assembling PID_stm32.s...
assembling cr4_fft_64_stm32.s...
compiling OS_Buttons.c...
compiling OS_DataStructures.c...
compiling OS_Threads.c...
OS_Threads.c(159): warning:  #177-D: variable "head" was declared but never referenced
compiling OS_Time.c...
compiling OS.c...
compiling Lab4Main.c...
compiling Lab2Main.c...
compiling sqrt.c...
linking...
Program Size: Code=12048 RO-data=1476 RW-data=200 ZI-data=19768  
"OLED.axf" - 0 Error(s), 1 Warning(s).
Load "C:\\Users\\Rohith\\Dropbox\\EE445M\\Lab4_Prep\\OLED.AXF" 
Connecting: Mode=JTAG, Speed=1000000Hz
Erase Done.
Programming Done.
Verify OK.
Rebuild target 'OLED'
assembling Startup.s...
compiling Output.c...
compiling rit128x96x4.c...
compiling OS_Critical.c...
compiling shell.c...
compiling UART.c...
assembling osasm.s...
compiling ADC.c...
assembling PID_stm32.s...
assembling cr4_fft_64_stm32.s...
compiling OS_Buttons.c...
compiling OS_DataStructures.c...
compiling OS_Threads.c...
OS_Threads.c(159): warning:  #177-D: variable "head" was declared but never referenced
compiling OS_Time.c...
compiling OS.c...
compiling Lab4Main.c...
compiling Lab2Main.c...
compiling sqrt.c...
linking...
Program Size: Code=12044 RO-data=1476 RW-data=200 ZI-data=19768  
"OLED.axf" - 0 Error(s), 1 Warning(s).
Load "C:\\Users\\Rohith\\Dropbox\\EE445M\\Lab4_Prep\\OLED.AXF" 
Connecting: Mode=JTAG, Speed=1000000Hz
Erase Done.
Programming Done.
Verify OK.
Rebuild target 'OLED'
assembling Startup.s...
compiling Output.c...
compiling rit128x96x4.c...
compiling OS_Critical.c...
compiling shell.c...
compiling UART.c...
assembling osasm.s...
compiling ADC.c...
assembling PID_stm32.s...
assembling cr4_fft_64_stm32.s...
compiling OS_Buttons.c...
compiling OS_DataStructures.c...
compiling OS_Threads.c...
OS_Threads.c(159): warning:  #177-D: variable "head" was declared but never referenced
compiling OS_Time.c...
compiling OS.c...
compiling Lab4Main.c...
compiling Lab2Main.c...
compiling sqrt.c...
linking...
Program Size: Code=12044 RO-data=1476 RW-data=200 ZI-data=19768  
"OLED.axf" - 0 Error(s), 1 Warning(s).
Load "C:\\Users\\Rohith\\Dropbox\\EE445M\\Lab4_Prep\\OLED.AXF" 
Connecting: Mode=JTAG, Speed=1000000Hz
Erase Done.
Programming Done.
Verify OK.
Rebuild target 'OLED'
assembling Startup.s...
compiling Output.c...
compiling rit128x96x4.c...
compiling OS_Critical.c...
compiling shell.c...
compiling UART.c...
assembling osasm.s...
compiling ADC.c...
assembling PID_stm32.s...
assembling cr4_fft_64_stm32.s...
compiling OS_Buttons.c...
compiling OS_DataStructures.c...
compiling OS_Threads.c...
OS_Threads.c(159): warning:  #177-D: variable "head" was declared but never referenced
compiling OS_Time.c...
compiling OS.c...
compiling Lab4Main.c...
compiling Lab2Main.c...
compiling sqrt.c...
linking...
Program Size: Code=12044 RO-data=1476 RW-data=200 ZI-data=19768  
"OLED.axf" - 0 Error(s), 1 Warning(s).
Load "C:\\Users\\Rohith\\Dropbox\\EE445M\\Lab4_Prep\\OLED.AXF" 
Connecting: Mode=JTAG, Speed=1000000Hz
Erase Done.
Programming Done.
Verify OK.
Rebuild target 'OLED'
assembling Startup.s...
compiling Output.c...
compiling rit128x96x4.c...
compiling OS_Critical.c...
compiling shell.c...
compiling UART.c...
assembling osasm.s...
compiling ADC.c...
assembling PID_stm32.s...
assembling cr4_fft_64_stm32.s...
compiling OS_Buttons.c...
compiling OS_DataStructures.c...
compiling OS_Threads.c...
OS_Threads.c(159): warning:  #177-D: variable "head" was declared but never referenced
compiling OS_Time.c...
compiling OS.c...
compiling Lab4Main.c...
Lab4Main.c(82): warning:  #177-D: variable "FFT_in" was declared but never referenced
Lab4Main.c(82): warning:  #177-D: variable "FFT_out" was declared but never referenced
compiling Lab2Main.c...
compiling sqrt.c...
linking...
Program Size: Code=11184 RO-data=1476 RW-data=200 ZI-data=19768  
"OLED.axf" - 0 Error(s), 3 Warning(s).
Rebuild target 'OLED'
assembling Startup.s...
compiling Output.c...
compiling rit128x96x4.c...
compiling OS_Critical.c...
compiling shell.c...
compiling UART.c...
assembling osasm.s...
compiling ADC.c...
assembling PID_stm32.s...
assembling cr4_fft_64_stm32.s...
compiling OS_Buttons.c...
compiling OS_DataStructures.c...
compiling OS_Threads.c...
OS_Threads.c(159): warning:  #177-D: variable "head" was declared but never referenced
compiling OS_Time.c...
compiling OS.c...
compiling Lab4Main.c...
Lab4Main.c(82): warning:  #177-D: variable "FFT_in" was declared but never referenced
Lab4Main.c(82): warning:  #177-D: variable "FFT_out" was declared but never referenced
compiling Lab2Main.c...
compiling sqrt.c...
linking...
Program Size: Code=11184 RO-data=1476 RW-data=200 ZI-data=19768  
"OLED.axf" - 0 Error(s), 3 Warning(s).
Load "C:\\Users\\Rohith\\Dropbox\\EE445M\\Lab4_Prep\\OLED.AXF" 
Connecting: Mode=JTAG, Speed=1000000Hz
Erase Done.
Programming Done.
Verify OK.
Rebuild target 'OLED'
assembling Startup.s...
compiling Output.c...
compiling rit128x96x4.c...
compiling OS_Critical.c...
compiling shell.c...
compiling UART.c...
assembling osasm.s...
compiling ADC.c...
assembling PID_stm32.s...
assembling cr4_fft_64_stm32.s...
compiling OS_Buttons.c...
compiling OS_DataStructures.c...
compiling OS_Threads.c...
OS_Threads.c(159): warning:  #177-D: variable "head" was declared but never referenced
compiling OS_Time.c...
compiling OS.c...
compiling Lab4Main.c...
Lab4Main.c(82): warning:  #177-D: variable "FFT_in" was declared but never referenced
Lab4Main.c(82): warning:  #177-D: variable "FFT_out" was declared but never referenced
compiling Lab2Main.c...
compiling sqrt.c...
linking...
Program Size: Code=11184 RO-data=1476 RW-data=200 ZI-data=19768  
"OLED.axf" - 0 Error(s), 3 Warning(s).
Load "C:\\Users\\Rohith\\Dropbox\\EE445M\\Lab4_Prep\\OLED.AXF" 
Connecting: Mode=JTAG, Speed=1000000Hz
Erase Done.
Programming Done.
Verify OK.
Rebuild target 'OLED'
assembling Startup.s...
compiling Output.c...
compiling rit128x96x4.c...
compiling OS_Critical.c...
compiling shell.c...
compiling UART.c...
assembling osasm.s...
compiling ADC.c...
assembling PID_stm32.s...
assembling cr4_fft_64_stm32.s...
compiling OS_Buttons.c...
compiling OS_DataStructures.c...
compiling OS_Threads.c...
OS_Threads.c(159): warning:  #177-D: variable "head" was declared but never referenced
compiling OS_Time.c...
compiling OS.c...
compiling Lab4Main.c...
compiling Lab2Main.c...
compiling sqrt.c...
linking...
Program Size: Code=11956 RO-data=1476 RW-data=200 ZI-data=19768  
"OLED.axf" - 0 Error(s), 1 Warning(s).
Load "C:\\Users\\Rohith\\Dropbox\\EE445M\\Lab4_Prep\\OLED.AXF" 
Connecting: Mode=JTAG, Speed=1000000Hz
Erase Done.
Programming Done.
Verify OK.
Rebuild target 'OLED'
assembling Startup.s...
compiling Output.c...
compiling rit128x96x4.c...
compiling OS_Critical.c...
compiling shell.c...
compiling UART.c...
assembling osasm.s...
compiling ADC.c...
assembling PID_stm32.s...
assembling cr4_fft_64_stm32.s...
compiling OS_Buttons.c...
compiling OS_DataStructures.c...
compiling OS_Threads.c...
OS_Threads.c(159): warning:  #177-D: variable "head" was declared but never referenced
compiling OS_Time.c...
compiling OS.c...
compiling Lab4Main.c...
Lab4Main.c(82): warning:  #550-D: variable "FFT_in" was set but never used
Lab4Main.c(82): warning:  #177-D: variable "FFT_out" was declared but never referenced
compiling Lab2Main.c...
compiling sqrt.c...
linking...
Program Size: Code=11224 RO-data=1476 RW-data=200 ZI-data=19768  
"OLED.axf" - 0 Error(s), 3 Warning(s).
Load "C:\\Users\\Rohith\\Dropbox\\EE445M\\Lab4_Prep\\OLED.AXF" 
Connecting: Mode=JTAG, Speed=1000000Hz
Erase Done.
Programming Done.
Verify OK.
Rebuild target 'OLED'
assembling Startup.s...
compiling Output.c...
compiling rit128x96x4.c...
compiling OS_Critical.c...
compiling shell.c...
compiling UART.c...
assembling osasm.s...
compiling ADC.c...
assembling PID_stm32.s...
assembling cr4_fft_64_stm32.s...
compiling OS_Buttons.c...
compiling OS_DataStructures.c...
compiling OS_Threads.c...
OS_Threads.c(159): warning:  #177-D: variable "head" was declared but never referenced
compiling OS_Time.c...
compiling OS.c...
compiling Lab4Main.c...
compiling Lab2Main.c...
compiling sqrt.c...
linking...
Program Size: Code=12032 RO-data=1476 RW-data=200 ZI-data=19768  
"OLED.axf" - 0 Error(s), 1 Warning(s).
Load "C:\\Users\\Rohith\\Dropbox\\EE445M\\Lab4_Prep\\OLED.AXF" 
Connecting: Mode=JTAG, Speed=1000000Hz
Erase Done.
Programming Done.
Verify OK.
Rebuild target 'OLED'
assembling Startup.s...
compiling Output.c...
compiling rit128x96x4.c...
compiling OS_Critical.c...
compiling shell.c...
compiling UART.c...
assembling osasm.s...
compiling ADC.c...
assembling PID_stm32.s...
assembling cr4_fft_64_stm32.s...
compiling OS_Buttons.c...
compiling OS_DataStructures.c...
compiling OS_Threads.c...
OS_Threads.c(159): warning:  #177-D: variable "head" was declared but never referenced
compiling OS_Time.c...
compiling OS.c...
compiling Lab4Main.c...
compiling Lab2Main.c...
compiling sqrt.c...
linking...
Program Size: Code=11944 RO-data=1476 RW-data=200 ZI-data=19768  
"OLED.axf" - 0 Error(s), 1 Warning(s).
Load "C:\\Users\\Rohith\\Dropbox\\EE445M\\Lab4_Prep\\OLED.AXF" 
Connecting: Mode=JTAG, Speed=1000000Hz
Erase Done.
Programming Done.
Verify OK.
Rebuild target 'OLED'
assembling Startup.s...
compiling Output.c...
compiling rit128x96x4.c...
compiling OS_Critical.c...
compiling shell.c...
compiling UART.c...
assembling osasm.s...
compiling ADC.c...
assembling PID_stm32.s...
assembling cr4_fft_64_stm32.s...
compiling OS_Buttons.c...
compiling OS_DataStructures.c...
compiling OS_Threads.c...
OS_Threads.c(159): warning:  #177-D: variable "head" was declared but never referenced
compiling OS_Time.c...
compiling OS.c...
compiling Lab4Main.c...
compiling Lab2Main.c...
compiling sqrt.c...
linking...
Program Size: Code=11940 RO-data=1476 RW-data=200 ZI-data=19768  
"OLED.axf" - 0 Error(s), 1 Warning(s).
Load "C:\\Users\\Rohith\\Dropbox\\EE445M\\Lab4_Prep\\OLED.AXF" 
Connecting: Mode=JTAG, Speed=1000000Hz
Erase Done.
Programming Done.
Verify OK.
Rebuild target 'OLED'
assembling Startup.s...
compiling Output.c...
compiling rit128x96x4.c...
compiling OS_Critical.c...
compiling shell.c...
compiling UART.c...
assembling osasm.s...
compiling ADC.c...
assembling PID_stm32.s...
assembling cr4_fft_64_stm32.s...
compiling OS_Buttons.c...
compiling OS_DataStructures.c...
compiling OS_Threads.c...
OS_Threads.c(159): warning:  #177-D: variable "head" was declared but never referenced
compiling OS_Time.c...
compiling OS.c...
compiling Lab4Main.c...
Lab4Main.c(82): warning:  #550-D: variable "FFT_in" was set but never used
Lab4Main.c(82): warning:  #177-D: variable "FFT_out" was declared but never referenced
compiling Lab2Main.c...
compiling sqrt.c...
linking...
Program Size: Code=11212 RO-data=1476 RW-data=200 ZI-data=19768  
"OLED.axf" - 0 Error(s), 3 Warning(s).
Rebuild target 'OLED'
assembling Startup.s...
compiling Output.c...
compiling rit128x96x4.c...
compiling OS_Critical.c...
compiling shell.c...
compiling UART.c...
assembling osasm.s...
compiling ADC.c...
assembling PID_stm32.s...
assembling cr4_fft_64_stm32.s...
compiling OS_Buttons.c...
compiling OS_DataStructures.c...
compiling OS_Threads.c...
OS_Threads.c(159): warning:  #177-D: variable "head" was declared but never referenced
compiling OS_Time.c...
compiling OS.c...
compiling Lab4Main.c...
Lab4Main.c(82): warning:  #550-D: variable "FFT_in" was set but never used
Lab4Main.c(82): warning:  #177-D: variable "FFT_out" was declared but never referenced
compiling Lab2Main.c...
compiling sqrt.c...
linking...
Program Size: Code=11212 RO-data=1476 RW-data=200 ZI-data=19768  
"OLED.axf" - 0 Error(s), 3 Warning(s).
Rebuild target 'OLED'
assembling Startup.s...
compiling Output.c...
compiling rit128x96x4.c...
compiling OS_Critical.c...
compiling shell.c...
compiling UART.c...
assembling osasm.s...
compiling ADC.c...
assembling PID_stm32.s...
assembling cr4_fft_64_stm32.s...
compiling OS_Buttons.c...
compiling OS_DataStructures.c...
compiling OS_Threads.c...
OS_Threads.c(159): warning:  #177-D: variable "head" was declared but never referenced
compiling OS_Time.c...
compiling OS.c...
compiling Lab4Main.c...
compiling Lab2Main.c...
compiling sqrt.c...
linking...
Program Size: Code=11944 RO-data=1476 RW-data=200 ZI-data=19768  
"OLED.axf" - 0 Error(s), 1 Warning(s).
Load "C:\\Users\\Rohith\\Dropbox\\EE445M\\Lab4_Prep\\OLED.AXF" 
Connecting: Mode=JTAG, Speed=1000000Hz
Erase Done.
Programming Done.
Verify OK.
Rebuild target 'OLED'
assembling Startup.s...
compiling Output.c...
compiling rit128x96x4.c...
compiling OS_Critical.c...
compiling shell.c...
compiling UART.c...
assembling osasm.s...
compiling ADC.c...
assembling PID_stm32.s...
assembling cr4_fft_64_stm32.s...
compiling OS_Buttons.c...
compiling OS_DataStructures.c...
compiling OS_Threads.c...
OS_Threads.c(159): warning:  #177-D: variable "head" was declared but never referenced
compiling OS_Time.c...
compiling OS.c...
compiling Lab4Main.c...
Lab4Main.c(82): warning:  #550-D: variable "FFT_in" was set but never used
Lab4Main.c(82): warning:  #177-D: variable "FFT_out" was declared but never referenced
compiling Lab2Main.c...
compiling sqrt.c...
linking...
Program Size: Code=11212 RO-data=1476 RW-data=200 ZI-data=19768  
"OLED.axf" - 0 Error(s), 3 Warning(s).
Load "C:\\Users\\Rohith\\Dropbox\\EE445M\\Lab4_Prep\\OLED.AXF" 
Connecting: Mode=JTAG, Speed=1000000Hz
Erase Done.
Programming Done.
Verify OK.
Rebuild target 'OLED'
assembling Startup.s...
compiling Output.c...
compiling rit128x96x4.c...
compiling OS_Critical.c...
compiling shell.c...
compiling UART.c...
assembling osasm.s...
compiling ADC.c...
assembling PID_stm32.s...
assembling cr4_fft_64_stm32.s...
compiling OS_Buttons.c...
compiling OS_DataStructures.c...
compiling OS_Threads.c...
OS_Threads.c(159): warning:  #177-D: variable "head" was declared but never referenced
compiling OS_Time.c...
compiling OS.c...
compiling Lab4Main.c...
compiling Lab2Main.c...
compiling sqrt.c...
linking...
Program Size: Code=11944 RO-data=1476 RW-data=200 ZI-data=19768  
"OLED.axf" - 0 Error(s), 1 Warning(s).
Load "C:\\Users\\Rohith\\Dropbox\\EE445M\\Lab4_Prep\\OLED.AXF" 
Connecting: Mode=JTAG, Speed=1000000Hz
Erase Done.
Programming Done.
Verify OK.
Rebuild target 'OLED'
assembling Startup.s...
compiling Output.c...
compiling rit128x96x4.c...
compiling OS_Critical.c...
compiling shell.c...
compiling UART.c...
assembling osasm.s...
compiling ADC.c...
assembling PID_stm32.s...
assembling cr4_fft_64_stm32.s...
compiling OS_Buttons.c...
compiling OS_DataStructures.c...
compiling OS_Threads.c...
OS_Threads.c(159): warning:  #177-D: variable "head" was declared but never referenced
compiling OS_Time.c...
compiling OS.c...
compiling Lab4Main.c...
compiling Lab2Main.c...
compiling sqrt.c...
linking...
Program Size: Code=11944 RO-data=1476 RW-data=200 ZI-data=19768  
"OLED.axf" - 0 Error(s), 1 Warning(s).
Load "C:\\Users\\Rohith\\Dropbox\\EE445M\\Lab4_Prep\\OLED.AXF" 
Connecting: Mode=JTAG, Speed=1000000Hz
Erase Done.
Programming Done.
Verify OK.
Rebuild target 'OLED'
assembling Startup.s...
compiling Output.c...
compiling rit128x96x4.c...
compiling OS_Critical.c...
compiling shell.c...
compiling UART.c...
assembling osasm.s...
compiling ADC.c...
assembling PID_stm32.s...
assembling cr4_fft_64_stm32.s...
compiling OS_Buttons.c...
compiling OS_DataStructures.c...
compiling OS_Threads.c...
OS_Threads.c(159): warning:  #177-D: variable "head" was declared but never referenced
compiling OS_Time.c...
compiling OS.c...
compiling Lab4Main.c...
compiling Lab2Main.c...
compiling sqrt.c...
linking...
Program Size: Code=11944 RO-data=1476 RW-data=200 ZI-data=27960  
"OLED.axf" - 0 Error(s), 1 Warning(s).
Load "C:\\Users\\Rohith\\Dropbox\\EE445M\\Lab4_Prep\\OLED.AXF" 
Connecting: Mode=JTAG, Speed=1000000Hz
Erase Done.
Programming Done.
Verify OK.
Rebuild target 'OLED'
assembling Startup.s...
compiling Output.c...
compiling rit128x96x4.c...
compiling OS_Critical.c...
compiling shell.c...
compiling UART.c...
assembling osasm.s...
compiling ADC.c...
assembling PID_stm32.s...
assembling cr4_fft_64_stm32.s...
compiling OS_Buttons.c...
compiling OS_DataStructures.c...
compiling OS_Threads.c...
OS_Threads.c(159): warning:  #177-D: variable "head" was declared but never referenced
compiling OS_Time.c...
compiling OS.c...
compiling Lab4Main.c...
compiling Lab2Main.c...
compiling sqrt.c...
linking...
Program Size: Code=12032 RO-data=1476 RW-data=200 ZI-data=27960  
"OLED.axf" - 0 Error(s), 1 Warning(s).
Load "C:\\Users\\Rohith\\Dropbox\\EE445M\\Lab4_Prep\\OLED.AXF" 
Connecting: Mode=JTAG, Speed=1000000Hz
Erase Done.
Programming Done.
Verify OK.
Rebuild target 'OLED'
assembling Startup.s...
compiling Output.c...
compiling rit128x96x4.c...
compiling OS_Critical.c...
compiling shell.c...
compiling UART.c...
assembling osasm.s...
compiling ADC.c...
assembling PID_stm32.s...
assembling cr4_fft_64_stm32.s...
compiling OS_Buttons.c...
compiling OS_DataStructures.c...
compiling OS_Threads.c...
OS_Threads.c(159): warning:  #177-D: variable "head" was declared but never referenced
compiling OS_Time.c...
compiling OS.c...
compiling Lab4Main.c...
compiling Lab2Main.c...
compiling sqrt.c...
linking...
Program Size: Code=12036 RO-data=1476 RW-data=200 ZI-data=20280  
"OLED.axf" - 0 Error(s), 1 Warning(s).
Load "C:\\Users\\Rohith\\Dropbox\\EE445M\\Lab4_Prep\\OLED.AXF" 
Connecting: Mode=JTAG, Speed=1000000Hz
Erase Done.
Programming Done.
Verify OK.
Rebuild target 'OLED'
assembling Startup.s...
compiling Output.c...
compiling rit128x96x4.c...
compiling OS_Critical.c...
compiling shell.c...
compiling UART.c...
assembling osasm.s...
compiling ADC.c...
assembling PID_stm32.s...
assembling cr4_fft_64_stm32.s...
compiling OS_Buttons.c...
compiling OS_DataStructures.c...
compiling OS_Threads.c...
OS_Threads.c(159): warning:  #177-D: variable "head" was declared but never referenced
compiling OS_Time.c...
compiling OS.c...
compiling Lab4Main.c...
compiling Lab2Main.c...
compiling sqrt.c...
linking...
Program Size: Code=12036 RO-data=1476 RW-data=200 ZI-data=20280  
"OLED.axf" - 0 Error(s), 1 Warning(s).
Rebuild target 'OLED'
assembling Startup.s...
compiling Output.c...
compiling rit128x96x4.c...
compiling OS_Critical.c...
compiling shell.c...
compiling UART.c...
assembling osasm.s...
compiling ADC.c...
assembling PID_stm32.s...
assembling cr4_fft_64_stm32.s...
compiling OS_Buttons.c...
compiling OS_DataStructures.c...
compiling OS_Threads.c...
OS_Threads.c(159): warning:  #177-D: variable "head" was declared but never referenced
compiling OS_Time.c...
compiling OS.c...
compiling Lab4Main.c...
compiling Lab2Main.c...
compiling sqrt.c...
linking...
Program Size: Code=12036 RO-data=1476 RW-data=200 ZI-data=20280  
"OLED.axf" - 0 Error(s), 1 Warning(s).
Rebuild target 'OLED'
assembling Startup.s...
compiling Output.c...
compiling rit128x96x4.c...
compiling OS_Critical.c...
compiling shell.c...
compiling UART.c...
assembling osasm.s...
compiling ADC.c...
assembling PID_stm32.s...
assembling cr4_fft_64_stm32.s...
compiling OS_Buttons.c...
compiling OS_DataStructures.c...
compiling OS_Threads.c...
OS_Threads.c(159): warning:  #177-D: variable "head" was declared but never referenced
compiling OS_Time.c...
compiling OS.c...
compiling Lab4Main.c...
compiling Lab2Main.c...
compiling sqrt.c...
linking...
Program Size: Code=12036 RO-data=1476 RW-data=200 ZI-data=20280  
"OLED.axf" - 0 Error(s), 1 Warning(s).
Rebuild target 'OLED'
assembling Startup.s...
compiling Output.c...
compiling rit128x96x4.c...
compiling OS_Critical.c...
compiling shell.c...
compiling UART.c...
assembling osasm.s...
compiling ADC.c...
..\Lab2_Final\ADC.c(176): warning:  #223-D: function "memset" declared implicitly
..\Lab2_Final\ADC.c(176): error:  #20: identifier "FFT_in" is undefined
..\Lab2_Final\ADC.c(177): error:  #20: identifier "FFT_out" is undefined
..\Lab2_Final\ADC.c(178): warning:  #223-D: function "RIT128x96x4PlotReClear" declared implicitly
..\Lab2_Final\ADC.c(179): warning:  #940-D: missing return statement at end of non-void function "ADC_ChangeScopeMode"
..\Lab2_Final\ADC.c(184): warning:  #223-D: function "memset" declared implicitly
..\Lab2_Final\ADC.c(184): error:  #20: identifier "X" is undefined
..\Lab2_Final\ADC.c(184): error:  #20: identifier "FILTER_LEN" is undefined
..\Lab2_Final\ADC.c(185): error:  #20: identifier "Y" is undefined
..\Lab2_Final\ADC.c(186): warning:  #223-D: function "RIT128x96x4PlotReClear" declared implicitly
..\Lab2_Final\ADC.c(187): warning:  #940-D: missing return statement at end of non-void function "ADC_ToggleFilter"
assembling PID_stm32.s...
assembling cr4_fft_64_stm32.s...
compiling OS_Buttons.c...
compiling OS_DataStructures.c...
compiling OS_Threads.c...
OS_Threads.c(159): warning:  #177-D: variable "head" was declared but never referenced
compiling OS_Time.c...
compiling OS.c...
compiling Lab4Main.c...
compiling Lab2Main.c...
compiling sqrt.c...
Target not created
Rebuild target 'OLED'
assembling Startup.s...
compiling Output.c...
compiling rit128x96x4.c...
compiling OS_Critical.c...
compiling shell.c...
compiling UART.c...
assembling osasm.s...
compiling ADC.c...
..\Lab2_Final\ADC.c(173): error:  #20: identifier "FILTER_LEN" is undefined
..\Lab2_Final\ADC.c(178): warning:  #223-D: function "memset" declared implicitly
..\Lab2_Final\ADC.c(180): warning:  #223-D: function "RIT128x96x4PlotReClear" declared implicitly
..\Lab2_Final\ADC.c(181): warning:  #940-D: missing return statement at end of non-void function "ADC_ChangeScopeMode"
..\Lab2_Final\ADC.c(186): warning:  #223-D: function "memset" declared implicitly
..\Lab2_Final\ADC.c(188): warning:  #223-D: function "RIT128x96x4PlotReClear" declared implicitly
..\Lab2_Final\ADC.c(189): warning:  #940-D: missing return statement at end of non-void function "ADC_ToggleFilter"
assembling PID_stm32.s...
assembling cr4_fft_64_stm32.s...
compiling OS_Buttons.c...
compiling OS_DataStructures.c...
compiling OS_Threads.c...
OS_Threads.c(159): warning:  #177-D: variable "head" was declared but never referenced
compiling OS_Time.c...
compiling OS.c...
compiling Lab4Main.c...
compiling Lab2Main.c...
compiling sqrt.c...
Target not created
Rebuild target 'OLED'
assembling Startup.s...
compiling Output.c...
compiling rit128x96x4.c...
compiling OS_Critical.c...
compiling shell.c...
compiling UART.c...
assembling osasm.s...
compiling ADC.c...
..\Lab2_Final\ADC.c(181): warning:  #223-D: function "memset" declared implicitly
..\Lab2_Final\ADC.c(183): warning:  #223-D: function "RIT128x96x4PlotReClear" declared implicitly
..\Lab2_Final\ADC.c(184): warning:  #940-D: missing return statement at end of non-void function "ADC_ChangeScopeMode"
..\Lab2_Final\ADC.c(189): warning:  #223-D: function "memset" declared implicitly
..\Lab2_Final\ADC.c(191): warning:  #223-D: function "RIT128x96x4PlotReClear" declared implicitly
..\Lab2_Final\ADC.c(192): warning:  #940-D: missing return statement at end of non-void function "ADC_ToggleFilter"
assembling PID_stm32.s...
assembling cr4_fft_64_stm32.s...
compiling OS_Buttons.c...
compiling OS_DataStructures.c...
compiling OS_Threads.c...
OS_Threads.c(159): warning:  #177-D: variable "head" was declared but never referenced
compiling OS_Time.c...
compiling OS.c...
compiling Lab4Main.c...
compiling Lab2Main.c...
compiling sqrt.c...
linking...
OLED.axf: Error: L6218E: Undefined symbol FFT_in (referred from adc.o).
OLED.axf: Error: L6218E: Undefined symbol FFT_out (referred from adc.o).
OLED.axf: Error: L6218E: Undefined symbol Y (referred from adc.o).
Target not created
Rebuild target 'OLED'
assembling Startup.s...
compiling Output.c...
compiling rit128x96x4.c...
compiling OS_Critical.c...
compiling shell.c...
compiling UART.c...
assembling osasm.s...
compiling ADC.c...
..\Lab2_Final\ADC.c(181): warning:  #223-D: function "memset" declared implicitly
..\Lab2_Final\ADC.c(183): warning:  #223-D: function "RIT128x96x4PlotReClear" declared implicitly
..\Lab2_Final\ADC.c(184): warning:  #940-D: missing return statement at end of non-void function "ADC_ChangeScopeMode"
..\Lab2_Final\ADC.c(189): warning:  #223-D: function "memset" declared implicitly
..\Lab2_Final\ADC.c(191): warning:  #223-D: function "RIT128x96x4PlotReClear" declared implicitly
..\Lab2_Final\ADC.c(192): warning:  #940-D: missing return statement at end of non-void function "ADC_ToggleFilter"
assembling PID_stm32.s...
assembling cr4_fft_64_stm32.s...
compiling OS_Buttons.c...
compiling OS_DataStructures.c...
compiling OS_Threads.c...
OS_Threads.c(159): warning:  #177-D: variable "head" was declared but never referenced
compiling OS_Time.c...
compiling OS.c...
compiling Lab4Main.c...
compiling Lab2Main.c...
compiling sqrt.c...
linking...
OLED.axf: Error: L6200E: Symbol X multiply defined (by lab4main.o and rit128x96x4.o).
Target not created
Rebuild target 'OLED'
assembling Startup.s...
compiling Output.c...
compiling rit128x96x4.c...
compiling OS_Critical.c...
compiling shell.c...
compiling UART.c...
assembling osasm.s...
compiling ADC.c...
..\Lab2_Final\ADC.c(181): warning:  #223-D: function "memset" declared implicitly
..\Lab2_Final\ADC.c(183): warning:  #223-D: function "RIT128x96x4PlotReClear" declared implicitly
..\Lab2_Final\ADC.c(184): warning:  #940-D: missing return statement at end of non-void function "ADC_ChangeScopeMode"
..\Lab2_Final\ADC.c(189): warning:  #223-D: function "memset" declared implicitly
..\Lab2_Final\ADC.c(191): warning:  #223-D: function "RIT128x96x4PlotReClear" declared implicitly
..\Lab2_Final\ADC.c(192): warning:  #940-D: missing return statement at end of non-void function "ADC_ToggleFilter"
assembling PID_stm32.s...
assembling cr4_fft_64_stm32.s...
compiling OS_Buttons.c...
compiling OS_DataStructures.c...
compiling OS_Threads.c...
OS_Threads.c(159): warning:  #177-D: variable "head" was declared but never referenced
compiling OS_Time.c...
compiling OS.c...
compiling Lab4Main.c...
compiling Lab2Main.c...
compiling sqrt.c...
linking...
OLED.axf: Error: L6200E: Symbol X multiply defined (by lab4main.o and rit128x96x4.o).
Target not created
Rebuild target 'OLED'
assembling Startup.s...
compiling Output.c...
compiling rit128x96x4.c...
compiling OS_Critical.c...
compiling shell.c...
compiling UART.c...
assembling osasm.s...
compiling ADC.c...
..\Lab2_Final\ADC.c(181): warning:  #223-D: function "memset" declared implicitly
..\Lab2_Final\ADC.c(183): warning:  #223-D: function "RIT128x96x4PlotReClear" declared implicitly
..\Lab2_Final\ADC.c(184): warning:  #940-D: missing return statement at end of non-void function "ADC_ChangeScopeMode"
..\Lab2_Final\ADC.c(189): warning:  #223-D: function "memset" declared implicitly
..\Lab2_Final\ADC.c(191): warning:  #223-D: function "RIT128x96x4PlotReClear" declared implicitly
..\Lab2_Final\ADC.c(192): warning:  #940-D: missing return statement at end of non-void function "ADC_ToggleFilter"
assembling PID_stm32.s...
assembling cr4_fft_64_stm32.s...
compiling OS_Buttons.c...
compiling OS_DataStructures.c...
compiling OS_Threads.c...
OS_Threads.c(159): warning:  #177-D: variable "head" was declared but never referenced
compiling OS_Time.c...
compiling OS.c...
compiling Lab4Main.c...
compiling Lab2Main.c...
compiling sqrt.c...
linking...
Program Size: Code=12140 RO-data=1476 RW-data=200 ZI-data=20280  
"OLED.axf" - 0 Error(s), 7 Warning(s).
Rebuild target 'OLED'
assembling Startup.s...
compiling Output.c...
compiling rit128x96x4.c...
compiling OS_Critical.c...
compiling shell.c...
compiling UART.c...
assembling osasm.s...
compiling ADC.c...
..\Lab2_Final\ADC.c(183): warning:  #223-D: function "memset" declared implicitly
..\Lab2_Final\ADC.c(185): warning:  #223-D: function "RIT128x96x4PlotReClear" declared implicitly
..\Lab2_Final\ADC.c(186): warning:  #940-D: missing return statement at end of non-void function "ADC_ChangeScopeMode"
..\Lab2_Final\ADC.c(191): warning:  #223-D: function "memset" declared implicitly
..\Lab2_Final\ADC.c(193): warning:  #223-D: function "RIT128x96x4PlotReClear" declared implicitly
..\Lab2_Final\ADC.c(194): warning:  #940-D: missing return statement at end of non-void function "ADC_ToggleFilter"
assembling PID_stm32.s...
assembling cr4_fft_64_stm32.s...
compiling OS_Buttons.c...
compiling OS_DataStructures.c...
compiling OS_Threads.c...
OS_Threads.c(159): warning:  #177-D: variable "head" was declared but never referenced
compiling OS_Time.c...
compiling OS.c...
compiling Lab4Main.c...
compiling Lab2Main.c...
compiling sqrt.c...
linking...
Program Size: Code=12140 RO-data=1476 RW-data=204 ZI-data=20284  
"OLED.axf" - 0 Error(s), 7 Warning(s).
Rebuild target 'OLED'
assembling Startup.s...
compiling Output.c...
compiling rit128x96x4.c...
compiling OS_Critical.c...
compiling shell.c...
compiling UART.c...
assembling osasm.s...
compiling ADC.c...
..\Lab2_Final\ADC.c(183): warning:  #223-D: function "memset" declared implicitly
..\Lab2_Final\ADC.c(185): warning:  #223-D: function "RIT128x96x4PlotReClear" declared implicitly
..\Lab2_Final\ADC.c(192): warning:  #223-D: function "memset" declared implicitly
..\Lab2_Final\ADC.c(194): warning:  #223-D: function "RIT128x96x4PlotReClear" declared implicitly
assembling PID_stm32.s...
assembling cr4_fft_64_stm32.s...
compiling OS_Buttons.c...
compiling OS_DataStructures.c...
compiling OS_Threads.c...
OS_Threads.c(159): warning:  #177-D: variable "head" was declared but never referenced
compiling OS_Time.c...
compiling OS.c...
compiling Lab4Main.c...
compiling Lab2Main.c...
compiling sqrt.c...
linking...
Program Size: Code=12144 RO-data=1476 RW-data=204 ZI-data=20284  
"OLED.axf" - 0 Error(s), 5 Warning(s).
Rebuild target 'OLED'
assembling Startup.s...
compiling Output.c...
compiling rit128x96x4.c...
compiling OS_Critical.c...
compiling shell.c...
compiling UART.c...
assembling osasm.s...
compiling ADC.c...
..\Lab2_Final\ADC.c(183): warning:  #223-D: function "memset" declared implicitly
..\Lab2_Final\ADC.c(185): warning:  #223-D: function "RIT128x96x4PlotReClear" declared implicitly
..\Lab2_Final\ADC.c(192): warning:  #223-D: function "memset" declared implicitly
..\Lab2_Final\ADC.c(194): warning:  #223-D: function "RIT128x96x4PlotReClear" declared implicitly
assembling PID_stm32.s...
assembling cr4_fft_64_stm32.s...
compiling OS_Buttons.c...
compiling OS_DataStructures.c...
compiling OS_Threads.c...
OS_Threads.c(159): warning:  #177-D: variable "head" was declared but never referenced
compiling OS_Time.c...
compiling OS.c...
compiling Lab4Main.c...
compiling Lab2Main.c...
compiling sqrt.c...
linking...
Program Size: Code=12144 RO-data=1476 RW-data=204 ZI-data=20284  
"OLED.axf" - 0 Error(s), 5 Warning(s).
Rebuild target 'OLED'
assembling Startup.s...
compiling Output.c...
compiling rit128x96x4.c...
compiling OS_Critical.c...
compiling shell.c...
compiling UART.c...
assembling osasm.s...
compiling ADC.c...
..\Lab2_Final\ADC.c(183): warning:  #223-D: function "memset" declared implicitly
..\Lab2_Final\ADC.c(185): warning:  #223-D: function "RIT128x96x4PlotReClear" declared implicitly
..\Lab2_Final\ADC.c(192): warning:  #223-D: function "memset" declared implicitly
..\Lab2_Final\ADC.c(194): warning:  #223-D: function "RIT128x96x4PlotReClear" declared implicitly
assembling PID_stm32.s...
assembling cr4_fft_64_stm32.s...
compiling OS_Buttons.c...
compiling OS_DataStructures.c...
compiling OS_Threads.c...
OS_Threads.c(159): warning:  #177-D: variable "head" was declared but never referenced
compiling OS_Time.c...
compiling OS.c...
compiling Lab4Main.c...
compiling Lab2Main.c...
compiling sqrt.c...
linking...
Program Size: Code=12144 RO-data=1476 RW-data=204 ZI-data=20284  
"OLED.axf" - 0 Error(s), 5 Warning(s).
Rebuild target 'OLED'
assembling Startup.s...
compiling Output.c...
compiling rit128x96x4.c...
compiling OS_Critical.c...
compiling shell.c...
compiling UART.c...
assembling osasm.s...
assembling PID_stm32.s...
assembling cr4_fft_64_stm32.s...
compiling OS_Buttons.c...
compiling OS_DataStructures.c...
compiling OS_Threads.c...
OS_Threads.c(159): warning:  #177-D: variable "head" was declared but never referenced
compiling OS_Time.c...
compiling OS.c...
compiling Lab4Main.c...
compiling Lab2Main.c...
compiling sqrt.c...
compiling ADC.c...
ADC.c(115): error:  #147-D: declaration is incompatible with "int ADC_Collect(unsigned int, unsigned int, void (*)(unsigned short))" (declared at line 19 of "ADC.h")
ADC.c(334): warning:  #223-D: function "memset" declared implicitly
ADC.c(336): warning:  #223-D: function "RIT128x96x4PlotReClear" declared implicitly
ADC.c(343): warning:  #223-D: function "memset" declared implicitly
ADC.c(345): warning:  #223-D: function "RIT128x96x4PlotReClear" declared implicitly
ADC.c(144): warning:  #177-D: function "_ADC_DisableNVICInterrupt" was declared but never referenced
Target not created
Rebuild target 'OLED'
assembling Startup.s...
compiling Output.c...
compiling rit128x96x4.c...
compiling OS_Critical.c...
compiling shell.c...
compiling UART.c...
assembling osasm.s...
assembling PID_stm32.s...
assembling cr4_fft_64_stm32.s...
compiling OS_Buttons.c...
compiling OS_DataStructures.c...
compiling OS_Threads.c...
OS_Threads.c(159): warning:  #177-D: variable "head" was declared but never referenced
compiling OS_Time.c...
compiling OS.c...
compiling Lab4Main.c...
compiling Lab2Main.c...
compiling sqrt.c...
compiling ADC.c...
ADC.c(183): warning:  #223-D: function "memset" declared implicitly
ADC.c(192): warning:  #223-D: function "memset" declared implicitly
linking...
Program Size: Code=12144 RO-data=1476 RW-data=200 ZI-data=20280  
"OLED.axf" - 0 Error(s), 3 Warning(s).
Rebuild target 'OLED'
assembling Startup.s...
compiling Output.c...
compiling rit128x96x4.c...
compiling OS_Critical.c...
compiling shell.c...
compiling UART.c...
assembling osasm.s...
assembling PID_stm32.s...
assembling cr4_fft_64_stm32.s...
compiling OS_Buttons.c...
compiling OS_DataStructures.c...
compiling OS_Threads.c...
OS_Threads.c(159): warning:  #177-D: variable "head" was declared but never referenced
compiling OS_Time.c...
compiling OS.c...
compiling Lab4Main.c...
compiling Lab2Main.c...
compiling sqrt.c...
compiling ADC.c...
linking...
Program Size: Code=12144 RO-data=1476 RW-data=200 ZI-data=20280  
"OLED.axf" - 0 Error(s), 1 Warning(s).
Rebuild target 'OLED'
assembling Startup.s...
compiling Output.c...
compiling rit128x96x4.c...
compiling OS_Critical.c...
compiling shell.c...
shell.c(119): warning:  #223-D: function "ADC_ChangeScopeMode" declared implicitly
shell.c(150): warning:  #223-D: function "ADC_ToggleFilter" declared implicitly
compiling UART.c...
assembling osasm.s...
assembling PID_stm32.s...
assembling cr4_fft_64_stm32.s...
compiling OS_Buttons.c...
compiling OS_DataStructures.c...
compiling OS_Threads.c...
OS_Threads.c(159): warning:  #177-D: variable "head" was declared but never referenced
compiling OS_Time.c...
compiling OS.c...
compiling Lab4Main.c...
compiling Lab2Main.c...
compiling sqrt.c...
compiling ADC.c...
linking...
Program Size: Code=12156 RO-data=1476 RW-data=200 ZI-data=20280  
"OLED.axf" - 0 Error(s), 3 Warning(s).
Rebuild target 'OLED'
assembling Startup.s...
compiling Output.c...
compiling rit128x96x4.c...
compiling OS_Critical.c...
compiling shell.c...
shell.c(120): warning:  #223-D: function "ADC_ChangeScopeMode" declared implicitly
shell.c(151): warning:  #223-D: function "ADC_ToggleFilter" declared implicitly
compiling UART.c...
assembling osasm.s...
assembling PID_stm32.s...
assembling cr4_fft_64_stm32.s...
compiling OS_Buttons.c...
compiling OS_DataStructures.c...
compiling OS_Threads.c...
OS_Threads.c(159): warning:  #177-D: variable "head" was declared but never referenced
compiling OS_Time.c...
compiling OS.c...
compiling Lab4Main.c...
compiling Lab2Main.c...
compiling sqrt.c...
compiling ADC.c...
linking...
Program Size: Code=12156 RO-data=1476 RW-data=200 ZI-data=20280  
"OLED.axf" - 0 Error(s), 3 Warning(s).
Rebuild target 'OLED'
assembling Startup.s...
compiling Output.c...
compiling rit128x96x4.c...
compiling OS_Critical.c...
compiling UART.c...
assembling osasm.s...
assembling PID_stm32.s...
assembling cr4_fft_64_stm32.s...
compiling OS_Buttons.c...
compiling OS_DataStructures.c...
compiling OS_Threads.c...
OS_Threads.c(159): warning:  #177-D: variable "head" was declared but never referenced
compiling OS_Time.c...
compiling OS.c...
compiling Lab4Main.c...
compiling Lab2Main.c...
compiling sqrt.c...
compiling ADC.c...
compiling shell.c...
shell.c(120): warning:  #223-D: function "ADC_ChangeScopeMode" declared implicitly
shell.c(151): warning:  #223-D: function "ADC_ToggleFilter" declared implicitly
linking...
Program Size: Code=12156 RO-data=1476 RW-data=200 ZI-data=20280  
"OLED.axf" - 0 Error(s), 3 Warning(s).
Rebuild target 'OLED'
assembling Startup.s...
compiling Output.c...
compiling rit128x96x4.c...
compiling OS_Critical.c...
compiling UART.c...
assembling osasm.s...
assembling PID_stm32.s...
assembling cr4_fft_64_stm32.s...
compiling OS_Buttons.c...
compiling OS_DataStructures.c...
compiling OS_Threads.c...
OS_Threads.c(159): warning:  #177-D: variable "head" was declared but never referenced
compiling OS_Time.c...
compiling OS.c...
compiling Lab4Main.c...
compiling Lab2Main.c...
compiling sqrt.c...
compiling ADC.c...
compiling shell.c...
linking...
Program Size: Code=12156 RO-data=1476 RW-data=200 ZI-data=20280  
"OLED.axf" - 0 Error(s), 1 Warning(s).
Rebuild target 'OLED'
assembling Startup.s...
compiling Output.c...
compiling rit128x96x4.c...
compiling OS_Critical.c...
compiling UART.c...
assembling osasm.s...
assembling PID_stm32.s...
assembling cr4_fft_64_stm32.s...
compiling OS_Buttons.c...
compiling OS_DataStructures.c...
compiling OS_Threads.c...
OS_Threads.c(159): warning:  #177-D: variable "head" was declared but never referenced
compiling OS_Time.c...
compiling OS.c...
compiling Lab4Main.c...
Lab4Main.c(36): warning:  #167-D: argument of type "int (*)(void)" is incompatible with parameter of type "void (*)(void)"
compiling Lab2Main.c...
compiling sqrt.c...
compiling ADC.c...
compiling shell.c...
linking...
Program Size: Code=12168 RO-data=1476 RW-data=200 ZI-data=20280  
"OLED.axf" - 0 Error(s), 2 Warning(s).
Load "C:\\Users\\Rohith\\Dropbox\\EE445M\\Lab4_Prep\\OLED.AXF" 
Connecting: Mode=JTAG, Speed=1000000Hz
Erase Done.
Programming Done.
Verify OK.
Rebuild target 'OLED'
assembling Startup.s...
compiling Output.c...
compiling rit128x96x4.c...
compiling OS_Critical.c...
compiling UART.c...
assembling osasm.s...
assembling PID_stm32.s...
assembling cr4_fft_64_stm32.s...
compiling OS_Buttons.c...
compiling OS_DataStructures.c...
compiling OS_Threads.c...
OS_Threads.c(159): warning:  #177-D: variable "head" was declared but never referenced
compiling OS_Time.c...
compiling OS.c...
compiling Lab4Main.c...
Lab4Main.c(24): warning:  #167-D: argument of type "int (*)(void)" is incompatible with parameter of type "void (*)(void)"
Lab4Main.c(24): error:  #65: expected a ";"
Lab4Main.c(28): error:  #268: declaration may not appear after executable statement in block
Lab4Main.c(28): error:  #67: expected a "}"
compiling Lab2Main.c...
compiling sqrt.c...
compiling ADC.c...
compiling shell.c...
Target not created
Rebuild target 'OLED'
assembling Startup.s...
compiling Output.c...
compiling rit128x96x4.c...
compiling OS_Critical.c...
compiling UART.c...
assembling osasm.s...
assembling PID_stm32.s...
assembling cr4_fft_64_stm32.s...
compiling OS_Buttons.c...
compiling OS_DataStructures.c...
compiling OS_Threads.c...
OS_Threads.c(159): warning:  #177-D: variable "head" was declared but never referenced
compiling OS_Time.c...
compiling OS.c...
compiling Lab4Main.c...
Lab4Main.c(24): warning:  #167-D: argument of type "int (*)(void)" is incompatible with parameter of type "void (*)(void)"
Lab4Main.c(24): error:  #65: expected a ";"
compiling Lab2Main.c...
compiling sqrt.c...
compiling ADC.c...
compiling shell.c...
Target not created
Load "C:\\Users\\Rohith\\Dropbox\\EE445M\\Lab4_Prep\\OLED.AXF" 
_____^
*** error 56: cannot open file
Rebuild target 'OLED'
assembling Startup.s...
compiling Output.c...
compiling rit128x96x4.c...
compiling OS_Critical.c...
compiling UART.c...
assembling osasm.s...
assembling PID_stm32.s...
assembling cr4_fft_64_stm32.s...
compiling OS_Buttons.c...
compiling OS_DataStructures.c...
compiling OS_Threads.c...
OS_Threads.c(159): warning:  #177-D: variable "head" was declared but never referenced
compiling OS_Time.c...
compiling OS.c...
compiling Lab4Main.c...
Lab4Main.c(24): warning:  #167-D: argument of type "int (*)(void)" is incompatible with parameter of type "void (*)(void)"
compiling Lab2Main.c...
compiling sqrt.c...
compiling ADC.c...
compiling shell.c...
linking...
Program Size: Code=12196 RO-data=1476 RW-data=200 ZI-data=20280  
"OLED.axf" - 0 Error(s), 2 Warning(s).
Load "C:\\Users\\Rohith\\Dropbox\\EE445M\\Lab4_Prep\\OLED.AXF" 
Connecting: Mode=JTAG, Speed=1000000Hz
Erase Done.
Programming Done.
Verify OK.
Rebuild target 'OLED'
assembling Startup.s...
compiling Output.c...
compiling rit128x96x4.c...
compiling OS_Critical.c...
compiling UART.c...
assembling osasm.s...
assembling PID_stm32.s...
assembling cr4_fft_64_stm32.s...
compiling OS_Buttons.c...
compiling OS_DataStructures.c...
compiling OS_Threads.c...
OS_Threads.c(159): warning:  #177-D: variable "head" was declared but never referenced
compiling OS_Time.c...
compiling OS.c...
compiling Lab4Main.c...
Lab4Main.c(24): warning:  #167-D: argument of type "int (*)(void)" is incompatible with parameter of type "void (*)(void)"
compiling Lab2Main.c...
compiling sqrt.c...
compiling ADC.c...
compiling shell.c...
linking...
Program Size: Code=12196 RO-data=1476 RW-data=200 ZI-data=20280  
"OLED.axf" - 0 Error(s), 2 Warning(s).
Load "C:\\Users\\Rohith\\Dropbox\\EE445M\\Lab4_Prep\\OLED.AXF" 
Connecting: Mode=JTAG, Speed=1000000Hz
Erase Done.
Programming Done.
Verify OK.
Rebuild target 'OLED'
assembling Startup.s...
compiling Output.c...
compiling rit128x96x4.c...
compiling OS_Critical.c...
compiling UART.c...
assembling osasm.s...
assembling PID_stm32.s...
assembling cr4_fft_64_stm32.s...
compiling OS_Buttons.c...
compiling OS_DataStructures.c...
compiling OS_Threads.c...
OS_Threads.c(159): warning:  #177-D: variable "head" was declared but never referenced
compiling OS_Time.c...
compiling OS.c...
compiling Lab4Main.c...
Lab4Main.c(24): warning:  #167-D: argument of type "int (*)(void)" is incompatible with parameter of type "void (*)(void)"
compiling Lab2Main.c...
compiling sqrt.c...
compiling ADC.c...
compiling shell.c...
linking...
Program Size: Code=12192 RO-data=1476 RW-data=200 ZI-data=20280  
"OLED.axf" - 0 Error(s), 2 Warning(s).
Rebuild target 'OLED'
assembling Startup.s...
compiling Output.c...
compiling rit128x96x4.c...
compiling OS_Critical.c...
compiling UART.c...
assembling osasm.s...
assembling PID_stm32.s...
assembling cr4_fft_64_stm32.s...
compiling OS_Buttons.c...
compiling OS_DataStructures.c...
compiling OS_Threads.c...
OS_Threads.c(159): warning:  #177-D: variable "head" was declared but never referenced
compiling OS_Time.c...
compiling OS.c...
compiling Lab4Main.c...
compiling Lab2Main.c...
compiling sqrt.c...
compiling ADC.c...
compiling shell.c...
linking...
Program Size: Code=12180 RO-data=1476 RW-data=200 ZI-data=20280  
"OLED.axf" - 0 Error(s), 1 Warning(s).
Load "C:\\Users\\Rohith\\Dropbox\\EE445M\\Lab4_Prep\\OLED.AXF" 
Connecting: Mode=JTAG, Speed=1000000Hz
Erase Done.
Programming Done.
Verify OK.
Rebuild target 'OLED'
assembling Startup.s...
compiling Output.c...
compiling rit128x96x4.c...
compiling OS_Critical.c...
compiling UART.c...
assembling osasm.s...
assembling PID_stm32.s...
assembling cr4_fft_64_stm32.s...
compiling OS_Buttons.c...
compiling OS_DataStructures.c...
compiling OS_Threads.c...
OS_Threads.c(159): warning:  #177-D: variable "head" was declared but never referenced
compiling OS_Time.c...
compiling OS.c...
compiling Lab4Main.c...
compiling Lab2Main.c...
compiling sqrt.c...
compiling ADC.c...
compiling shell.c...
linking...
Program Size: Code=12176 RO-data=1476 RW-data=200 ZI-data=20280  
"OLED.axf" - 0 Error(s), 1 Warning(s).
Load "C:\\Users\\Rohith\\Dropbox\\EE445M\\Lab4_Prep\\OLED.AXF" 
Connecting: Mode=JTAG, Speed=1000000Hz
Erase Done.
Programming Done.
Verify OK.
Rebuild target 'OLED'
assembling Startup.s...
compiling Output.c...
compiling rit128x96x4.c...
compiling OS_Critical.c...
compiling UART.c...
assembling osasm.s...
assembling PID_stm32.s...
assembling cr4_fft_64_stm32.s...
compiling OS_Buttons.c...
compiling OS_DataStructures.c...
compiling OS_Threads.c...
OS_Threads.c(159): warning:  #177-D: variable "head" was declared but never referenced
compiling OS_Time.c...
compiling OS.c...
compiling Lab4Main.c...
compiling Lab2Main.c...
compiling sqrt.c...
compiling ADC.c...
compiling shell.c...
linking...
Program Size: Code=12180 RO-data=1476 RW-data=200 ZI-data=20280  
"OLED.axf" - 0 Error(s), 1 Warning(s).
Load "C:\\Users\\Rohith\\Dropbox\\EE445M\\Lab4_Prep\\OLED.AXF" 
Connecting: Mode=JTAG, Speed=1000000Hz
Erase Done.
Programming Done.
Verify OK.
Rebuild target 'OLED'
assembling Startup.s...
compiling Output.c...
compiling rit128x96x4.c...
compiling OS_Critical.c...
compiling UART.c...
assembling osasm.s...
assembling PID_stm32.s...
assembling cr4_fft_64_stm32.s...
compiling OS_Buttons.c...
compiling OS_DataStructures.c...
compiling OS_Threads.c...
OS_Threads.c(159): warning:  #177-D: variable "head" was declared but never referenced
compiling OS_Time.c...
compiling OS.c...
compiling Lab4Main.c...
compiling Lab2Main.c...
compiling sqrt.c...
compiling ADC.c...
compiling shell.c...
linking...
Program Size: Code=12216 RO-data=1476 RW-data=204 ZI-data=20284  
"OLED.axf" - 0 Error(s), 1 Warning(s).
Load "C:\\Users\\Rohith\\Dropbox\\EE445M\\Lab4_Prep\\OLED.AXF" 
Connecting: Mode=JTAG, Speed=1000000Hz
Erase Done.
Programming Done.
Verify OK.
Rebuild target 'OLED'
assembling Startup.s...
compiling Output.c...
compiling rit128x96x4.c...
compiling OS_Critical.c...
compiling UART.c...
assembling osasm.s...
assembling PID_stm32.s...
assembling cr4_fft_64_stm32.s...
compiling OS_Buttons.c...
compiling OS_DataStructures.c...
compiling OS_Threads.c...
OS_Threads.c(159): warning:  #177-D: variable "head" was declared but never referenced
compiling OS_Time.c...
compiling OS.c...
compiling Lab4Main.c...
compiling Lab2Main.c...
compiling sqrt.c...
compiling ADC.c...
compiling shell.c...
linking...
Program Size: Code=12224 RO-data=1476 RW-data=204 ZI-data=20284  
"OLED.axf" - 0 Error(s), 1 Warning(s).
Load "C:\\Users\\Rohith\\Dropbox\\EE445M\\Lab4_Prep\\OLED.AXF" 
Connecting: Mode=JTAG, Speed=1000000Hz
Erase Done.
Programming Done.
Verify OK.
Rebuild target 'OLED'
assembling Startup.s...
compiling Output.c...
compiling rit128x96x4.c...
compiling OS_Critical.c...
compiling UART.c...
assembling osasm.s...
assembling PID_stm32.s...
assembling cr4_fft_64_stm32.s...
compiling OS_Buttons.c...
compiling OS_DataStructures.c...
compiling OS_Threads.c...
OS_Threads.c(159): warning:  #177-D: variable "head" was declared but never referenced
compiling OS_Time.c...
compiling OS.c...
compiling Lab4Main.c...
compiling Lab2Main.c...
compiling sqrt.c...
compiling ADC.c...
compiling shell.c...
linking...
Program Size: Code=12228 RO-data=1476 RW-data=204 ZI-data=20284  
"OLED.axf" - 0 Error(s), 1 Warning(s).
Load "C:\\Users\\Rohith\\Dropbox\\EE445M\\Lab4_Prep\\OLED.AXF" 
Connecting: Mode=JTAG, Speed=1000000Hz
Erase Done.
Programming Done.
Verify OK.
Rebuild target 'OLED'
assembling Startup.s...
compiling Output.c...
compiling rit128x96x4.c...
compiling OS_Critical.c...
compiling UART.c...
assembling osasm.s...
assembling PID_stm32.s...
assembling cr4_fft_64_stm32.s...
compiling OS_Buttons.c...
compiling OS_DataStructures.c...
compiling OS_Threads.c...
OS_Threads.c(159): warning:  #177-D: variable "head" was declared but never referenced
compiling OS_Time.c...
compiling OS.c...
compiling Lab4Main.c...
compiling Lab2Main.c...
compiling sqrt.c...
compiling ADC.c...
compiling shell.c...
linking...
Program Size: Code=12228 RO-data=1476 RW-data=204 ZI-data=20284  
"OLED.axf" - 0 Error(s), 1 Warning(s).
Load "C:\\Users\\Rohith\\Dropbox\\EE445M\\Lab4_Prep\\OLED.AXF" 
Connecting: Mode=JTAG, Speed=1000000Hz
Erase Done.
Programming Done.
Verify OK.
Rebuild target 'OLED'
assembling Startup.s...
compiling Output.c...
compiling rit128x96x4.c...
compiling OS_Critical.c...
compiling UART.c...
assembling osasm.s...
assembling PID_stm32.s...
assembling cr4_fft_64_stm32.s...
compiling OS_Buttons.c...
compiling OS_DataStructures.c...
compiling OS_Threads.c...
OS_Threads.c(159): warning:  #177-D: variable "head" was declared but never referenced
compiling OS_Time.c...
compiling OS.c...
compiling Lab4Main.c...
compiling Lab2Main.c...
compiling sqrt.c...
compiling ADC.c...
compiling shell.c...
linking...
Program Size: Code=12224 RO-data=1476 RW-data=204 ZI-data=20284  
"OLED.axf" - 0 Error(s), 1 Warning(s).
Rebuild target 'OLED'
assembling Startup.s...
compiling Output.c...
compiling rit128x96x4.c...
compiling OS_Critical.c...
compiling UART.c...
assembling osasm.s...
assembling PID_stm32.s...
assembling cr4_fft_64_stm32.s...
compiling OS_Buttons.c...
compiling OS_DataStructures.c...
compiling OS_Threads.c...
OS_Threads.c(159): warning:  #177-D: variable "head" was declared but never referenced
compiling OS_Time.c...
compiling OS.c...
compiling Lab4Main.c...
compiling Lab2Main.c...
compiling sqrt.c...
compiling ADC.c...
compiling shell.c...
linking...
Program Size: Code=12224 RO-data=1476 RW-data=204 ZI-data=20284  
"OLED.axf" - 0 Error(s), 1 Warning(s).
Load "C:\\Users\\Rohith\\Dropbox\\EE445M\\Lab4_Prep\\OLED.AXF" 
Connecting: Mode=JTAG, Speed=1000000Hz
Erase Done.
Programming Done.
Verify OK.
