<html>
<body>
<pre>
<h1>µVision Build Log</h1>
<h2>Project:</h2>
Z:\Dropbox\EE445M\Lab3_Performance\Lab2.uvproj
Project File Date:  02/25/2013

<h2>Output:</h2>
Rebuild target 'OLED'
assembling Startup.s...
compiling Output.c...
compiling rit128x96x4.c...
compiling OS_Critical.c...
compiling shell.c...
shell.c(178): warning:  #177-D: variable "i" was declared but never referenced
shell.c(179): warning:  #177-D: variable "str" was declared but never referenced
shell.c(154): warning:  #177-D: function "_SH_Parse_Command" was declared but never referenced
compiling UART.c...
assembling osasm.s...
compiling Lab2Main.c...
compiling ADC.c...
..\Lab2_Final\ADC.c(149): warning:  #177-D: function "_ADC_DisableNVICInterrupt" was declared but never referenced
assembling PID_stm32.s...
assembling cr4_fft_64_stm32.s...
compiling OS_Buttons.c...
compiling OS_DataStructures.c...
compiling OS_Threads.c...
OS_Threads.c(159): warning:  #177-D: variable "head" was declared but never referenced
compiling OS_Time.c...
compiling OS.c...
linking...
Program Size: Code=13268 RO-data=760 RW-data=208 ZI-data=43208  
"OLED.axf" - 0 Error(s), 5 Warning(s).
Load "Z:\\Dropbox\\EE445M\\Lab3_Performance\\OLED.AXF" 
Connecting: Mode=JTAG, Speed=1000000Hz
Erase Done.
Programming Done.
Verify OK.
Rebuild target 'OLED'
assembling Startup.s...
compiling Output.c...
compiling rit128x96x4.c...
compiling OS_Critical.c...
compiling shell.c...
shell.c(178): warning:  #177-D: variable "i" was declared but never referenced
shell.c(179): warning:  #177-D: variable "str" was declared but never referenced
shell.c(154): warning:  #177-D: function "_SH_Parse_Command" was declared but never referenced
compiling UART.c...
assembling osasm.s...
compiling Lab2Main.c...
compiling ADC.c...
..\Lab2_Final\ADC.c(149): warning:  #177-D: function "_ADC_DisableNVICInterrupt" was declared but never referenced
assembling PID_stm32.s...
assembling cr4_fft_64_stm32.s...
compiling OS_Buttons.c...
compiling OS_DataStructures.c...
compiling OS_Threads.c...
OS_Threads.c(159): warning:  #177-D: variable "head" was declared but never referenced
compiling OS_Time.c...
compiling OS.c...
linking...
Program Size: Code=13268 RO-data=760 RW-data=208 ZI-data=43208  
"OLED.axf" - 0 Error(s), 5 Warning(s).
Load "Z:\\Dropbox\\EE445M\\Lab3_Performance\\OLED.AXF" 
Connecting: Mode=JTAG, Speed=1000000Hz
Erase Done.
Programming Done.
Verify OK.
Rebuild target 'OLED'
assembling Startup.s...
compiling Output.c...
compiling rit128x96x4.c...
compiling OS_Critical.c...
compiling shell.c...
shell.c(178): warning:  #177-D: variable "i" was declared but never referenced
shell.c(179): warning:  #177-D: variable "str" was declared but never referenced
shell.c(154): warning:  #177-D: function "_SH_Parse_Command" was declared but never referenced
compiling UART.c...
assembling osasm.s...
compiling Lab2Main.c...
compiling ADC.c...
..\Lab2_Final\ADC.c(149): warning:  #177-D: function "_ADC_DisableNVICInterrupt" was declared but never referenced
assembling PID_stm32.s...
assembling cr4_fft_64_stm32.s...
compiling OS_Buttons.c...
compiling OS_DataStructures.c...
compiling OS_Threads.c...
OS_Threads.c(159): warning:  #177-D: variable "head" was declared but never referenced
compiling OS_Time.c...
compiling OS.c...
linking...
Program Size: Code=13268 RO-data=760 RW-data=208 ZI-data=43208  
"OLED.axf" - 0 Error(s), 5 Warning(s).
Load "Z:\\Dropbox\\EE445M\\Lab3_Performance\\OLED.AXF" 
Connecting: Mode=JTAG, Speed=1000000Hz
Erase Done.
Programming Done.
Verify OK.
Rebuild target 'OLED'
assembling Startup.s...
compiling Output.c...
compiling rit128x96x4.c...
compiling OS_Critical.c...
compiling shell.c...
shell.c(178): warning:  #177-D: variable "i" was declared but never referenced
shell.c(179): warning:  #177-D: variable "str" was declared but never referenced
shell.c(154): warning:  #177-D: function "_SH_Parse_Command" was declared but never referenced
compiling UART.c...
assembling osasm.s...
compiling Lab2Main.c...
compiling ADC.c...
..\Lab2_Final\ADC.c(149): warning:  #177-D: function "_ADC_DisableNVICInterrupt" was declared but never referenced
assembling PID_stm32.s...
assembling cr4_fft_64_stm32.s...
compiling OS_Buttons.c...
compiling OS_DataStructures.c...
compiling OS_Threads.c...
OS_Threads.c(159): warning:  #177-D: variable "head" was declared but never referenced
compiling OS_Time.c...
compiling OS.c...
linking...
Program Size: Code=13268 RO-data=760 RW-data=208 ZI-data=43208  
"OLED.axf" - 0 Error(s), 5 Warning(s).
Load "Z:\\Dropbox\\EE445M\\Lab3_Performance\\OLED.AXF" 
Connecting: Mode=JTAG, Speed=1000000Hz
Erase Done.
Programming Done.
Verify OK.
Rebuild target 'OLED'
assembling Startup.s...
compiling Output.c...
compiling rit128x96x4.c...
compiling OS_Critical.c...
compiling shell.c...
shell.c(178): warning:  #177-D: variable "i" was declared but never referenced
shell.c(179): warning:  #177-D: variable "str" was declared but never referenced
shell.c(154): warning:  #177-D: function "_SH_Parse_Command" was declared but never referenced
compiling UART.c...
assembling osasm.s...
compiling Lab2Main.c...
compiling ADC.c...
..\Lab2_Final\ADC.c(149): warning:  #177-D: function "_ADC_DisableNVICInterrupt" was declared but never referenced
assembling PID_stm32.s...
assembling cr4_fft_64_stm32.s...
compiling OS_Buttons.c...
compiling OS_DataStructures.c...
compiling OS_Threads.c...
OS_Threads.c(159): warning:  #177-D: variable "head" was declared but never referenced
compiling OS_Time.c...
compiling OS.c...
linking...
Program Size: Code=13260 RO-data=760 RW-data=208 ZI-data=43208  
"OLED.axf" - 0 Error(s), 5 Warning(s).
Load "Z:\\Dropbox\\EE445M\\Lab3_Performance\\OLED.AXF" 
Connecting: Mode=JTAG, Speed=1000000Hz
Erase Done.
Programming Done.
Verify OK.
Rebuild target 'OLED'
assembling Startup.s...
compiling Output.c...
compiling rit128x96x4.c...
compiling OS_Critical.c...
compiling shell.c...
shell.c(178): warning:  #177-D: variable "i" was declared but never referenced
shell.c(179): warning:  #177-D: variable "str" was declared but never referenced
shell.c(154): warning:  #177-D: function "_SH_Parse_Command" was declared but never referenced
compiling UART.c...
assembling osasm.s...
compiling Lab2Main.c...
compiling ADC.c...
..\Lab2_Final\ADC.c(149): warning:  #177-D: function "_ADC_DisableNVICInterrupt" was declared but never referenced
assembling PID_stm32.s...
assembling cr4_fft_64_stm32.s...
compiling OS_Buttons.c...
compiling OS_DataStructures.c...
compiling OS_Threads.c...
OS_Threads.c(159): warning:  #177-D: variable "head" was declared but never referenced
compiling OS_Time.c...
compiling OS.c...
linking...
Program Size: Code=13260 RO-data=760 RW-data=208 ZI-data=43208  
"OLED.axf" - 0 Error(s), 5 Warning(s).
Load "Z:\\Dropbox\\EE445M\\Lab3_Performance\\OLED.AXF" 
Connecting: Mode=JTAG, Speed=1000000Hz
Erase Done.
Programming Done.
Verify OK.
Rebuild target 'OLED'
assembling Startup.s...
compiling Output.c...
compiling rit128x96x4.c...
compiling OS_Critical.c...
compiling shell.c...
shell.c(178): warning:  #177-D: variable "i" was declared but never referenced
shell.c(179): warning:  #177-D: variable "str" was declared but never referenced
shell.c(154): warning:  #177-D: function "_SH_Parse_Command" was declared but never referenced
compiling UART.c...
assembling osasm.s...
compiling Lab2Main.c...
compiling ADC.c...
..\Lab2_Final\ADC.c(149): warning:  #177-D: function "_ADC_DisableNVICInterrupt" was declared but never referenced
assembling PID_stm32.s...
assembling cr4_fft_64_stm32.s...
compiling OS_Buttons.c...
compiling OS_DataStructures.c...
compiling OS_Threads.c...
OS_Threads.c(159): warning:  #177-D: variable "head" was declared but never referenced
compiling OS_Time.c...
compiling OS.c...
linking...
Program Size: Code=13264 RO-data=760 RW-data=208 ZI-data=43208  
"OLED.axf" - 0 Error(s), 5 Warning(s).
Load "Z:\\Dropbox\\EE445M\\Lab3_Performance\\OLED.AXF" 
Connecting: Mode=JTAG, Speed=1000000Hz
Erase Done.
Programming Done.
Verify OK.
Rebuild target 'OLED'
assembling Startup.s...
compiling Output.c...
compiling rit128x96x4.c...
compiling OS_Critical.c...
compiling shell.c...
shell.c(178): warning:  #177-D: variable "i" was declared but never referenced
shell.c(179): warning:  #177-D: variable "str" was declared but never referenced
shell.c(154): warning:  #177-D: function "_SH_Parse_Command" was declared but never referenced
compiling UART.c...
assembling osasm.s...
compiling Lab2Main.c...
compiling ADC.c...
..\Lab2_Final\ADC.c(149): warning:  #177-D: function "_ADC_DisableNVICInterrupt" was declared but never referenced
assembling PID_stm32.s...
assembling cr4_fft_64_stm32.s...
compiling OS_Buttons.c...
compiling OS_DataStructures.c...
compiling OS_Threads.c...
OS_Threads.c(159): warning:  #177-D: variable "head" was declared but never referenced
compiling OS_Time.c...
compiling OS.c...
linking...
Program Size: Code=13264 RO-data=760 RW-data=208 ZI-data=43208  
"OLED.axf" - 0 Error(s), 5 Warning(s).
Load "Z:\\Dropbox\\EE445M\\Lab3_Performance\\OLED.AXF" 
Connecting: Mode=JTAG, Speed=1000000Hz
Erase Done.
Programming Done.
Verify OK.
Rebuild target 'OLED'
assembling Startup.s...
compiling Output.c...
compiling rit128x96x4.c...
compiling OS_Critical.c...
compiling shell.c...
shell.c(178): warning:  #177-D: variable "i" was declared but never referenced
shell.c(179): warning:  #177-D: variable "str" was declared but never referenced
shell.c(154): warning:  #177-D: function "_SH_Parse_Command" was declared but never referenced
compiling UART.c...
assembling osasm.s...
compiling Lab2Main.c...
compiling ADC.c...
..\Lab2_Final\ADC.c(149): warning:  #177-D: function "_ADC_DisableNVICInterrupt" was declared but never referenced
assembling PID_stm32.s...
assembling cr4_fft_64_stm32.s...
compiling OS_Buttons.c...
compiling OS_DataStructures.c...
compiling OS_Threads.c...
OS_Threads.c(159): warning:  #177-D: variable "head" was declared but never referenced
compiling OS_Time.c...
compiling OS.c...
linking...
Program Size: Code=13264 RO-data=760 RW-data=208 ZI-data=43208  
"OLED.axf" - 0 Error(s), 5 Warning(s).
Load "Z:\\Dropbox\\EE445M\\Lab3_Performance\\OLED.AXF" 
Connecting: Mode=JTAG, Speed=1000000Hz
Erase Done.
Programming Done.
Verify OK.
Rebuild target 'OLED'
assembling Startup.s...
compiling Output.c...
compiling rit128x96x4.c...
compiling OS_Critical.c...
compiling shell.c...
shell.c(178): warning:  #177-D: variable "i" was declared but never referenced
shell.c(179): warning:  #177-D: variable "str" was declared but never referenced
shell.c(154): warning:  #177-D: function "_SH_Parse_Command" was declared but never referenced
compiling UART.c...
assembling osasm.s...
compiling Lab2Main.c...
compiling ADC.c...
..\Lab2_Final\ADC.c(149): warning:  #177-D: function "_ADC_DisableNVICInterrupt" was declared but never referenced
assembling PID_stm32.s...
assembling cr4_fft_64_stm32.s...
compiling OS_Buttons.c...
compiling OS_DataStructures.c...
compiling OS_Threads.c...
OS_Threads.c(159): warning:  #177-D: variable "head" was declared but never referenced
compiling OS_Time.c...
compiling OS.c...
linking...
Program Size: Code=13264 RO-data=760 RW-data=208 ZI-data=43208  
"OLED.axf" - 0 Error(s), 5 Warning(s).
Load "Z:\\Dropbox\\EE445M\\Lab3_Performance\\OLED.AXF" 
Connecting: Mode=JTAG, Speed=1000000Hz
Erase Done.
Programming Done.
Verify OK.
Rebuild target 'OLED'
assembling Startup.s...
compiling Output.c...
compiling rit128x96x4.c...
compiling OS_Critical.c...
compiling shell.c...
shell.c(178): warning:  #177-D: variable "i" was declared but never referenced
shell.c(179): warning:  #177-D: variable "str" was declared but never referenced
shell.c(154): warning:  #177-D: function "_SH_Parse_Command" was declared but never referenced
compiling UART.c...
assembling osasm.s...
compiling Lab2Main.c...
compiling ADC.c...
..\Lab2_Final\ADC.c(149): warning:  #177-D: function "_ADC_DisableNVICInterrupt" was declared but never referenced
assembling PID_stm32.s...
assembling cr4_fft_64_stm32.s...
compiling OS_Buttons.c...
compiling OS_DataStructures.c...
compiling OS_Threads.c...
OS_Threads.c(159): warning:  #177-D: variable "head" was declared but never referenced
compiling OS_Time.c...
compiling OS.c...
linking...
Program Size: Code=13268 RO-data=760 RW-data=208 ZI-data=43208  
"OLED.axf" - 0 Error(s), 5 Warning(s).
Load "Z:\\Dropbox\\EE445M\\Lab3_Performance\\OLED.AXF" 
Connecting: Mode=JTAG, Speed=1000000Hz
Erase Done.
Programming Done.
Verify OK.
Rebuild target 'OLED'
assembling Startup.s...
compiling Output.c...
compiling rit128x96x4.c...
compiling OS_Critical.c...
compiling shell.c...
shell.c(178): warning:  #177-D: variable "i" was declared but never referenced
shell.c(179): warning:  #177-D: variable "str" was declared but never referenced
shell.c(154): warning:  #177-D: function "_SH_Parse_Command" was declared but never referenced
compiling UART.c...
assembling osasm.s...
compiling Lab2Main.c...
compiling ADC.c...
..\Lab2_Final\ADC.c(149): warning:  #177-D: function "_ADC_DisableNVICInterrupt" was declared but never referenced
assembling PID_stm32.s...
assembling cr4_fft_64_stm32.s...
compiling OS_Buttons.c...
compiling OS_DataStructures.c...
compiling OS_Threads.c...
OS_Threads.c(159): warning:  #177-D: variable "head" was declared but never referenced
compiling OS_Time.c...
compiling OS.c...
linking...
Program Size: Code=13268 RO-data=760 RW-data=208 ZI-data=43208  
"OLED.axf" - 0 Error(s), 5 Warning(s).
Load "Z:\\Dropbox\\EE445M\\Lab3_Performance\\OLED.AXF" 
Connecting: Mode=JTAG, Speed=1000000Hz
Erase Done.
Programming Done.
Verify OK.
Rebuild target 'OLED'
assembling Startup.s...
compiling Output.c...
compiling rit128x96x4.c...
compiling OS_Critical.c...
compiling shell.c...
shell.c(178): warning:  #177-D: variable "i" was declared but never referenced
shell.c(179): warning:  #177-D: variable "str" was declared but never referenced
shell.c(154): warning:  #177-D: function "_SH_Parse_Command" was declared but never referenced
compiling UART.c...
assembling osasm.s...
compiling Lab2Main.c...
compiling ADC.c...
..\Lab2_Final\ADC.c(149): warning:  #177-D: function "_ADC_DisableNVICInterrupt" was declared but never referenced
assembling PID_stm32.s...
assembling cr4_fft_64_stm32.s...
compiling OS_Buttons.c...
compiling OS_DataStructures.c...
compiling OS_Threads.c...
OS_Threads.c(159): warning:  #177-D: variable "head" was declared but never referenced
compiling OS_Time.c...
compiling OS.c...
linking...
Program Size: Code=13268 RO-data=760 RW-data=208 ZI-data=43208  
"OLED.axf" - 0 Error(s), 5 Warning(s).
Load "Z:\\Dropbox\\EE445M\\Lab3_Performance\\OLED.AXF" 
Connecting: Mode=JTAG, Speed=1000000Hz
Erase Done.
Programming Done.
Verify OK.
Rebuild target 'OLED'
assembling Startup.s...
compiling Output.c...
compiling rit128x96x4.c...
compiling OS_Critical.c...
compiling shell.c...
shell.c(178): warning:  #177-D: variable "i" was declared but never referenced
shell.c(179): warning:  #177-D: variable "str" was declared but never referenced
shell.c(154): warning:  #177-D: function "_SH_Parse_Command" was declared but never referenced
compiling UART.c...
assembling osasm.s...
compiling Lab2Main.c...
compiling ADC.c...
..\Lab2_Final\ADC.c(149): warning:  #177-D: function "_ADC_DisableNVICInterrupt" was declared but never referenced
assembling PID_stm32.s...
assembling cr4_fft_64_stm32.s...
compiling OS_Buttons.c...
compiling OS_DataStructures.c...
compiling OS_Threads.c...
OS_Threads.c(159): warning:  #177-D: variable "head" was declared but never referenced
compiling OS_Time.c...
compiling OS.c...
linking...
Program Size: Code=13268 RO-data=760 RW-data=208 ZI-data=43208  
"OLED.axf" - 0 Error(s), 5 Warning(s).
Load "Z:\\Dropbox\\EE445M\\Lab3_Performance\\OLED.AXF" 
Connecting: Mode=JTAG, Speed=1000000Hz
Erase Done.
Programming Done.
Verify OK.
Rebuild target 'OLED'
assembling Startup.s...
compiling Output.c...
compiling rit128x96x4.c...
compiling OS_Critical.c...
compiling shell.c...
shell.c(178): warning:  #177-D: variable "i" was declared but never referenced
shell.c(179): warning:  #177-D: variable "str" was declared but never referenced
shell.c(154): warning:  #177-D: function "_SH_Parse_Command" was declared but never referenced
compiling UART.c...
assembling osasm.s...
compiling Lab2Main.c...
compiling ADC.c...
..\Lab2_Final\ADC.c(149): warning:  #177-D: function "_ADC_DisableNVICInterrupt" was declared but never referenced
assembling PID_stm32.s...
assembling cr4_fft_64_stm32.s...
compiling OS_Buttons.c...
compiling OS_DataStructures.c...
compiling OS_Threads.c...
OS_Threads.c(159): warning:  #177-D: variable "head" was declared but never referenced
compiling OS_Time.c...
compiling OS.c...
linking...
Program Size: Code=13268 RO-data=760 RW-data=208 ZI-data=43208  
"OLED.axf" - 0 Error(s), 5 Warning(s).
Load "Z:\\Dropbox\\EE445M\\Lab3_Performance\\OLED.AXF" 
Connecting: Mode=JTAG, Speed=1000000Hz
Erase Done.
Programming Done.
Verify OK.
Rebuild target 'OLED'
assembling Startup.s...
compiling Output.c...
compiling rit128x96x4.c...
compiling OS_Critical.c...
compiling shell.c...
shell.c(178): warning:  #177-D: variable "i" was declared but never referenced
shell.c(179): warning:  #177-D: variable "str" was declared but never referenced
shell.c(154): warning:  #177-D: function "_SH_Parse_Command" was declared but never referenced
compiling UART.c...
assembling osasm.s...
compiling Lab2Main.c...
compiling ADC.c...
..\Lab2_Final\ADC.c(149): warning:  #177-D: function "_ADC_DisableNVICInterrupt" was declared but never referenced
assembling PID_stm32.s...
assembling cr4_fft_64_stm32.s...
compiling OS_Buttons.c...
compiling OS_DataStructures.c...
compiling OS_Threads.c...
OS_Threads.c(159): warning:  #177-D: variable "head" was declared but never referenced
compiling OS_Time.c...
compiling OS.c...
linking...
Program Size: Code=13268 RO-data=760 RW-data=208 ZI-data=43208  
"OLED.axf" - 0 Error(s), 5 Warning(s).
Load "Z:\\Dropbox\\EE445M\\Lab3_Performance\\OLED.AXF" 
Connecting: Mode=JTAG, Speed=1000000Hz
Erase Done.
Programming Done.
Verify OK.
Rebuild target 'OLED'
assembling Startup.s...
compiling Output.c...
compiling rit128x96x4.c...
compiling OS_Critical.c...
compiling shell.c...
shell.c(178): warning:  #177-D: variable "i" was declared but never referenced
shell.c(179): warning:  #177-D: variable "str" was declared but never referenced
shell.c(154): warning:  #177-D: function "_SH_Parse_Command" was declared but never referenced
compiling UART.c...
assembling osasm.s...
compiling Lab2Main.c...
compiling ADC.c...
..\Lab2_Final\ADC.c(149): warning:  #177-D: function "_ADC_DisableNVICInterrupt" was declared but never referenced
assembling PID_stm32.s...
assembling cr4_fft_64_stm32.s...
compiling OS_Buttons.c...
compiling OS_DataStructures.c...
compiling OS_Threads.c...
OS_Threads.c(159): warning:  #177-D: variable "head" was declared but never referenced
compiling OS_Time.c...
compiling OS.c...
linking...
Program Size: Code=13268 RO-data=760 RW-data=208 ZI-data=43208  
"OLED.axf" - 0 Error(s), 5 Warning(s).
Load "Z:\\Dropbox\\EE445M\\Lab3_Performance\\OLED.AXF" 
Connecting: Mode=JTAG, Speed=1000000Hz
Erase Done.
Programming Done.
Verify OK.
Rebuild target 'OLED'
assembling Startup.s...
compiling Output.c...
compiling rit128x96x4.c...
compiling OS_Critical.c...
compiling shell.c...
shell.c(178): warning:  #177-D: variable "i" was declared but never referenced
shell.c(179): warning:  #177-D: variable "str" was declared but never referenced
shell.c(154): warning:  #177-D: function "_SH_Parse_Command" was declared but never referenced
compiling UART.c...
assembling osasm.s...
compiling Lab2Main.c...
compiling ADC.c...
..\Lab2_Final\ADC.c(149): warning:  #177-D: function "_ADC_DisableNVICInterrupt" was declared but never referenced
assembling PID_stm32.s...
assembling cr4_fft_64_stm32.s...
compiling OS_Buttons.c...
compiling OS_DataStructures.c...
compiling OS_Threads.c...
OS_Threads.c(159): warning:  #177-D: variable "head" was declared but never referenced
compiling OS_Time.c...
compiling OS.c...
linking...
Program Size: Code=13268 RO-data=760 RW-data=208 ZI-data=43208  
"OLED.axf" - 0 Error(s), 5 Warning(s).
Load "Z:\\Dropbox\\EE445M\\Lab3_Performance\\OLED.AXF" 
Connecting: Mode=JTAG, Speed=1000000Hz
Erase Done.
Programming Done.
Verify OK.
Rebuild target 'OLED'
assembling Startup.s...
compiling Output.c...
compiling rit128x96x4.c...
compiling OS_Critical.c...
compiling shell.c...
shell.c(178): warning:  #177-D: variable "i" was declared but never referenced
shell.c(179): warning:  #177-D: variable "str" was declared but never referenced
shell.c(154): warning:  #177-D: function "_SH_Parse_Command" was declared but never referenced
compiling UART.c...
assembling osasm.s...
compiling Lab2Main.c...
compiling ADC.c...
..\Lab2_Final\ADC.c(149): warning:  #177-D: function "_ADC_DisableNVICInterrupt" was declared but never referenced
assembling PID_stm32.s...
assembling cr4_fft_64_stm32.s...
compiling OS_Buttons.c...
compiling OS_DataStructures.c...
compiling OS_Threads.c...
OS_Threads.c(159): warning:  #177-D: variable "head" was declared but never referenced
compiling OS_Time.c...
compiling OS.c...
linking...
Program Size: Code=13268 RO-data=760 RW-data=208 ZI-data=43208  
"OLED.axf" - 0 Error(s), 5 Warning(s).
Load "Z:\\Dropbox\\EE445M\\Lab3_Performance\\OLED.AXF" 
Connecting: Mode=JTAG, Speed=1000000Hz
Erase Done.
Programming Done.
Verify OK.
Rebuild target 'OLED'
assembling Startup.s...
compiling Output.c...
compiling rit128x96x4.c...
compiling OS_Critical.c...
compiling shell.c...
shell.c(178): warning:  #177-D: variable "i" was declared but never referenced
shell.c(179): warning:  #177-D: variable "str" was declared but never referenced
shell.c(154): warning:  #177-D: function "_SH_Parse_Command" was declared but never referenced
compiling UART.c...
assembling osasm.s...
compiling Lab2Main.c...
compiling ADC.c...
..\Lab2_Final\ADC.c(149): warning:  #177-D: function "_ADC_DisableNVICInterrupt" was declared but never referenced
assembling PID_stm32.s...
assembling cr4_fft_64_stm32.s...
compiling OS_Buttons.c...
compiling OS_DataStructures.c...
compiling OS_Threads.c...
OS_Threads.c(159): warning:  #177-D: variable "head" was declared but never referenced
compiling OS_Time.c...
compiling OS.c...
linking...
Program Size: Code=13268 RO-data=760 RW-data=208 ZI-data=43208  
"OLED.axf" - 0 Error(s), 5 Warning(s).
Load "Z:\\Dropbox\\EE445M\\Lab3_Performance\\OLED.AXF" 
Connecting: Mode=JTAG, Speed=1000000Hz
Erase Done.
Programming Done.
Verify OK.
Rebuild target 'OLED'
assembling Startup.s...
compiling Output.c...
compiling rit128x96x4.c...
compiling OS_Critical.c...
compiling shell.c...
shell.c(178): warning:  #177-D: variable "i" was declared but never referenced
shell.c(179): warning:  #177-D: variable "str" was declared but never referenced
shell.c(154): warning:  #177-D: function "_SH_Parse_Command" was declared but never referenced
compiling UART.c...
assembling osasm.s...
compiling Lab2Main.c...
compiling ADC.c...
..\Lab2_Final\ADC.c(149): warning:  #177-D: function "_ADC_DisableNVICInterrupt" was declared but never referenced
assembling PID_stm32.s...
assembling cr4_fft_64_stm32.s...
compiling OS_Buttons.c...
compiling OS_DataStructures.c...
compiling OS_Threads.c...
OS_Threads.c(159): warning:  #177-D: variable "head" was declared but never referenced
compiling OS_Time.c...
compiling OS.c...
linking...
Program Size: Code=13268 RO-data=760 RW-data=208 ZI-data=43208  
"OLED.axf" - 0 Error(s), 5 Warning(s).
Load "Z:\\Dropbox\\EE445M\\Lab3_Performance\\OLED.AXF" 
Connecting: Mode=JTAG, Speed=1000000Hz
Erase Done.
Programming Done.
Verify OK.
Rebuild target 'OLED'
assembling Startup.s...
compiling Output.c...
compiling rit128x96x4.c...
compiling OS_Critical.c...
compiling shell.c...
shell.c(178): warning:  #177-D: variable "i" was declared but never referenced
shell.c(179): warning:  #177-D: variable "str" was declared but never referenced
shell.c(154): warning:  #177-D: function "_SH_Parse_Command" was declared but never referenced
compiling UART.c...
assembling osasm.s...
compiling Lab2Main.c...
compiling ADC.c...
..\Lab2_Final\ADC.c(149): warning:  #177-D: function "_ADC_DisableNVICInterrupt" was declared but never referenced
assembling PID_stm32.s...
assembling cr4_fft_64_stm32.s...
compiling OS_Buttons.c...
compiling OS_DataStructures.c...
compiling OS_Threads.c...
OS_Threads.c(159): warning:  #177-D: variable "head" was declared but never referenced
compiling OS_Time.c...
compiling OS.c...
linking...
Program Size: Code=13268 RO-data=760 RW-data=208 ZI-data=43208  
"OLED.axf" - 0 Error(s), 5 Warning(s).
Load "Z:\\Dropbox\\EE445M\\Lab3_Performance\\OLED.AXF" 
Connecting: Mode=JTAG, Speed=1000000Hz
Erase Done.
Programming Done.
Verify OK.
Rebuild target 'OLED'
assembling Startup.s...
compiling Output.c...
compiling rit128x96x4.c...
compiling OS_Critical.c...
compiling shell.c...
shell.c(178): warning:  #177-D: variable "i" was declared but never referenced
shell.c(179): warning:  #177-D: variable "str" was declared but never referenced
shell.c(154): warning:  #177-D: function "_SH_Parse_Command" was declared but never referenced
compiling UART.c...
assembling osasm.s...
compiling Lab2Main.c...
compiling ADC.c...
..\Lab2_Final\ADC.c(149): warning:  #177-D: function "_ADC_DisableNVICInterrupt" was declared but never referenced
assembling PID_stm32.s...
assembling cr4_fft_64_stm32.s...
compiling OS_Buttons.c...
compiling OS_DataStructures.c...
compiling OS_Threads.c...
OS_Threads.c(159): warning:  #177-D: variable "head" was declared but never referenced
compiling OS_Time.c...
compiling OS.c...
linking...
Program Size: Code=13268 RO-data=760 RW-data=208 ZI-data=43208  
"OLED.axf" - 0 Error(s), 5 Warning(s).
Load "Z:\\Dropbox\\EE445M\\Lab3_Performance\\OLED.AXF" 
Connecting: Mode=JTAG, Speed=1000000Hz
Erase Done.
Programming Done.
Verify OK.
Rebuild target 'OLED'
assembling Startup.s...
compiling Output.c...
compiling rit128x96x4.c...
compiling OS_Critical.c...
compiling shell.c...
shell.c(178): warning:  #177-D: variable "i" was declared but never referenced
shell.c(179): warning:  #177-D: variable "str" was declared but never referenced
shell.c(154): warning:  #177-D: function "_SH_Parse_Command" was declared but never referenced
compiling UART.c...
assembling osasm.s...
compiling Lab2Main.c...
compiling ADC.c...
..\Lab2_Final\ADC.c(149): warning:  #177-D: function "_ADC_DisableNVICInterrupt" was declared but never referenced
assembling PID_stm32.s...
assembling cr4_fft_64_stm32.s...
compiling OS_Buttons.c...
compiling OS_DataStructures.c...
compiling OS_Threads.c...
OS_Threads.c(159): warning:  #177-D: variable "head" was declared but never referenced
compiling OS_Time.c...
compiling OS.c...
linking...
Program Size: Code=13268 RO-data=760 RW-data=208 ZI-data=43208  
"OLED.axf" - 0 Error(s), 5 Warning(s).
Load "Z:\\Dropbox\\EE445M\\Lab3_Performance\\OLED.AXF" 
Connecting: Mode=JTAG, Speed=1000000Hz
Erase Done.
Programming Done.
Verify OK.
Rebuild target 'OLED'
assembling Startup.s...
compiling Output.c...
compiling rit128x96x4.c...
compiling OS_Critical.c...
compiling shell.c...
shell.c(178): warning:  #177-D: variable "i" was declared but never referenced
shell.c(179): warning:  #177-D: variable "str" was declared but never referenced
shell.c(154): warning:  #177-D: function "_SH_Parse_Command" was declared but never referenced
compiling UART.c...
assembling osasm.s...
compiling Lab2Main.c...
compiling ADC.c...
..\Lab2_Final\ADC.c(149): warning:  #177-D: function "_ADC_DisableNVICInterrupt" was declared but never referenced
assembling PID_stm32.s...
assembling cr4_fft_64_stm32.s...
compiling OS_Buttons.c...
compiling OS_DataStructures.c...
compiling OS_Threads.c...
OS_Threads.c(159): warning:  #177-D: variable "head" was declared but never referenced
compiling OS_Time.c...
compiling OS.c...
linking...
Program Size: Code=13268 RO-data=760 RW-data=208 ZI-data=43208  
"OLED.axf" - 0 Error(s), 5 Warning(s).
Load "Z:\\Dropbox\\EE445M\\Lab3_Performance\\OLED.AXF" 
Connecting: Mode=JTAG, Speed=1000000Hz
Erase Done.
Programming Done.
Verify OK.
Rebuild target 'OLED'
assembling Startup.s...
compiling Output.c...
compiling rit128x96x4.c...
compiling OS_Critical.c...
compiling shell.c...
shell.c(178): warning:  #177-D: variable "i" was declared but never referenced
shell.c(179): warning:  #177-D: variable "str" was declared but never referenced
shell.c(154): warning:  #177-D: function "_SH_Parse_Command" was declared but never referenced
compiling UART.c...
assembling osasm.s...
compiling Lab2Main.c...
compiling ADC.c...
..\Lab2_Final\ADC.c(149): warning:  #177-D: function "_ADC_DisableNVICInterrupt" was declared but never referenced
assembling PID_stm32.s...
assembling cr4_fft_64_stm32.s...
compiling OS_Buttons.c...
compiling OS_DataStructures.c...
compiling OS_Threads.c...
OS_Threads.c(159): warning:  #177-D: variable "head" was declared but never referenced
compiling OS_Time.c...
compiling OS.c...
linking...
Program Size: Code=13268 RO-data=760 RW-data=208 ZI-data=43208  
"OLED.axf" - 0 Error(s), 5 Warning(s).
Load "Z:\\Dropbox\\EE445M\\Lab3_Performance\\OLED.AXF" 
Connecting: Mode=JTAG, Speed=1000000Hz
Erase Done.
Programming Done.
Verify OK.
Rebuild target 'OLED'
assembling Startup.s...
compiling Output.c...
compiling rit128x96x4.c...
compiling OS_Critical.c...
compiling shell.c...
shell.c(178): warning:  #177-D: variable "i" was declared but never referenced
shell.c(179): warning:  #177-D: variable "str" was declared but never referenced
shell.c(154): warning:  #177-D: function "_SH_Parse_Command" was declared but never referenced
compiling UART.c...
assembling osasm.s...
compiling Lab2Main.c...
compiling ADC.c...
..\Lab2_Final\ADC.c(149): warning:  #177-D: function "_ADC_DisableNVICInterrupt" was declared but never referenced
assembling PID_stm32.s...
assembling cr4_fft_64_stm32.s...
compiling OS_Buttons.c...
compiling OS_DataStructures.c...
compiling OS_Threads.c...
OS_Threads.c(159): warning:  #177-D: variable "head" was declared but never referenced
compiling OS_Time.c...
compiling OS.c...
linking...
Program Size: Code=13268 RO-data=760 RW-data=208 ZI-data=43208  
"OLED.axf" - 0 Error(s), 5 Warning(s).
Load "Z:\\Dropbox\\EE445M\\Lab3_Performance\\OLED.AXF" 
Connecting: Mode=JTAG, Speed=1000000Hz
Erase Done.
Programming Done.
Verify OK.
Rebuild target 'OLED'
assembling Startup.s...
compiling Output.c...
compiling rit128x96x4.c...
compiling OS_Critical.c...
compiling shell.c...
shell.c(178): warning:  #177-D: variable "i" was declared but never referenced
shell.c(179): warning:  #177-D: variable "str" was declared but never referenced
shell.c(154): warning:  #177-D: function "_SH_Parse_Command" was declared but never referenced
compiling UART.c...
assembling osasm.s...
compiling Lab2Main.c...
compiling ADC.c...
..\Lab2_Final\ADC.c(149): warning:  #177-D: function "_ADC_DisableNVICInterrupt" was declared but never referenced
assembling PID_stm32.s...
assembling cr4_fft_64_stm32.s...
compiling OS_Buttons.c...
compiling OS_DataStructures.c...
compiling OS_Threads.c...
OS_Threads.c(159): warning:  #177-D: variable "head" was declared but never referenced
compiling OS_Time.c...
compiling OS.c...
linking...
Program Size: Code=13268 RO-data=760 RW-data=208 ZI-data=43208  
"OLED.axf" - 0 Error(s), 5 Warning(s).
Load "Z:\\Dropbox\\EE445M\\Lab3_Performance\\OLED.AXF" 
Connecting: Mode=JTAG, Speed=1000000Hz
Erase Done.
Programming Done.
Verify OK.
Rebuild target 'OLED'
assembling Startup.s...
compiling Output.c...
compiling rit128x96x4.c...
compiling OS_Critical.c...
compiling shell.c...
shell.c(178): warning:  #177-D: variable "i" was declared but never referenced
shell.c(179): warning:  #177-D: variable "str" was declared but never referenced
shell.c(154): warning:  #177-D: function "_SH_Parse_Command" was declared but never referenced
compiling UART.c...
assembling osasm.s...
compiling Lab2Main.c...
compiling ADC.c...
..\Lab2_Final\ADC.c(149): warning:  #177-D: function "_ADC_DisableNVICInterrupt" was declared but never referenced
assembling PID_stm32.s...
assembling cr4_fft_64_stm32.s...
compiling OS_Buttons.c...
compiling OS_DataStructures.c...
compiling OS_Threads.c...
OS_Threads.c(159): warning:  #177-D: variable "head" was declared but never referenced
compiling OS_Time.c...
compiling OS.c...
linking...
Program Size: Code=13264 RO-data=760 RW-data=208 ZI-data=43208  
"OLED.axf" - 0 Error(s), 5 Warning(s).
Load "Z:\\Dropbox\\EE445M\\Lab3_Performance\\OLED.AXF" 
Connecting: Mode=JTAG, Speed=1000000Hz
Erase Done.
Programming Done.
Verify OK.
Rebuild target 'OLED'
assembling Startup.s...
compiling Output.c...
compiling rit128x96x4.c...
compiling OS_Critical.c...
compiling shell.c...
shell.c(178): warning:  #177-D: variable "i" was declared but never referenced
shell.c(179): warning:  #177-D: variable "str" was declared but never referenced
shell.c(154): warning:  #177-D: function "_SH_Parse_Command" was declared but never referenced
compiling UART.c...
assembling osasm.s...
compiling Lab2Main.c...
compiling ADC.c...
..\Lab2_Final\ADC.c(149): warning:  #177-D: function "_ADC_DisableNVICInterrupt" was declared but never referenced
assembling PID_stm32.s...
assembling cr4_fft_64_stm32.s...
compiling OS_Buttons.c...
compiling OS_DataStructures.c...
compiling OS_Threads.c...
OS_Threads.c(159): warning:  #177-D: variable "head" was declared but never referenced
compiling OS_Time.c...
compiling OS.c...
linking...
Program Size: Code=13268 RO-data=760 RW-data=208 ZI-data=43208  
"OLED.axf" - 0 Error(s), 5 Warning(s).
Load "Z:\\Dropbox\\EE445M\\Lab3_Performance\\OLED.AXF" 
Connecting: Mode=JTAG, Speed=1000000Hz
Erase Done.
Programming Done.
Verify OK.
Rebuild target 'OLED'
assembling Startup.s...
compiling Output.c...
compiling rit128x96x4.c...
compiling OS_Critical.c...
compiling shell.c...
shell.c(178): warning:  #177-D: variable "i" was declared but never referenced
shell.c(179): warning:  #177-D: variable "str" was declared but never referenced
shell.c(154): warning:  #177-D: function "_SH_Parse_Command" was declared but never referenced
compiling UART.c...
assembling osasm.s...
compiling Lab2Main.c...
compiling ADC.c...
..\Lab2_Final\ADC.c(149): warning:  #177-D: function "_ADC_DisableNVICInterrupt" was declared but never referenced
assembling PID_stm32.s...
assembling cr4_fft_64_stm32.s...
compiling OS_Buttons.c...
compiling OS_DataStructures.c...
compiling OS_Threads.c...
OS_Threads.c(159): warning:  #177-D: variable "head" was declared but never referenced
compiling OS_Time.c...
compiling OS.c...
linking...
Program Size: Code=13278 RO-data=762 RW-data=208 ZI-data=43208  
"OLED.axf" - 0 Error(s), 5 Warning(s).
Rebuild target 'OLED'
assembling Startup.s...
compiling Output.c...
compiling rit128x96x4.c...
compiling OS_Critical.c...
compiling shell.c...
shell.c(178): warning:  #177-D: variable "i" was declared but never referenced
shell.c(179): warning:  #177-D: variable "str" was declared but never referenced
shell.c(154): warning:  #177-D: function "_SH_Parse_Command" was declared but never referenced
compiling UART.c...
assembling osasm.s...
compiling Lab2Main.c...
compiling ADC.c...
..\Lab2_Final\ADC.c(149): warning:  #177-D: function "_ADC_DisableNVICInterrupt" was declared but never referenced
assembling PID_stm32.s...
assembling cr4_fft_64_stm32.s...
compiling OS_Buttons.c...
compiling OS_DataStructures.c...
compiling OS_Threads.c...
OS_Threads.c(159): warning:  #177-D: variable "head" was declared but never referenced
compiling OS_Time.c...
compiling OS.c...
linking...
Program Size: Code=13278 RO-data=762 RW-data=208 ZI-data=43208  
"OLED.axf" - 0 Error(s), 5 Warning(s).
Load "Z:\\Dropbox\\EE445M\\Lab3_Performance\\OLED.AXF" 
Connecting: Mode=JTAG, Speed=1000000Hz
Erase Done.
Programming Done.
Verify OK.
Load "Z:\\Dropbox\\EE445M\\Lab3_Performance\\OLED.AXF" 
Connecting: Mode=JTAG, Speed=1000000Hz
Erase Done.
Programming Done.
Verify OK.
Rebuild target 'OLED'
assembling Startup.s...
compiling Output.c...
compiling rit128x96x4.c...
compiling OS_Critical.c...
compiling shell.c...
shell.c(178): warning:  #177-D: variable "i" was declared but never referenced
shell.c(179): warning:  #177-D: variable "str" was declared but never referenced
shell.c(154): warning:  #177-D: function "_SH_Parse_Command" was declared but never referenced
compiling UART.c...
assembling osasm.s...
compiling Lab2Main.c...
compiling ADC.c...
..\Lab2_Final\ADC.c(149): warning:  #177-D: function "_ADC_DisableNVICInterrupt" was declared but never referenced
assembling PID_stm32.s...
assembling cr4_fft_64_stm32.s...
compiling OS_Buttons.c...
compiling OS_DataStructures.c...
compiling OS_Threads.c...
OS_Threads.c(159): warning:  #177-D: variable "head" was declared but never referenced
compiling OS_Time.c...
compiling OS.c...
linking...
Program Size: Code=13278 RO-data=762 RW-data=208 ZI-data=43208  
"OLED.axf" - 0 Error(s), 5 Warning(s).
Load "Z:\\Dropbox\\EE445M\\Lab3_Performance\\OLED.AXF" 
Connecting: Mode=JTAG, Speed=1000000Hz
Erase Done.
Programming Done.
Verify OK.
Rebuild target 'OLED'
assembling Startup.s...
compiling Output.c...
compiling rit128x96x4.c...
compiling OS_Critical.c...
compiling shell.c...
compiling UART.c...
assembling osasm.s...
compiling Lab2Main.c...
compiling ADC.c...
..\Lab2_Final\ADC.c(149): warning:  #177-D: function "_ADC_DisableNVICInterrupt" was declared but never referenced
assembling PID_stm32.s...
assembling cr4_fft_64_stm32.s...
compiling OS_Buttons.c...
compiling OS_DataStructures.c...
compiling OS_Threads.c...
OS_Threads.c(159): warning:  #177-D: variable "head" was declared but never referenced
compiling OS_Time.c...
compiling OS.c...
linking...
Program Size: Code=13146 RO-data=762 RW-data=208 ZI-data=43208  
"OLED.axf" - 0 Error(s), 2 Warning(s).
Load "Z:\\Dropbox\\EE445M\\Lab3_Performance\\OLED.AXF" 
Connecting: Mode=JTAG, Speed=1000000Hz
Erase Done.
Programming Done.
Verify OK.
Load "Z:\\Dropbox\\EE445M\\Lab3_Performance\\OLED.AXF" 
Connecting: Mode=JTAG, Speed=1000000Hz
Erase Done.
Programming Done.
Verify OK.
compiling ADC.c...
..\Lab2_Final\ADC.c(21): error:  #114: function "_ADC_EnableNVICInterrupt" was referenced but not defined
..\Lab2_Final\ADC.c(22): warning:  #177-D: function "_ADC_DisableNVICInterrupt" was declared but never referenced
..\Lab2_Final\ADC.c(23): error:  #114: function "_ADC_SetNIVCPriority" was referenced but not defined
..\Lab2_Final\ADC.c(24): warning:  #177-D: function "_ADC_ADC0_Init" was declared but never referenced
..\Lab2_Final\ADC.c(25): warning:  #177-D: function "_ADC_ADC1_Init" was declared but never referenced
..\Lab2_Final\ADC.c(26): warning:  #177-D: function "_ADC_ADC2_Init" was declared but never referenced
..\Lab2_Final\ADC.c(27): warning:  #177-D: function "_ADC_ADC3_Init" was declared but never referenced
..\Lab2_Final\ADC.c - 2 Error(s), 5 Warning(s).
compiling ADC.c...
..\Lab2_Final\ADC.c(65): warning:  #223-D: function "_ADC_SetNIVCPriority" declared implicitly
..\Lab2_Final\ADC.c(66): warning:  #223-D: function "_ADC_EnableNVICInterrupt" declared implicitly
..\Lab2_Final\ADC.c - 0 Error(s), 2 Warning(s).
compiling ADC.c...
..\Lab2_Final\ADC.c - 0 Error(s), 0 Warning(s).
compiling ADC.c...
..\Lab2_Final\ADC.c(322): error:  #513: a value of type "unsigned short *" cannot be assigned to an entity of type "unsigned short"
..\Lab2_Final\ADC.c(325): error:  #167: argument of type "unsigned short *" is incompatible with parameter of type "unsigned short"
..\Lab2_Final\ADC.c - 2 Error(s), 0 Warning(s).
compiling ADC.c...
..\Lab2_Final\ADC.c(321): error:  #142: expression must have pointer-to-object type
..\Lab2_Final\ADC.c - 1 Error(s), 0 Warning(s).
compiling ADC.c...
..\Lab2_Final\ADC.c - 0 Error(s), 0 Warning(s).
Rebuild target 'OLED'
assembling Startup.s...
compiling Output.c...
compiling rit128x96x4.c...
compiling OS_Critical.c...
compiling shell.c...
compiling UART.c...
assembling osasm.s...
compiling Lab2Main.c...
compiling ADC.c...
assembling PID_stm32.s...
assembling cr4_fft_64_stm32.s...
compiling OS_Buttons.c...
compiling OS_DataStructures.c...
compiling OS_Threads.c...
OS_Threads.c(159): warning:  #177-D: variable "head" was declared but never referenced
compiling OS_Time.c...
compiling OS.c...
linking...
Program Size: Code=12182 RO-data=762 RW-data=208 ZI-data=43208  
"OLED.axf" - 0 Error(s), 1 Warning(s).
Load "Z:\\Dropbox\\EE445M\\Lab3_Performance\\OLED.AXF" 
Connecting: Mode=JTAG, Speed=1000000Hz
Connection failed!, error code=&d
Load "Z:\\Dropbox\\EE445M\\Lab3_Performance\\OLED.AXF" 
Connecting: Mode=JTAG, Speed=1000000Hz
Erase Done.
Programming Done.
Verify OK.
